Archive member included to satisfy reference by file (symbol)

C:/Users/ferre/.pico-sdk/toolchain/14_2_Rel1/bin/../lib/gcc/arm-none-eabi/14.2.1/thumb/v6-m/nofp\libgcc.a(_dvmd_tls.o)
                              CMakeFiles/final_project_embarcatech.dir/C_/Users/ferre/.pico-sdk/sdk/2.1.1/src/rp2_common/pico_divider/divider_hardware.S.obj (__aeabi_idiv0)
C:/Users/ferre/.pico-sdk/toolchain/14_2_Rel1/bin/../lib/gcc/arm-none-eabi/14.2.1/thumb/v6-m/nofp\libg.a(libc_a-atoi.o)
                              CMakeFiles/final_project_embarcatech.dir/C_/Users/ferre/.pico-sdk/sdk/2.1.1/lib/lwip/src/core/netif.c.obj (atoi)
C:/Users/ferre/.pico-sdk/toolchain/14_2_Rel1/bin/../lib/gcc/arm-none-eabi/14.2.1/thumb/v6-m/nofp\libg.a(libc_a-calloc.o)
                              CMakeFiles/final_project_embarcatech.dir/C_/Users/ferre/.pico-sdk/sdk/2.1.1/src/rp2_common/pico_malloc/malloc.c.obj (calloc)
C:/Users/ferre/.pico-sdk/toolchain/14_2_Rel1/bin/../lib/gcc/arm-none-eabi/14.2.1/thumb/v6-m/nofp\libg.a(libc_a-callocr.o)
                              C:/Users/ferre/.pico-sdk/toolchain/14_2_Rel1/bin/../lib/gcc/arm-none-eabi/14.2.1/thumb/v6-m/nofp\libg.a(libc_a-calloc.o) (_calloc_r)
C:/Users/ferre/.pico-sdk/toolchain/14_2_Rel1/bin/../lib/gcc/arm-none-eabi/14.2.1/thumb/v6-m/nofp\libg.a(libc_a-malloc.o)
                              CMakeFiles/final_project_embarcatech.dir/C_/Users/ferre/.pico-sdk/sdk/2.1.1/src/rp2_common/pico_malloc/malloc.c.obj (malloc)
C:/Users/ferre/.pico-sdk/toolchain/14_2_Rel1/bin/../lib/gcc/arm-none-eabi/14.2.1/thumb/v6-m/nofp\libg.a(libc_a-mallocr.o)
                              C:/Users/ferre/.pico-sdk/toolchain/14_2_Rel1/bin/../lib/gcc/arm-none-eabi/14.2.1/thumb/v6-m/nofp\libg.a(libc_a-callocr.o) (_malloc_r)
C:/Users/ferre/.pico-sdk/toolchain/14_2_Rel1/bin/../lib/gcc/arm-none-eabi/14.2.1/thumb/v6-m/nofp\libg.a(libc_a-mlock.o)
                              C:/Users/ferre/.pico-sdk/toolchain/14_2_Rel1/bin/../lib/gcc/arm-none-eabi/14.2.1/thumb/v6-m/nofp\libg.a(libc_a-mallocr.o) (__malloc_lock)
C:/Users/ferre/.pico-sdk/toolchain/14_2_Rel1/bin/../lib/gcc/arm-none-eabi/14.2.1/thumb/v6-m/nofp\libg.a(libc_a-realloc.o)
                              CMakeFiles/final_project_embarcatech.dir/C_/Users/ferre/.pico-sdk/sdk/2.1.1/src/rp2_common/pico_malloc/malloc.c.obj (realloc)
C:/Users/ferre/.pico-sdk/toolchain/14_2_Rel1/bin/../lib/gcc/arm-none-eabi/14.2.1/thumb/v6-m/nofp\libg.a(libc_a-reallocr.o)
                              C:/Users/ferre/.pico-sdk/toolchain/14_2_Rel1/bin/../lib/gcc/arm-none-eabi/14.2.1/thumb/v6-m/nofp\libg.a(libc_a-realloc.o) (_realloc_r)
C:/Users/ferre/.pico-sdk/toolchain/14_2_Rel1/bin/../lib/gcc/arm-none-eabi/14.2.1/thumb/v6-m/nofp\libg.a(libc_a-strtol.o)
                              C:/Users/ferre/.pico-sdk/toolchain/14_2_Rel1/bin/../lib/gcc/arm-none-eabi/14.2.1/thumb/v6-m/nofp\libg.a(libc_a-atoi.o) (_strtol_r)
C:/Users/ferre/.pico-sdk/toolchain/14_2_Rel1/bin/../lib/gcc/arm-none-eabi/14.2.1/thumb/v6-m/nofp\libg.a(libc_a-ctype_.o)
                              CMakeFiles/final_project_embarcatech.dir/C_/Users/ferre/.pico-sdk/sdk/2.1.1/lib/lwip/src/core/dns.c.obj (_ctype_)
C:/Users/ferre/.pico-sdk/toolchain/14_2_Rel1/bin/../lib/gcc/arm-none-eabi/14.2.1/thumb/v6-m/nofp\libg.a(libc_a-memcmp.o)
                              CMakeFiles/final_project_embarcatech.dir/C_/Users/ferre/.pico-sdk/sdk/2.1.1/src/rp2_common/pico_atomic/atomic.c.obj (memcmp)
C:/Users/ferre/.pico-sdk/toolchain/14_2_Rel1/bin/../lib/gcc/arm-none-eabi/14.2.1/thumb/v6-m/nofp\libg.a(libc_a-memmove.o)
                              CMakeFiles/final_project_embarcatech.dir/C_/Users/ferre/.pico-sdk/sdk/2.1.1/lib/lwip/src/core/def.c.obj (memmove)
C:/Users/ferre/.pico-sdk/toolchain/14_2_Rel1/bin/../lib/gcc/arm-none-eabi/14.2.1/thumb/v6-m/nofp\libg.a(libc_a-strncmp.o)
                              CMakeFiles/final_project_embarcatech.dir/C_/Users/ferre/.pico-sdk/sdk/2.1.1/lib/lwip/src/core/def.c.obj (strncmp)
C:/Users/ferre/.pico-sdk/toolchain/14_2_Rel1/bin/../lib/gcc/arm-none-eabi/14.2.1/thumb/v6-m/nofp\libg.a(libc_a-lcltime_r.o)
                              CMakeFiles/final_project_embarcatech.dir/C_/Users/ferre/.pico-sdk/sdk/2.1.1/src/common/pico_util/datetime.c.obj (localtime_r)
C:/Users/ferre/.pico-sdk/toolchain/14_2_Rel1/bin/../lib/gcc/arm-none-eabi/14.2.1/thumb/v6-m/nofp\libg.a(libc_a-mktime.o)
                              CMakeFiles/final_project_embarcatech.dir/C_/Users/ferre/.pico-sdk/sdk/2.1.1/src/common/pico_util/datetime.c.obj (mktime)
C:/Users/ferre/.pico-sdk/toolchain/14_2_Rel1/bin/../lib/gcc/arm-none-eabi/14.2.1/thumb/v6-m/nofp\libg.a(libc_a-month_lengths.o)
                              C:/Users/ferre/.pico-sdk/toolchain/14_2_Rel1/bin/../lib/gcc/arm-none-eabi/14.2.1/thumb/v6-m/nofp\libg.a(libc_a-lcltime_r.o) (__month_lengths)
C:/Users/ferre/.pico-sdk/toolchain/14_2_Rel1/bin/../lib/gcc/arm-none-eabi/14.2.1/thumb/v6-m/nofp\libg.a(libc_a-tzcalc_limits.o)
[...]
Memory Configuration

Name             Origin             Length             Attributes
FLASH            0x10000000         0x00200000         xr
RAM              0x20000000         0x00040000         xrw
SCRATCH_X        0x20040000         0x00001000         xrw
SCRATCH_Y        0x20041000         0x00001000         xrw
*default*        0x00000000         0xffffffff

Linker script and memory map

LOAD C:/Users/ferre/.pico-sdk/toolchain/14_2_Rel1/bin/../lib/gcc/arm-none-eabi/14.2.1/thumb/v6-m/nofp/crti.o
LOAD C:/Users/ferre/.pico-sdk/toolchain/14_2_Rel1/bin/../lib/gcc/arm-none-eabi/14.2.1/thumb/v6-m/nofp/crtbegin.o
LOAD C:/Users/ferre/.pico-sdk/toolchain/14_2_Rel1/bin/../lib/gcc/arm-none-eabi/14.2.1/thumb/v6-m/nofp/crt0.o

.flash_begin    0x10000000        0x0
                0x10000000                        __flash_binary_start = .

.boot2          0x10000000      0x100
                0x10000000                        __boot2_start__ = .
 *(.boot2)
 .boot2         0x10000000      0x100 pico-sdk/src/rp2040/boot_stage2/CMakeFiles/bs2_default_library.dir/./bs2_default_padded_checksummed.S.obj
                0x10000100                        __boot2_end__ = .
                0x00000001                        ASSERT (((__boot2_end__ - __boot2_start__) == 0x100), ERROR: Pico second stage bootloader must be 256 bytes in size)

.text           0x10000100    0x16fe4
                0x10000100                        __logical_binary_start = .
 *(.vectors)
 .vectors       0x10000100       0xd4 CMakeFiles/final_project_embarcatech.dir/C_/Users/ferre/.pico-sdk/sdk/2.1.1/src/rp2_common/pico_crt0/crt0.S.obj
                0x10000100                __VECTOR_TABLE
                0x10000100                __vectors
                0x100001c0                isr_invalid
                0x100001c0                __default_isrs_start
                0x100001c2                isr_nmi
                0x100001c4                isr_hardfault
                0x100001c6                isr_svcall
                0x100001c8                isr_pendsv
                0x100001ca                isr_systick
                0x100001cc                isr_irq23
                0x100001cc                isr_irq18
                0x100001cc                isr_irq11
                0x100001cc                isr_irq28
                0x100001cc                isr_irq19
                0x100001cc                isr_irq0
                0x100001cc                isr_irq6
                0x100001cc                isr_irq5
                0x100001cc                isr_irq12
                0x100001cc                isr_irq22
                0x100001cc                isr_irq31
                0x100001cc                isr_irq17
                0x100001cc                isr_irq27
                0x100001cc                isr_irq30
                0x100001cc                isr_irq2
                0x100001cc                isr_irq10
                0x100001cc                isr_irq8
                0x100001cc                isr_irq24
                0x100001cc                isr_irq1
                0x100001cc                isr_irq7
                0x100001cc                isr_irq21
                0x100001cc                isr_irq20
                0x100001cc                isr_irq15
                0x100001cc                isr_irq25
                0x100001cc                isr_irq13
                0x100001cc                __unhandled_user_irq
                0x100001cc                isr_irq4
                0x100001cc                isr_irq16
                0x100001cc                isr_irq29
                0x100001cc                isr_irq26
                0x100001cc                __default_isrs_end
                0x100001cc                isr_irq3
                0x100001cc                isr_irq14
                0x100001cc                isr_irq9
                0x100001d2                unhandled_user_irq_num_in_r0
 *(.binary_info_header)
 .binary_info_header
                0x100001d4       0x14 CMakeFiles/final_project_embarcatech.dir/C_/Users/ferre/.pico-sdk/sdk/2.1.1/src/rp2_common/pico_crt0/crt0.S.obj
                0x100001e8                        __binary_info_header_end = .
 *(.embedded_block)
                0x100001e8                        __embedded_block_end = .
 *(.reset)
 .reset         0x100001e8       0x9c CMakeFiles/final_project_embarcatech.dir/C_/Users/ferre/.pico-sdk/sdk/2.1.1/src/rp2_common/pico_crt0/crt0.S.obj
                0x100001e8                _entry_point
 *(.init)
 .init          0x10000284        0x4 C:/Users/ferre/.pico-sdk/toolchain/14_2_Rel1/bin/../lib/gcc/arm-none-eabi/14.2.1/thumb/v6-m/nofp/crti.o
                0x10000284                _init
 *(EXCLUDE_FILE(*libm.a: *libc.a:*lib_a-mem*.o *libgcc.a:) .text*)
 .text.register_tm_clones
                0x10000288       0x28 C:/Users/ferre/.pico-sdk/toolchain/14_2_Rel1/bin/../lib/gcc/arm-none-eabi/14.2.1/thumb/v6-m/nofp/crtbegin.o
 .text.frame_dummy
                0x100002b0       0x24 C:/Users/ferre/.pico-sdk/toolchain/14_2_Rel1/bin/../lib/gcc/arm-none-eabi/14.2.1/thumb/v6-m/nofp/crtbegin.o
 .text.alarm_callback
                0x100002d4        0x8 CMakeFiles/final_project_embarcatech.dir/main.c.obj
                0x100002d4                alarm_callback
 .text.startup.main
                0x100002dc      0x1ec CMakeFiles/final_project_embarcatech.dir/main.c.obj
                0x100002dc                main
 .text.joystick_init
                0x100004c8       0x44 CMakeFiles/final_project_embarcatech.dir/src/joystick.c.obj
                0x100004c8                joystick_init
 .text.joystick_read
                0x1000050c       0x60 CMakeFiles/final_project_embarcatech.dir/src/joystick.c.obj
                0x1000050c                joystick_read
 .text.oled_display_init
                0x1000056c       0x30 CMakeFiles/final_project_embarcatech.dir/src/oled_display.c.obj
                0x1000056c                oled_display_init
 .text.oled_display_show_position
                0x1000059c       0x34 CMakeFiles/final_project_embarcatech.dir/src/oled_display.c.obj
                0x1000059c                oled_display_show_position
 .text.rgb_led_init
                0x100005d0       0x30 CMakeFiles/final_project_embarcatech.dir/src/rgb_led.c.obj
                0x100005d0                rgb_led_init
 .text.rgb_led_set_color
                0x10000600       0x50 CMakeFiles/final_project_embarcatech.dir/src/rgb_led.c.obj
                0x10000600                rgb_led_set_color
 .text.ssd1306_clear
                0x10000650       0x10 CMakeFiles/final_project_embarcatech.dir/src/ssd1306.c.obj
                0x10000650                ssd1306_clear
 .text.ssd1306_show
                0x10000660       0xac CMakeFiles/final_project_embarcatech.dir/src/ssd1306.c.obj
                0x10000660                ssd1306_show
 .text.ssd1306_init
                0x1000070c      0x2a8 CMakeFiles/final_project_embarcatech.dir/src/ssd1306.c.obj
                0x1000070c                ssd1306_init
 .text.ssd1306_draw_string
                0x100009b4       0x98 CMakeFiles/final_project_embarcatech.dir/src/ssd1306.c.obj
                0x100009b4                ssd1306_draw_string
 .text.connection_callback
                0x10000a4c       0x14 CMakeFiles/final_project_embarcatech.dir/src/wifi.c.obj
 .text.http_callback
                0x10000a60       0x64 CMakeFiles/final_project_embarcatech.dir/src/wifi.c.obj
 .text.wifi_init
                0x10000ac4       0xb8 CMakeFiles/final_project_embarcatech.dir/src/wifi.c.obj
                0x10000ac4                wifi_init
 .text.gpio_set_function
                0x10000b7c       0x34 CMakeFiles/final_project_embarcatech.dir/C_/Users/ferre/.pico-sdk/sdk/2.1.1/src/rp2_common/hardware_gpio/gpio.c.obj
                0x10000b7c                gpio_set_function
 .text.gpio_set_pulls
                0x10000bb0       0x28 CMakeFiles/final_project_embarcatech.dir/C_/Users/ferre/.pico-sdk/sdk/2.1.1/src/rp2_common/hardware_gpio/gpio.c.obj
                0x10000bb0                gpio_set_pulls
 .text.gpio_set_input_hysteresis_enabled
                0x10000bd8       0x28 CMakeFiles/final_project_embarcatech.dir/C_/Users/ferre/.pico-sdk/sdk/2.1.1/src/rp2_common/hardware_gpio/gpio.c.obj
                0x10000bd8                gpio_set_input_hysteresis_enabled
 .text.gpio_set_irq_enabled
                0x10000c00       0x58 CMakeFiles/final_project_embarcatech.dir/C_/Users/ferre/.pico-sdk/sdk/2.1.1/src/rp2_common/hardware_gpio/gpio.c.obj
                0x10000c00                gpio_set_irq_enabled
 .text.gpio_add_raw_irq_handler_with_order_priority_masked
                0x10000c58       0x44 CMakeFiles/final_project_embarcatech.dir/C_/Users/ferre/.pico-sdk/sdk/2.1.1/src/rp2_common/hardware_gpio/gpio.c.obj
                0x10000c58                gpio_add_raw_irq_handler_with_order_priority_masked
 .text.gpio_remove_raw_irq_handler_masked
                0x10000c9c       0x20 CMakeFiles/final_project_embarcatech.dir/C_/Users/ferre/.pico-sdk/sdk/2.1.1/src/rp2_common/hardware_gpio/gpio.c.obj
                0x10000c9c                gpio_remove_raw_irq_handler_masked
 .text.gpio_set_input_enabled
                0x10000cbc       0x28 CMakeFiles/final_project_embarcatech.dir/C_/Users/ferre/.pico-sdk/sdk/2.1.1/src/rp2_common/hardware_gpio/gpio.c.obj
                0x10000cbc                gpio_set_input_enabled
 .text.gpio_init
                0x10000ce4       0x40 CMakeFiles/final_project_embarcatech.dir/C_/Users/ferre/.pico-sdk/sdk/2.1.1/src/rp2_common/hardware_gpio/gpio.c.obj
                0x10000ce4                gpio_init
 .text.rp2040_chip_version
                0x10000d24        0xc CMakeFiles/final_project_embarcatech.dir/C_/Users/ferre/.pico-sdk/sdk/2.1.1/src/rp2040/pico_platform/platform.c.obj
                0x10000d24                rp2040_chip_version
 .text.panic    0x10000d30       0x30 CMakeFiles/final_project_embarcatech.dir/C_/Users/ferre/.pico-sdk/sdk/2.1.1/src/rp2_common/pico_platform_panic/panic.c.obj
                0x10000d30                panic
 .text.hw_claim_lock
                0x10000d60       0x18 CMakeFiles/final_project_embarcatech.dir/C_/Users/ferre/.pico-sdk/sdk/2.1.1/src/common/hardware_claim/claim.c.obj
                0x10000d60                hw_claim_lock
 .text.hw_claim_unlock
                0x10000d78       0x14 CMakeFiles/final_project_embarcatech.dir/C_/Users/ferre/.pico-sdk/sdk/2.1.1/src/common/hardware_claim/claim.c.obj
                0x10000d78                hw_claim_unlock
 .text.hw_claim_or_assert
                0x10000d8c       0x44 CMakeFiles/final_project_embarcatech.dir/C_/Users/ferre/.pico-sdk/sdk/2.1.1/src/common/hardware_claim/claim.c.obj
                0x10000d8c                hw_claim_or_assert
 .text.hw_claim_unused_from_range
                0x10000dd0       0x88 CMakeFiles/final_project_embarcatech.dir/C_/Users/ferre/.pico-sdk/sdk/2.1.1/src/common/hardware_claim/claim.c.obj
                0x10000dd0                hw_claim_unused_from_range
 .text.hw_claim_clear
                0x10000e58       0x38 CMakeFiles/final_project_embarcatech.dir/C_/Users/ferre/.pico-sdk/sdk/2.1.1/src/common/hardware_claim/claim.c.obj
                0x10000e58                hw_claim_clear
 .text.next_striped_spin_lock_num
                0x10000e90       0x18 CMakeFiles/final_project_embarcatech.dir/C_/Users/ferre/.pico-sdk/sdk/2.1.1/src/rp2_common/hardware_sync/sync.c.obj
                0x10000e90                next_striped_spin_lock_num
 .text.spin_lock_claim_unused
                0x10000ea8       0x24 CMakeFiles/final_project_embarcatech.dir/C_/Users/ferre/.pico-sdk/sdk/2.1.1/src/rp2_common/hardware_sync/sync.c.obj
                0x10000ea8                spin_lock_claim_unused
 .text.spin_locks_reset
                0x10000ecc       0x1c CMakeFiles/final_project_embarcatech.dir/C_/Users/ferre/.pico-sdk/sdk/2.1.1/src/rp2_common/hardware_sync_spin_lock/sync_spin_lock.c.obj
                0x10000ecc                spin_locks_reset
 .text.runtime_init_per_core_irq_priorities
                0x10000ee8       0x24 CMakeFiles/final_project_embarcatech.dir/C_/Users/ferre/.pico-sdk/sdk/2.1.1/src/rp2_common/hardware_irq/irq.c.obj
                0x10000ee8                runtime_init_per_core_irq_priorities
 .text.irq_set_enabled
                0x10000f0c       0x24 CMakeFiles/final_project_embarcatech.dir/C_/Users/ferre/.pico-sdk/sdk/2.1.1/src/rp2_common/hardware_irq/irq.c.obj
                0x10000f0c                irq_set_enabled
 .text.irq_is_enabled
                0x10000f30       0x18 CMakeFiles/final_project_embarcatech.dir/C_/Users/ferre/.pico-sdk/sdk/2.1.1/src/rp2_common/hardware_irq/irq.c.obj
                0x10000f30                irq_is_enabled
 .text.irq_set_pending
                0x10000f48       0x10 CMakeFiles/final_project_embarcatech.dir/C_/Users/ferre/.pico-sdk/sdk/2.1.1/src/rp2_common/hardware_irq/irq.c.obj
                0x10000f48                irq_set_pending
 .text.irq_has_shared_handler
                0x10000f58       0x24 CMakeFiles/final_project_embarcatech.dir/C_/Users/ferre/.pico-sdk/sdk/2.1.1/src/rp2_common/hardware_irq/irq.c.obj
                0x10000f58                irq_has_shared_handler
 .text.irq_set_exclusive_handler
                0x10000f7c       0x54 CMakeFiles/final_project_embarcatech.dir/C_/Users/ferre/.pico-sdk/sdk/2.1.1/src/rp2_common/hardware_irq/irq.c.obj
                0x10000f7c                irq_set_exclusive_handler
 .text.irq_add_shared_handler
                0x10000fd0      0x1f4 CMakeFiles/final_project_embarcatech.dir/C_/Users/ferre/.pico-sdk/sdk/2.1.1/src/rp2_common/hardware_irq/irq.c.obj
                0x10000fd0                irq_add_shared_handler
 .text.irq_remove_handler
                0x100011c4      0x1d4 CMakeFiles/final_project_embarcatech.dir/C_/Users/ferre/.pico-sdk/sdk/2.1.1/src/rp2_common/hardware_irq/irq.c.obj
                0x100011c4                irq_remove_handler
 .text.irq_set_priority
                0x10001398       0x28 CMakeFiles/final_project_embarcatech.dir/C_/Users/ferre/.pico-sdk/sdk/2.1.1/src/rp2_common/hardware_irq/irq.c.obj
                0x10001398                irq_set_priority
 .text.irq_add_tail_to_free_list
                0x100013c0       0xb4 CMakeFiles/final_project_embarcatech.dir/C_/Users/ferre/.pico-sdk/sdk/2.1.1/src/rp2_common/hardware_irq/irq.c.obj
                0x100013c0                irq_add_tail_to_free_list
 .text.user_irq_unclaim
                0x10001474       0x14 CMakeFiles/final_project_embarcatech.dir/C_/Users/ferre/.pico-sdk/sdk/2.1.1/src/rp2_common/hardware_irq/irq.c.obj
                0x10001474                user_irq_unclaim
 .text.user_irq_claim_unused
                0x10001488       0x2c CMakeFiles/final_project_embarcatech.dir/C_/Users/ferre/.pico-sdk/sdk/2.1.1/src/rp2_common/hardware_irq/irq.c.obj
                0x10001488                user_irq_claim_unused
 .text.sem_init
                0x100014b4       0x20 CMakeFiles/final_project_embarcatech.dir/C_/Users/ferre/.pico-sdk/sdk/2.1.1/src/common/pico_sync/sem.c.obj
                0x100014b4                sem_init
 .text.lock_init
                0x100014d4       0x10 CMakeFiles/final_project_embarcatech.dir/C_/Users/ferre/.pico-sdk/sdk/2.1.1/src/common/pico_sync/lock_core.c.obj
                0x100014d4                lock_init
 .text.runtime_init_mutex
                0x100014e4       0x50 CMakeFiles/final_project_embarcatech.dir/C_/Users/ferre/.pico-sdk/sdk/2.1.1/src/common/pico_sync/mutex.c.obj
                0x100014e4                runtime_init_mutex
 .text.mutex_init
                0x10001534       0x1c CMakeFiles/final_project_embarcatech.dir/C_/Users/ferre/.pico-sdk/sdk/2.1.1/src/common/pico_sync/mutex.c.obj
                0x10001534                mutex_init
 .text.recursive_mutex_init
                0x10001550       0x1c CMakeFiles/final_project_embarcatech.dir/C_/Users/ferre/.pico-sdk/sdk/2.1.1/src/common/pico_sync/mutex.c.obj
                0x10001550                recursive_mutex_init
 .text.critical_section_init
                0x1000156c       0x1c CMakeFiles/final_project_embarcatech.dir/C_/Users/ferre/.pico-sdk/sdk/2.1.1/src/common/pico_sync/critical_section.c.obj
                0x1000156c                critical_section_init
 .text.critical_section_init_with_lock_num
                0x10001588       0x14 CMakeFiles/final_project_embarcatech.dir/C_/Users/ferre/.pico-sdk/sdk/2.1.1/src/common/pico_sync/critical_section.c.obj
                0x10001588                critical_section_init_with_lock_num
 .text.sleep_until_callback
                0x1000159c       0x30 CMakeFiles/final_project_embarcatech.dir/C_/Users/ferre/.pico-sdk/sdk/2.1.1/src/common/pico_time/time.c.obj
 .text.alarm_pool_irq_handler
                0x100015cc      0x300 CMakeFiles/final_project_embarcatech.dir/C_/Users/ferre/.pico-sdk/sdk/2.1.1/src/common/pico_time/time.c.obj
 .text.runtime_init_default_alarm_pool
                0x100018cc       0xdc CMakeFiles/final_project_embarcatech.dir/C_/Users/ferre/.pico-sdk/sdk/2.1.1/src/common/pico_time/time.c.obj
                0x100018cc                runtime_init_default_alarm_pool
 .text.alarm_pool_get_default
                0x100019a8        0x8 CMakeFiles/final_project_embarcatech.dir/C_/Users/ferre/.pico-sdk/sdk/2.1.1/src/common/pico_time/time.c.obj
                0x100019a8                alarm_pool_get_default
 .text.alarm_pool_add_alarm_at
                0x100019b0       0xd0 CMakeFiles/final_project_embarcatech.dir/C_/Users/ferre/.pico-sdk/sdk/2.1.1/src/common/pico_time/time.c.obj
                0x100019b0                alarm_pool_add_alarm_at
 .text.alarm_pool_add_alarm_at_force_in_context
                0x10001a80       0xb0 CMakeFiles/final_project_embarcatech.dir/C_/Users/ferre/.pico-sdk/sdk/2.1.1/src/common/pico_time/time.c.obj
                0x10001a80                alarm_pool_add_alarm_at_force_in_context
 .text.alarm_pool_cancel_alarm
                0x10001b30       0x74 CMakeFiles/final_project_embarcatech.dir/C_/Users/ferre/.pico-sdk/sdk/2.1.1/src/common/pico_time/time.c.obj
                0x10001b30                alarm_pool_cancel_alarm
 .text.alarm_pool_core_num
                0x10001ba4        0x4 CMakeFiles/final_project_embarcatech.dir/C_/Users/ferre/.pico-sdk/sdk/2.1.1/src/common/pico_time/time.c.obj
                0x10001ba4                alarm_pool_core_num
 .text.sleep_until
                0x10001ba8       0xd0 CMakeFiles/final_project_embarcatech.dir/C_/Users/ferre/.pico-sdk/sdk/2.1.1/src/common/pico_time/time.c.obj
                0x10001ba8                sleep_until
 .text.sleep_ms
                0x10001c78       0xfc CMakeFiles/final_project_embarcatech.dir/C_/Users/ferre/.pico-sdk/sdk/2.1.1/src/common/pico_time/time.c.obj
                0x10001c78                sleep_ms
 .text.best_effort_wfe_or_timeout
                0x10001d74      0x10c CMakeFiles/final_project_embarcatech.dir/C_/Users/ferre/.pico-sdk/sdk/2.1.1/src/common/pico_time/time.c.obj
                0x10001d74                best_effort_wfe_or_timeout
 .text.timer_hardware_alarm_claim
                0x10001e80       0x14 CMakeFiles/final_project_embarcatech.dir/C_/Users/ferre/.pico-sdk/sdk/2.1.1/src/rp2_common/hardware_timer/timer.c.obj
                0x10001e80                timer_hardware_alarm_claim
 .text.timer_time_us_64
                0x10001e94       0x10 CMakeFiles/final_project_embarcatech.dir/C_/Users/ferre/.pico-sdk/sdk/2.1.1/src/rp2_common/hardware_timer/timer.c.obj
                0x10001e94                timer_time_us_64
 .text.time_us_64
                0x10001ea4       0x14 CMakeFiles/final_project_embarcatech.dir/C_/Users/ferre/.pico-sdk/sdk/2.1.1/src/rp2_common/hardware_timer/timer.c.obj
                0x10001ea4                time_us_64
 .text.busy_wait_until
                0x10001eb8       0x20 CMakeFiles/final_project_embarcatech.dir/C_/Users/ferre/.pico-sdk/sdk/2.1.1/src/rp2_common/hardware_timer/timer.c.obj
                0x10001eb8                busy_wait_until
 .text.clock_configure_int_divider
                0x10001ed8       0xf4 CMakeFiles/final_project_embarcatech.dir/C_/Users/ferre/.pico-sdk/sdk/2.1.1/src/rp2_common/hardware_clocks/clocks.c.obj
                0x10001ed8                clock_configure_int_divider
 .text.clock_configure_undivided
                0x10001fcc       0xe8 CMakeFiles/final_project_embarcatech.dir/C_/Users/ferre/.pico-sdk/sdk/2.1.1/src/rp2_common/hardware_clocks/clocks.c.obj
                0x10001fcc                clock_configure_undivided
 .text.clock_get_hz
                0x100020b4        0xc CMakeFiles/final_project_embarcatech.dir/C_/Users/ferre/.pico-sdk/sdk/2.1.1/src/rp2_common/hardware_clocks/clocks.c.obj
                0x100020b4                clock_get_hz
 .text.pll_init
                0x100020c0       0xa4 CMakeFiles/final_project_embarcatech.dir/C_/Users/ferre/.pico-sdk/sdk/2.1.1/src/rp2_common/hardware_pll/pll.c.obj
                0x100020c0                pll_init
 .text.watchdog_reboot
                0x10002164       0x9c CMakeFiles/final_project_embarcatech.dir/C_/Users/ferre/.pico-sdk/sdk/2.1.1/src/rp2_common/hardware_watchdog/watchdog.c.obj
                0x10002164                watchdog_reboot
 .text.tick_start
                0x10002200       0x10 CMakeFiles/final_project_embarcatech.dir/C_/Users/ferre/.pico-sdk/sdk/2.1.1/src/rp2_common/hardware_ticks/ticks.c.obj
                0x10002200                tick_start
 .text.rom_func_lookup
                0x10002210       0x10 CMakeFiles/final_project_embarcatech.dir/C_/Users/ferre/.pico-sdk/sdk/2.1.1/src/rp2_common/pico_bootrom/bootrom.c.obj
                0x10002210                rom_func_lookup
 .text.rom_data_lookup
                0x10002220       0x10 CMakeFiles/final_project_embarcatech.dir/C_/Users/ferre/.pico-sdk/sdk/2.1.1/src/rp2_common/pico_bootrom/bootrom.c.obj
                0x10002220                rom_data_lookup
 .text.rom_funcs_lookup
                0x10002230       0x44 CMakeFiles/final_project_embarcatech.dir/C_/Users/ferre/.pico-sdk/sdk/2.1.1/src/rp2_common/pico_bootrom/bootrom.c.obj
                0x10002230                rom_funcs_lookup
 .text.rom_reset_usb_boot_extra
                0x10002274       0x24 CMakeFiles/final_project_embarcatech.dir/C_/Users/ferre/.pico-sdk/sdk/2.1.1/src/rp2_common/pico_bootrom/bootrom.c.obj
                0x10002274                rom_reset_usb_boot_extra
 .text.xosc_init
                0x10002298       0x28 CMakeFiles/final_project_embarcatech.dir/C_/Users/ferre/.pico-sdk/sdk/2.1.1/src/rp2_common/hardware_xosc/xosc.c.obj
                0x10002298                xosc_init
 .text.first_per_core_initializer
                0x100022c0        0x4 CMakeFiles/final_project_embarcatech.dir/C_/Users/ferre/.pico-sdk/sdk/2.1.1/src/rp2_common/pico_runtime/runtime.c.obj
 .text.hard_assertion_failure
                0x100022c4        0xc CMakeFiles/final_project_embarcatech.dir/C_/Users/ferre/.pico-sdk/sdk/2.1.1/src/rp2_common/pico_runtime/runtime.c.obj
                0x100022c4                hard_assertion_failure
 .text.runtime_run_initializers
                0x100022d0       0x28 CMakeFiles/final_project_embarcatech.dir/C_/Users/ferre/.pico-sdk/sdk/2.1.1/src/rp2_common/pico_runtime/runtime.c.obj
                0x100022d0                runtime_run_initializers
 .text.runtime_init_early_resets
                0x100022f8       0x2c CMakeFiles/final_project_embarcatech.dir/C_/Users/ferre/.pico-sdk/sdk/2.1.1/src/rp2_common/pico_runtime_init/runtime_init.c.obj
                0x100022f8                runtime_init_early_resets
 .text.runtime_init_usb_power_down
                0x10002324       0x1c CMakeFiles/final_project_embarcatech.dir/C_/Users/ferre/.pico-sdk/sdk/2.1.1/src/rp2_common/pico_runtime_init/runtime_init.c.obj
                0x10002324                runtime_init_usb_power_down
 .text.runtime_init_post_clock_resets
                0x10002340       0x20 CMakeFiles/final_project_embarcatech.dir/C_/Users/ferre/.pico-sdk/sdk/2.1.1/src/rp2_common/pico_runtime_init/runtime_init.c.obj
                0x10002340                runtime_init_post_clock_resets
 .text.runtime_init_rp2040_gpio_ie_disable
                0x10002360       0x14 CMakeFiles/final_project_embarcatech.dir/C_/Users/ferre/.pico-sdk/sdk/2.1.1/src/rp2_common/pico_runtime_init/runtime_init.c.obj
                0x10002360                runtime_init_rp2040_gpio_ie_disable
 .text.runtime_init_spin_locks_reset
                0x10002374        0x8 CMakeFiles/final_project_embarcatech.dir/C_/Users/ferre/.pico-sdk/sdk/2.1.1/src/rp2_common/pico_runtime_init/runtime_init.c.obj
                0x10002374                runtime_init_spin_locks_reset
 .text.runtime_init_install_ram_vector_table
                0x1000237c       0x1c CMakeFiles/final_project_embarcatech.dir/C_/Users/ferre/.pico-sdk/sdk/2.1.1/src/rp2_common/pico_runtime_init/runtime_init.c.obj
                0x1000237c                runtime_init_install_ram_vector_table
 .text.runtime_init_clocks
                0x10002398       0xd8 CMakeFiles/final_project_embarcatech.dir/C_/Users/ferre/.pico-sdk/sdk/2.1.1/src/rp2_common/pico_runtime_init/runtime_init_clocks.c.obj
                0x10002398                runtime_init_clocks
 .text          0x10002470       0x10 CMakeFiles/final_project_embarcatech.dir/C_/Users/ferre/.pico-sdk/sdk/2.1.1/src/rp2_common/pico_bit_ops/bit_ops_aeabi.S.obj
 .text.ctzsi    0x10002480        0xc CMakeFiles/final_project_embarcatech.dir/C_/Users/ferre/.pico-sdk/sdk/2.1.1/src/rp2_common/pico_bit_ops/bit_ops_aeabi.S.obj
                0x10002480                __wrap___ctzsi2
 .text.__wrap___aeabi_idiv
                0x1000248c       0x50 CMakeFiles/final_project_embarcatech.dir/C_/Users/ferre/.pico-sdk/sdk/2.1.1/src/rp2_common/pico_divider/divider_hardware.S.obj
                0x1000248c                __wrap___aeabi_idivmod
                0x1000248c                divmod_s32s32
                0x1000248c                div_s32s32
                0x1000248c                __wrap___aeabi_idiv
                0x10002494                divmod_s32s32_unsafe
                0x100024c0                divmod_s32s32_savestate
 .text.__wrap___aeabi_uidiv
                0x100024dc       0x4c CMakeFiles/final_project_embarcatech.dir/C_/Users/ferre/.pico-sdk/sdk/2.1.1/src/rp2_common/pico_divider/divider_hardware.S.obj
                0x100024dc                __wrap___aeabi_uidiv
                0x100024dc                __wrap___aeabi_uidivmod
                0x100024dc                div_u32u32
                0x100024dc                divmod_u32u32
                0x100024e4                divmod_u32u32_unsafe
                0x1000250c                divmod_u32u32_savestate
 .text.__wrap___aeabi_ldiv
                0x10002528      0x424 CMakeFiles/final_project_embarcatech.dir/C_/Users/ferre/.pico-sdk/sdk/2.1.1/src/rp2_common/pico_divider/divider_hardware.S.obj
                0x10002528                div_s64s64
                0x10002528                divmod_s64s64
                0x10002528                __wrap___aeabi_ldivmod
                0x10002558                divmod_u64u64
                0x10002558                div_u64u64
                0x10002558                __wrap___aeabi_uldivmod
                0x10002568                divmod_u64u64_savestate
                0x10002588                divmod_s64s64_unsafe
                0x10002610                divmod_u64u64_unsafe
 .text.__wrap___aeabi_darithmetic
                0x1000294c       0x60 CMakeFiles/final_project_embarcatech.dir/C_/Users/ferre/.pico-sdk/sdk/2.1.1/src/rp2_common/pico_double/double_aeabi_rp2040.S.obj
                0x1000294c                __wrap___aeabi_drsub
                0x10002952                __wrap___aeabi_dsub
                0x1000295c                __wrap___aeabi_dadd
                0x10002966                __wrap___aeabi_ddiv
                0x1000299a                __wrap___aeabi_dmul
 .text.__wrap___aeabi_cdcmple
                0x100029ac       0x6c CMakeFiles/final_project_embarcatech.dir/C_/Users/ferre/.pico-sdk/sdk/2.1.1/src/rp2_common/pico_double/double_aeabi_rp2040.S.obj
                0x100029ac                __wrap___aeabi_cdrcmple
                0x100029bc                __wrap___aeabi_cdcmpeq
                0x100029bc                __wrap___aeabi_cdcmple
 .text.__wrap___aeabi_dcmplt
                0x10002a18        0xc CMakeFiles/final_project_embarcatech.dir/C_/Users/ferre/.pico-sdk/sdk/2.1.1/src/rp2_common/pico_double/double_aeabi_rp2040.S.obj
                0x10002a18                __wrap___aeabi_dcmplt
 .text.__wrap___aeabi_dcmple
                0x10002a24       0x10 CMakeFiles/final_project_embarcatech.dir/C_/Users/ferre/.pico-sdk/sdk/2.1.1/src/rp2_common/pico_double/double_aeabi_rp2040.S.obj
                0x10002a24                __wrap___aeabi_dcmple
 .text.__wrap___aeabi_dcmpge
                0x10002a34       0x10 CMakeFiles/final_project_embarcatech.dir/C_/Users/ferre/.pico-sdk/sdk/2.1.1/src/rp2_common/pico_double/double_aeabi_rp2040.S.obj
                0x10002a34                __wrap___aeabi_dcmpge
 .text.__wrap___aeabi_dcmpgt
                0x10002a44        0xa CMakeFiles/final_project_embarcatech.dir/C_/Users/ferre/.pico-sdk/sdk/2.1.1/src/rp2_common/pico_double/double_aeabi_rp2040.S.obj
                0x10002a44                __wrap___aeabi_dcmpgt
 .text.__wrap___aeabi_dcmpun
                0x10002a4e       0x18 CMakeFiles/final_project_embarcatech.dir/C_/Users/ferre/.pico-sdk/sdk/2.1.1/src/rp2_common/pico_double/double_aeabi_rp2040.S.obj
                0x10002a4e                __wrap___aeabi_dcmpun
 *fill*         0x10002a66        0x2 
 .text.__wrap___aeabi_i2d
                0x10002a68       0x38 CMakeFiles/final_project_embarcatech.dir/C_/Users/ferre/.pico-sdk/sdk/2.1.1/src/rp2_common/pico_double/double_aeabi_rp2040.S.obj
                0x10002a68                uint2double
                0x10002a68                __wrap___aeabi_ui2d
                0x10002a70                int2double
                0x10002a70                __wrap___aeabi_i2d
 .text.__wrap___aeabi_d2iz
                0x10002aa0       0x48 CMakeFiles/final_project_embarcatech.dir/C_/Users/ferre/.pico-sdk/sdk/2.1.1/src/rp2_common/pico_double/double_aeabi_rp2040.S.obj
                0x10002aa0                double2int_z
                0x10002aa0                __wrap___aeabi_d2iz
 .text.__wrap___aeabi_d2uiz
                0x10002ae8       0x10 CMakeFiles/final_project_embarcatech.dir/C_/Users/ferre/.pico-sdk/sdk/2.1.1/src/rp2_common/pico_double/double_aeabi_rp2040.S.obj
                0x10002ae8                double2uint
                0x10002ae8                __wrap___aeabi_d2uiz
                0x10002ae8                double2uint_z
 .text.missing_double_func_shim
                0x10002af8        0xc CMakeFiles/final_project_embarcatech.dir/C_/Users/ferre/.pico-sdk/sdk/2.1.1/src/rp2_common/pico_double/double_init_rom_rp2040.c.obj
 .text.__aeabi_double_init
                0x10002b04       0xa0 CMakeFiles/final_project_embarcatech.dir/C_/Users/ferre/.pico-sdk/sdk/2.1.1/src/rp2_common/pico_double/double_init_rom_rp2040.c.obj
                0x10002b04                __aeabi_double_init
 .text.double_table_shim_on_use_helper
                0x10002ba4       0x2c CMakeFiles/final_project_embarcatech.dir/C_/Users/ferre/.pico-sdk/sdk/2.1.1/src/rp2_common/pico_double/double_v1_rom_shim_rp2040.S.obj
                0x10002ba4                double_table_shim_on_use_helper
 .text.__aeabi_lmul
                0x10002bd0       0x32 CMakeFiles/final_project_embarcatech.dir/C_/Users/ferre/.pico-sdk/sdk/2.1.1/src/rp2_common/pico_int64_ops/pico_int64_ops_aeabi.S.obj
                0x10002bd0                __wrap___aeabi_lmul
 *fill*         0x10002c02        0x2 
 .text.missing_float_func_shim
                0x10002c04        0xc CMakeFiles/final_project_embarcatech.dir/C_/Users/ferre/.pico-sdk/sdk/2.1.1/src/rp2_common/pico_float/float_init_rom_rp2040.c.obj
 .text.__aeabi_float_init
                0x10002c10       0x5c CMakeFiles/final_project_embarcatech.dir/C_/Users/ferre/.pico-sdk/sdk/2.1.1/src/rp2_common/pico_float/float_init_rom_rp2040.c.obj
                0x10002c10                __aeabi_float_init
 .text          0x10002c6c       0x10 CMakeFiles/final_project_embarcatech.dir/C_/Users/ferre/.pico-sdk/sdk/2.1.1/src/rp2_common/pico_mem_ops/mem_ops_aeabi.S.obj
                0x10002c6c                __aeabi_mem_init
 .text.memset   0x10002c7c        0xc CMakeFiles/final_project_embarcatech.dir/C_/Users/ferre/.pico-sdk/sdk/2.1.1/src/rp2_common/pico_mem_ops/mem_ops_aeabi.S.obj
                0x10002c7c                __wrap_memset
 .text.memcpy   0x10002c88        0xc CMakeFiles/final_project_embarcatech.dir/C_/Users/ferre/.pico-sdk/sdk/2.1.1/src/rp2_common/pico_mem_ops/mem_ops_aeabi.S.obj
                0x10002c88                __wrap_memcpy
                0x10002c88                __wrap___aeabi_memcpy
 .text._out_buffer
                0x10002c94        0x8 CMakeFiles/final_project_embarcatech.dir/C_/Users/ferre/.pico-sdk/sdk/2.1.1/src/rp2_common/pico_printf/printf.c.obj
 .text._out_null
                0x10002c9c        0x4 CMakeFiles/final_project_embarcatech.dir/C_/Users/ferre/.pico-sdk/sdk/2.1.1/src/rp2_common/pico_printf/printf.c.obj
 .text._out_rev
                0x10002ca0       0xac CMakeFiles/final_project_embarcatech.dir/C_/Users/ferre/.pico-sdk/sdk/2.1.1/src/rp2_common/pico_printf/printf.c.obj
 .text._ntoa_format
                0x10002d4c      0x1cc CMakeFiles/final_project_embarcatech.dir/C_/Users/ferre/.pico-sdk/sdk/2.1.1/src/rp2_common/pico_printf/printf.c.obj
 .text._out_char
                0x10002f18       0x10 CMakeFiles/final_project_embarcatech.dir/C_/Users/ferre/.pico-sdk/sdk/2.1.1/src/rp2_common/pico_printf/printf.c.obj
 .text._out_fct
                0x10002f28       0x10 CMakeFiles/final_project_embarcatech.dir/C_/Users/ferre/.pico-sdk/sdk/2.1.1/src/rp2_common/pico_printf/printf.c.obj
 .text._ftoa    0x10002f38      0x4a8 CMakeFiles/final_project_embarcatech.dir/C_/Users/ferre/.pico-sdk/sdk/2.1.1/src/rp2_common/pico_printf/printf.c.obj
 .text._etoa    0x100033e0      0x57c CMakeFiles/final_project_embarcatech.dir/C_/Users/ferre/.pico-sdk/sdk/2.1.1/src/rp2_common/pico_printf/printf.c.obj
 .text._vsnprintf
                0x1000395c      0xbe0 CMakeFiles/final_project_embarcatech.dir/C_/Users/ferre/.pico-sdk/sdk/2.1.1/src/rp2_common/pico_printf/printf.c.obj
 .text.__wrap_snprintf
                0x1000453c       0x28 CMakeFiles/final_project_embarcatech.dir/C_/Users/ferre/.pico-sdk/sdk/2.1.1/src/rp2_common/pico_printf/printf.c.obj
                0x1000453c                __wrap_snprintf
 .text.vfctprintf
                0x10004564       0x24 CMakeFiles/final_project_embarcatech.dir/C_/Users/ferre/.pico-sdk/sdk/2.1.1/src/rp2_common/pico_printf/printf.c.obj
                0x10004564                vfctprintf
 .text.weak_raw_vprintf
                0x10004588       0x30 CMakeFiles/final_project_embarcatech.dir/C_/Users/ferre/.pico-sdk/sdk/2.1.1/src/rp2_common/pico_printf/printf.c.obj
                0x10004588                weak_raw_vprintf
 .text._exit    0x100045b8        0x4 CMakeFiles/final_project_embarcatech.dir/C_/Users/ferre/.pico-sdk/sdk/2.1.1/src/rp2_common/pico_clib_interface/newlib_interface.c.obj
                0x100045b8                _exit
 .text.exit     0x100045bc        0x8 CMakeFiles/final_project_embarcatech.dir/C_/Users/ferre/.pico-sdk/sdk/2.1.1/src/rp2_common/pico_clib_interface/newlib_interface.c.obj
                0x100045bc                exit
 .text.runtime_init
                0x100045c4       0x2c CMakeFiles/final_project_embarcatech.dir/C_/Users/ferre/.pico-sdk/sdk/2.1.1/src/rp2_common/pico_clib_interface/newlib_interface.c.obj
                0x100045c4                runtime_init
 .text.stdio_out_chars_no_crlf
                0x100045f0       0x10 CMakeFiles/final_project_embarcatech.dir/C_/Users/ferre/.pico-sdk/sdk/2.1.1/src/rp2_common/pico_stdio/stdio.c.obj
 .text.stdio_out_chars_crlf
                0x10004600       0xb0 CMakeFiles/final_project_embarcatech.dir/C_/Users/ferre/.pico-sdk/sdk/2.1.1/src/rp2_common/pico_stdio/stdio.c.obj
 .text.stdio_buffered_printer
                0x100046b0       0x64 CMakeFiles/final_project_embarcatech.dir/C_/Users/ferre/.pico-sdk/sdk/2.1.1/src/rp2_common/pico_stdio/stdio.c.obj
 .text.stdio_put_string
                0x10004714       0xfc CMakeFiles/final_project_embarcatech.dir/C_/Users/ferre/.pico-sdk/sdk/2.1.1/src/rp2_common/pico_stdio/stdio.c.obj
                0x10004714                stdio_put_string
 .text.stdio_set_driver_enabled
                0x10004810       0x30 CMakeFiles/final_project_embarcatech.dir/C_/Users/ferre/.pico-sdk/sdk/2.1.1/src/rp2_common/pico_stdio/stdio.c.obj
                0x10004810                stdio_set_driver_enabled
 .text.stdio_init_all
                0x10004840        0x8 CMakeFiles/final_project_embarcatech.dir/C_/Users/ferre/.pico-sdk/sdk/2.1.1/src/rp2_common/pico_stdio/stdio.c.obj
                0x10004840                stdio_init_all
 .text.__wrap_putchar
                0x10004848       0x94 CMakeFiles/final_project_embarcatech.dir/C_/Users/ferre/.pico-sdk/sdk/2.1.1/src/rp2_common/pico_stdio/stdio.c.obj
                0x10004848                __wrap_putchar
                0x10004848                stdio_putchar
 .text.__wrap_puts
                0x100048dc       0x3c CMakeFiles/final_project_embarcatech.dir/C_/Users/ferre/.pico-sdk/sdk/2.1.1/src/rp2_common/pico_stdio/stdio.c.obj
                0x100048dc                stdio_puts
                0x100048dc                __wrap_puts
 .text.__wrap_vprintf
                0x10004918       0xcc CMakeFiles/final_project_embarcatech.dir/C_/Users/ferre/.pico-sdk/sdk/2.1.1/src/rp2_common/pico_stdio/stdio.c.obj
                0x10004918                stdio_vprintf
                0x10004918                __wrap_vprintf
 .text.__wrap_printf
                0x100049e4       0x18 CMakeFiles/final_project_embarcatech.dir/C_/Users/ferre/.pico-sdk/sdk/2.1.1/src/rp2_common/pico_stdio/stdio.c.obj
                0x100049e4                __wrap_printf
                0x100049e4                stdio_printf
 .text.resetd_init
                0x100049fc        0x4 CMakeFiles/final_project_embarcatech.dir/C_/Users/ferre/.pico-sdk/sdk/2.1.1/src/rp2_common/pico_stdio_usb/reset_interface.c.obj
 .text.resetd_reset
                0x10004a00        0xc CMakeFiles/final_project_embarcatech.dir/C_/Users/ferre/.pico-sdk/sdk/2.1.1/src/rp2_common/pico_stdio_usb/reset_interface.c.obj
 .text.resetd_open
                0x10004a0c       0x28 CMakeFiles/final_project_embarcatech.dir/C_/Users/ferre/.pico-sdk/sdk/2.1.1/src/rp2_common/pico_stdio_usb/reset_interface.c.obj
 .text.resetd_xfer_cb
                0x10004a34        0x4 CMakeFiles/final_project_embarcatech.dir/C_/Users/ferre/.pico-sdk/sdk/2.1.1/src/rp2_common/pico_stdio_usb/reset_interface.c.obj
 .text.resetd_control_xfer_cb
                0x10004a38       0x54 CMakeFiles/final_project_embarcatech.dir/C_/Users/ferre/.pico-sdk/sdk/2.1.1/src/rp2_common/pico_stdio_usb/reset_interface.c.obj
 .text.tud_descriptor_bos_cb
                0x10004a8c        0x8 CMakeFiles/final_project_embarcatech.dir/C_/Users/ferre/.pico-sdk/sdk/2.1.1/src/rp2_common/pico_stdio_usb/reset_interface.c.obj
                0x10004a8c                tud_descriptor_bos_cb
 .text.tud_vendor_control_xfer_cb
                0x10004a94       0x34 CMakeFiles/final_project_embarcatech.dir/C_/Users/ferre/.pico-sdk/sdk/2.1.1/src/rp2_common/pico_stdio_usb/reset_interface.c.obj
                0x10004a94                tud_vendor_control_xfer_cb
 .text.usbd_app_driver_get_cb
                0x10004ac8        0xc CMakeFiles/final_project_embarcatech.dir/C_/Users/ferre/.pico-sdk/sdk/2.1.1/src/rp2_common/pico_stdio_usb/reset_interface.c.obj
                0x10004ac8                usbd_app_driver_get_cb
 .text.tud_cdc_line_coding_cb
                0x10004ad4       0x2c CMakeFiles/final_project_embarcatech.dir/C_/Users/ferre/.pico-sdk/sdk/2.1.1/src/rp2_common/pico_stdio_usb/reset_interface.c.obj
                0x10004ad4                tud_cdc_line_coding_cb
 .text.stdio_usb_set_chars_available_callback
                0x10004b00       0x14 CMakeFiles/final_project_embarcatech.dir/C_/Users/ferre/.pico-sdk/sdk/2.1.1/src/rp2_common/pico_stdio_usb/stdio_usb.c.obj
                0x10004b00                stdio_usb_set_chars_available_callback
 .text.usb_irq  0x10004b14       0x10 CMakeFiles/final_project_embarcatech.dir/C_/Users/ferre/.pico-sdk/sdk/2.1.1/src/rp2_common/pico_stdio_usb/stdio_usb.c.obj
 .text.timer_task
                0x10004b24       0x64 CMakeFiles/final_project_embarcatech.dir/C_/Users/ferre/.pico-sdk/sdk/2.1.1/src/rp2_common/pico_stdio_usb/stdio_usb.c.obj
 .text.stdio_usb_in_chars
                0x10004b88       0x8c CMakeFiles/final_project_embarcatech.dir/C_/Users/ferre/.pico-sdk/sdk/2.1.1/src/rp2_common/pico_stdio_usb/stdio_usb.c.obj
                0x10004b88                stdio_usb_in_chars
 .text.stdio_usb_out_flush
                0x10004c14       0x4c CMakeFiles/final_project_embarcatech.dir/C_/Users/ferre/.pico-sdk/sdk/2.1.1/src/rp2_common/pico_stdio_usb/stdio_usb.c.obj
 .text.stdio_usb_out_chars
                0x10004c60      0x100 CMakeFiles/final_project_embarcatech.dir/C_/Users/ferre/.pico-sdk/sdk/2.1.1/src/rp2_common/pico_stdio_usb/stdio_usb.c.obj
 .text.low_priority_worker_irq
                0x10004d60       0xc8 CMakeFiles/final_project_embarcatech.dir/C_/Users/ferre/.pico-sdk/sdk/2.1.1/src/rp2_common/pico_stdio_usb/stdio_usb.c.obj
 .text.stdio_usb_init
                0x10004e28       0xe8 CMakeFiles/final_project_embarcatech.dir/C_/Users/ferre/.pico-sdk/sdk/2.1.1/src/rp2_common/pico_stdio_usb/stdio_usb.c.obj
                0x10004e28                stdio_usb_init
 .text.tud_descriptor_device_cb
                0x10004f10        0x8 CMakeFiles/final_project_embarcatech.dir/C_/Users/ferre/.pico-sdk/sdk/2.1.1/src/rp2_common/pico_stdio_usb/stdio_usb_descriptors.c.obj
                0x10004f10                tud_descriptor_device_cb
 .text.tud_descriptor_configuration_cb
                0x10004f18        0x8 CMakeFiles/final_project_embarcatech.dir/C_/Users/ferre/.pico-sdk/sdk/2.1.1/src/rp2_common/pico_stdio_usb/stdio_usb_descriptors.c.obj
                0x10004f18                tud_descriptor_configuration_cb
 .text.tud_descriptor_string_cb
                0x10004f20       0x78 CMakeFiles/final_project_embarcatech.dir/C_/Users/ferre/.pico-sdk/sdk/2.1.1/src/rp2_common/pico_stdio_usb/stdio_usb_descriptors.c.obj
                0x10004f20                tud_descriptor_string_cb
 .text.startup._retrieve_unique_id_on_boot
                0x10004f98       0x10 CMakeFiles/final_project_embarcatech.dir/C_/Users/ferre/.pico-sdk/sdk/2.1.1/src/rp2_common/pico_unique_id/unique_id.c.obj
 .text.pico_get_unique_board_id
                0x10004fa8       0x10 CMakeFiles/final_project_embarcatech.dir/C_/Users/ferre/.pico-sdk/sdk/2.1.1/src/rp2_common/pico_unique_id/unique_id.c.obj
                0x10004fa8                pico_get_unique_board_id
 .text.pico_get_unique_board_id_string
                0x10004fb8      0x1a8 CMakeFiles/final_project_embarcatech.dir/C_/Users/ferre/.pico-sdk/sdk/2.1.1/src/rp2_common/pico_unique_id/unique_id.c.obj
                0x10004fb8                pico_get_unique_board_id_string
 .text.flash_get_unique_id
                0x10005160       0x3c CMakeFiles/final_project_embarcatech.dir/C_/Users/ferre/.pico-sdk/sdk/2.1.1/src/rp2_common/hardware_flash/flash.c.obj
                0x10005160                flash_get_unique_id
 .text.dcd_init
                0x1000519c       0x90 CMakeFiles/final_project_embarcatech.dir/C_/Users/ferre/.pico-sdk/sdk/2.1.1/lib/tinyusb/src/portable/raspberrypi/rp2040/dcd_rp2040.c.obj
                0x1000519c                dcd_init
 .text.dcd_int_enable
                0x1000522c        0xc CMakeFiles/final_project_embarcatech.dir/C_/Users/ferre/.pico-sdk/sdk/2.1.1/lib/tinyusb/src/portable/raspberrypi/rp2040/dcd_rp2040.c.obj
                0x1000522c                dcd_int_enable
 .text.dcd_set_address
                0x10005238       0x14 CMakeFiles/final_project_embarcatech.dir/C_/Users/ferre/.pico-sdk/sdk/2.1.1/lib/tinyusb/src/portable/raspberrypi/rp2040/dcd_rp2040.c.obj
                0x10005238                dcd_set_address
 .text.dcd_sof_enable
                0x1000524c       0x1c CMakeFiles/final_project_embarcatech.dir/C_/Users/ferre/.pico-sdk/sdk/2.1.1/lib/tinyusb/src/portable/raspberrypi/rp2040/dcd_rp2040.c.obj
                0x1000524c                dcd_sof_enable
 .text.dcd_edpt0_status_complete
                0x10005268       0x1c CMakeFiles/final_project_embarcatech.dir/C_/Users/ferre/.pico-sdk/sdk/2.1.1/lib/tinyusb/src/portable/raspberrypi/rp2040/dcd_rp2040.c.obj
                0x10005268                dcd_edpt0_status_complete
 .text.dcd_edpt_open
                0x10005284      0x114 CMakeFiles/final_project_embarcatech.dir/C_/Users/ferre/.pico-sdk/sdk/2.1.1/lib/tinyusb/src/portable/raspberrypi/rp2040/dcd_rp2040.c.obj
                0x10005284                dcd_edpt_open
 .text.dcd_edpt_close_all
                0x10005398        0x8 CMakeFiles/final_project_embarcatech.dir/C_/Users/ferre/.pico-sdk/sdk/2.1.1/lib/tinyusb/src/portable/raspberrypi/rp2040/dcd_rp2040.c.obj
                0x10005398                dcd_edpt_close_all
 .text.dcd_edpt_xfer
                0x100053a0       0x24 CMakeFiles/final_project_embarcatech.dir/C_/Users/ferre/.pico-sdk/sdk/2.1.1/lib/tinyusb/src/portable/raspberrypi/rp2040/dcd_rp2040.c.obj
                0x100053a0                dcd_edpt_xfer
 .text.dcd_edpt_stall
                0x100053c4       0x3c CMakeFiles/final_project_embarcatech.dir/C_/Users/ferre/.pico-sdk/sdk/2.1.1/lib/tinyusb/src/portable/raspberrypi/rp2040/dcd_rp2040.c.obj
                0x100053c4                dcd_edpt_stall
 .text.dcd_edpt_clear_stall
                0x10005400       0x30 CMakeFiles/final_project_embarcatech.dir/C_/Users/ferre/.pico-sdk/sdk/2.1.1/lib/tinyusb/src/portable/raspberrypi/rp2040/dcd_rp2040.c.obj
                0x10005400                dcd_edpt_clear_stall
 .text.rp2040_usb_init
                0x10005430       0x40 CMakeFiles/final_project_embarcatech.dir/C_/Users/ferre/.pico-sdk/sdk/2.1.1/lib/tinyusb/src/portable/raspberrypi/rp2040/rp2040_usb.c.obj
                0x10005430                rp2040_usb_init
 .text.hw_endpoint_xfer_start
                0x10005470       0x40 CMakeFiles/final_project_embarcatech.dir/C_/Users/ferre/.pico-sdk/sdk/2.1.1/lib/tinyusb/src/portable/raspberrypi/rp2040/rp2040_usb.c.obj
                0x10005470                hw_endpoint_xfer_start
 .text.tud_event_hook_cb
                0x100054b0        0x4 CMakeFiles/final_project_embarcatech.dir/C_/Users/ferre/.pico-sdk/sdk/2.1.1/lib/tinyusb/src/device/usbd.c.obj
                0x100054b0                tud_event_hook_cb
 .text.tud_sof_cb
                0x100054b4        0x4 CMakeFiles/final_project_embarcatech.dir/C_/Users/ferre/.pico-sdk/sdk/2.1.1/lib/tinyusb/src/device/usbd.c.obj
                0x100054b4                tud_sof_cb
 .text.tud_descriptor_device_qualifier_cb
                0x100054b8        0x4 CMakeFiles/final_project_embarcatech.dir/C_/Users/ferre/.pico-sdk/sdk/2.1.1/lib/tinyusb/src/device/usbd.c.obj
                0x100054b8                tud_descriptor_device_qualifier_cb
 .text.tud_descriptor_other_speed_configuration_cb
                0x100054bc        0x4 CMakeFiles/final_project_embarcatech.dir/C_/Users/ferre/.pico-sdk/sdk/2.1.1/lib/tinyusb/src/device/usbd.c.obj
                0x100054bc                tud_descriptor_other_speed_configuration_cb
 .text.tud_mount_cb
                0x100054c0        0x4 CMakeFiles/final_project_embarcatech.dir/C_/Users/ferre/.pico-sdk/sdk/2.1.1/lib/tinyusb/src/device/usbd.c.obj
                0x100054c0                tud_mount_cb
 .text.tud_umount_cb
                0x100054c4        0x4 CMakeFiles/final_project_embarcatech.dir/C_/Users/ferre/.pico-sdk/sdk/2.1.1/lib/tinyusb/src/device/usbd.c.obj
                0x100054c4                tud_umount_cb
 .text.tud_suspend_cb
                0x100054c8        0x4 CMakeFiles/final_project_embarcatech.dir/C_/Users/ferre/.pico-sdk/sdk/2.1.1/lib/tinyusb/src/device/usbd.c.obj
                0x100054c8                tud_suspend_cb
 .text.tud_resume_cb
                0x100054cc        0x4 CMakeFiles/final_project_embarcatech.dir/C_/Users/ferre/.pico-sdk/sdk/2.1.1/lib/tinyusb/src/device/usbd.c.obj
                0x100054cc                tud_resume_cb
 .text.tud_mounted
                0x100054d0       0x10 CMakeFiles/final_project_embarcatech.dir/C_/Users/ferre/.pico-sdk/sdk/2.1.1/lib/tinyusb/src/device/usbd.c.obj
                0x100054d0                tud_mounted
 .text.tud_suspended
                0x100054e0       0x10 CMakeFiles/final_project_embarcatech.dir/C_/Users/ferre/.pico-sdk/sdk/2.1.1/lib/tinyusb/src/device/usbd.c.obj
                0x100054e0                tud_suspended
 .text.tud_rhport_init
                0x100054f0       0xf4 CMakeFiles/final_project_embarcatech.dir/C_/Users/ferre/.pico-sdk/sdk/2.1.1/lib/tinyusb/src/device/usbd.c.obj
                0x100054f0                tud_rhport_init
 .text.tud_task_ext
                0x100055e4      0x800 CMakeFiles/final_project_embarcatech.dir/C_/Users/ferre/.pico-sdk/sdk/2.1.1/lib/tinyusb/src/device/usbd.c.obj
                0x100055e4                tud_task_ext
 .text.usbd_open_edpt_pair
                0x10005de4       0x9c CMakeFiles/final_project_embarcatech.dir/C_/Users/ferre/.pico-sdk/sdk/2.1.1/lib/tinyusb/src/device/usbd.c.obj
                0x10005de4                usbd_open_edpt_pair
 .text.usbd_edpt_open
                0x10005e80       0x34 CMakeFiles/final_project_embarcatech.dir/C_/Users/ferre/.pico-sdk/sdk/2.1.1/lib/tinyusb/src/device/usbd.c.obj
                0x10005e80                usbd_edpt_open
 .text.usbd_edpt_claim
                0x10005eb4       0x28 CMakeFiles/final_project_embarcatech.dir/C_/Users/ferre/.pico-sdk/sdk/2.1.1/lib/tinyusb/src/device/usbd.c.obj
                0x10005eb4                usbd_edpt_claim
 .text.usbd_edpt_release
                0x10005edc       0x28 CMakeFiles/final_project_embarcatech.dir/C_/Users/ferre/.pico-sdk/sdk/2.1.1/lib/tinyusb/src/device/usbd.c.obj
                0x10005edc                usbd_edpt_release
 .text.usbd_edpt_xfer
                0x10005f04       0x4c CMakeFiles/final_project_embarcatech.dir/C_/Users/ferre/.pico-sdk/sdk/2.1.1/lib/tinyusb/src/device/usbd.c.obj
                0x10005f04                usbd_edpt_xfer
 .text.tud_control_status
                0x10005f50       0x2c CMakeFiles/final_project_embarcatech.dir/C_/Users/ferre/.pico-sdk/sdk/2.1.1/lib/tinyusb/src/device/usbd_control.c.obj
                0x10005f50                tud_control_status
 .text.tud_control_xfer
                0x10005f7c       0xa8 CMakeFiles/final_project_embarcatech.dir/C_/Users/ferre/.pico-sdk/sdk/2.1.1/lib/tinyusb/src/device/usbd_control.c.obj
                0x10005f7c                tud_control_xfer
 .text.usbd_control_reset
                0x10006024       0x14 CMakeFiles/final_project_embarcatech.dir/C_/Users/ferre/.pico-sdk/sdk/2.1.1/lib/tinyusb/src/device/usbd_control.c.obj
                0x10006024                usbd_control_reset
 .text.usbd_control_set_complete_callback
                0x10006038        0xc CMakeFiles/final_project_embarcatech.dir/C_/Users/ferre/.pico-sdk/sdk/2.1.1/lib/tinyusb/src/device/usbd_control.c.obj
                0x10006038                usbd_control_set_complete_callback
 .text.usbd_control_set_request
                0x10006044       0x1c CMakeFiles/final_project_embarcatech.dir/C_/Users/ferre/.pico-sdk/sdk/2.1.1/lib/tinyusb/src/device/usbd_control.c.obj
                0x10006044                usbd_control_set_request
 .text.usbd_control_xfer_cb
                0x10006060       0xec CMakeFiles/final_project_embarcatech.dir/C_/Users/ferre/.pico-sdk/sdk/2.1.1/lib/tinyusb/src/device/usbd_control.c.obj
                0x10006060                usbd_control_xfer_cb
 .text._prep_out_transaction.isra.0
                0x1000614c       0x6c CMakeFiles/final_project_embarcatech.dir/C_/Users/ferre/.pico-sdk/sdk/2.1.1/lib/tinyusb/src/class/cdc/cdc_device.c.obj
 .text.tud_cdc_n_connected
                0x100061b8       0x2c CMakeFiles/final_project_embarcatech.dir/C_/Users/ferre/.pico-sdk/sdk/2.1.1/lib/tinyusb/src/class/cdc/cdc_device.c.obj
                0x100061b8                tud_cdc_n_connected
 .text.tud_cdc_n_available
                0x100061e4       0x14 CMakeFiles/final_project_embarcatech.dir/C_/Users/ferre/.pico-sdk/sdk/2.1.1/lib/tinyusb/src/class/cdc/cdc_device.c.obj
                0x100061e4                tud_cdc_n_available
 .text.tud_cdc_n_read
                0x100061f8       0x88 CMakeFiles/final_project_embarcatech.dir/C_/Users/ferre/.pico-sdk/sdk/2.1.1/lib/tinyusb/src/class/cdc/cdc_device.c.obj
                0x100061f8                tud_cdc_n_read
 .text.tud_cdc_n_write_flush
                0x10006280       0x74 CMakeFiles/final_project_embarcatech.dir/C_/Users/ferre/.pico-sdk/sdk/2.1.1/lib/tinyusb/src/class/cdc/cdc_device.c.obj
                0x10006280                tud_cdc_n_write_flush
 .text.tud_cdc_n_write
                0x100062f4       0x40 CMakeFiles/final_project_embarcatech.dir/C_/Users/ferre/.pico-sdk/sdk/2.1.1/lib/tinyusb/src/class/cdc/cdc_device.c.obj
                0x100062f4                tud_cdc_n_write
 .text.tud_cdc_n_write_available
                0x10006334       0x14 CMakeFiles/final_project_embarcatech.dir/C_/Users/ferre/.pico-sdk/sdk/2.1.1/lib/tinyusb/src/class/cdc/cdc_device.c.obj
                0x10006334                tud_cdc_n_write_available
 .text.cdcd_init
                0x10006348       0x70 CMakeFiles/final_project_embarcatech.dir/C_/Users/ferre/.pico-sdk/sdk/2.1.1/lib/tinyusb/src/class/cdc/cdc_device.c.obj
                0x10006348                cdcd_init
 .text.cdcd_deinit
                0x100063b8       0x30 CMakeFiles/final_project_embarcatech.dir/C_/Users/ferre/.pico-sdk/sdk/2.1.1/lib/tinyusb/src/class/cdc/cdc_device.c.obj
                0x100063b8                cdcd_deinit
 .text.cdcd_reset
                0x100063e8       0x4c CMakeFiles/final_project_embarcatech.dir/C_/Users/ferre/.pico-sdk/sdk/2.1.1/lib/tinyusb/src/class/cdc/cdc_device.c.obj
                0x100063e8                cdcd_reset
 .text.cdcd_open
                0x10006434       0xa4 CMakeFiles/final_project_embarcatech.dir/C_/Users/ferre/.pico-sdk/sdk/2.1.1/lib/tinyusb/src/class/cdc/cdc_device.c.obj
                0x10006434                cdcd_open
 .text.cdcd_control_xfer_cb
                0x100064d8       0xe8 CMakeFiles/final_project_embarcatech.dir/C_/Users/ferre/.pico-sdk/sdk/2.1.1/lib/tinyusb/src/class/cdc/cdc_device.c.obj
                0x100064d8                cdcd_control_xfer_cb
 .text.cdcd_xfer_cb
                0x100065c0      0x100 CMakeFiles/final_project_embarcatech.dir/C_/Users/ferre/.pico-sdk/sdk/2.1.1/lib/tinyusb/src/class/cdc/cdc_device.c.obj
                0x100065c0                cdcd_xfer_cb
 .text.vendord_init
                0x100066c0       0x5c CMakeFiles/final_project_embarcatech.dir/C_/Users/ferre/.pico-sdk/sdk/2.1.1/lib/tinyusb/src/class/vendor/vendor_device.c.obj
                0x100066c0                vendord_init
 .text.vendord_deinit
                0x1000671c       0x1c CMakeFiles/final_project_embarcatech.dir/C_/Users/ferre/.pico-sdk/sdk/2.1.1/lib/tinyusb/src/class/vendor/vendor_device.c.obj
                0x1000671c                vendord_deinit
 .text.vendord_reset
                0x10006738       0x28 CMakeFiles/final_project_embarcatech.dir/C_/Users/ferre/.pico-sdk/sdk/2.1.1/lib/tinyusb/src/class/vendor/vendor_device.c.obj
                0x10006738                vendord_reset
 .text.vendord_open
                0x10006760      0x120 CMakeFiles/final_project_embarcatech.dir/C_/Users/ferre/.pico-sdk/sdk/2.1.1/lib/tinyusb/src/class/vendor/vendor_device.c.obj
                0x10006760                vendord_open
 .text.vendord_xfer_cb
                0x10006880       0x9c CMakeFiles/final_project_embarcatech.dir/C_/Users/ferre/.pico-sdk/sdk/2.1.1/lib/tinyusb/src/class/vendor/vendor_device.c.obj
                0x10006880                vendord_xfer_cb
 .text.tusb_rhport_init
                0x1000691c       0x4c CMakeFiles/final_project_embarcatech.dir/C_/Users/ferre/.pico-sdk/sdk/2.1.1/lib/tinyusb/src/tusb.c.obj
                0x1000691c                tusb_rhport_init
 .text.tu_edpt_claim
                0x10006968       0x50 CMakeFiles/final_project_embarcatech.dir/C_/Users/ferre/.pico-sdk/sdk/2.1.1/lib/tinyusb/src/tusb.c.obj
                0x10006968                tu_edpt_claim
 .text.tu_edpt_release
                0x100069b8       0x38 CMakeFiles/final_project_embarcatech.dir/C_/Users/ferre/.pico-sdk/sdk/2.1.1/lib/tinyusb/src/tusb.c.obj
                0x100069b8                tu_edpt_release
 .text.tu_edpt_validate
                0x100069f0       0x7c CMakeFiles/final_project_embarcatech.dir/C_/Users/ferre/.pico-sdk/sdk/2.1.1/lib/tinyusb/src/tusb.c.obj
                0x100069f0                tu_edpt_validate
 .text.tu_edpt_bind_driver
                0x10006a6c       0x34 CMakeFiles/final_project_embarcatech.dir/C_/Users/ferre/.pico-sdk/sdk/2.1.1/lib/tinyusb/src/tusb.c.obj
                0x10006a6c                tu_edpt_bind_driver
 .text.tu_edpt_stream_init
                0x10006aa0       0x6c CMakeFiles/final_project_embarcatech.dir/C_/Users/ferre/.pico-sdk/sdk/2.1.1/lib/tinyusb/src/tusb.c.obj
                0x10006aa0                tu_edpt_stream_init
 .text.tu_edpt_stream_deinit
                0x10006b0c        0x4 CMakeFiles/final_project_embarcatech.dir/C_/Users/ferre/.pico-sdk/sdk/2.1.1/lib/tinyusb/src/tusb.c.obj
                0x10006b0c                tu_edpt_stream_deinit
 .text.tu_edpt_stream_write_zlp_if_needed
                0x10006b10       0x68 CMakeFiles/final_project_embarcatech.dir/C_/Users/ferre/.pico-sdk/sdk/2.1.1/lib/tinyusb/src/tusb.c.obj
                0x10006b10                tu_edpt_stream_write_zlp_if_needed
 .text.tu_edpt_stream_write_xfer
                0x10006b78       0x68 CMakeFiles/final_project_embarcatech.dir/C_/Users/ferre/.pico-sdk/sdk/2.1.1/lib/tinyusb/src/tusb.c.obj
                0x10006b78                tu_edpt_stream_write_xfer
 .text.tu_edpt_stream_read_xfer
                0x10006be0       0xd8 CMakeFiles/final_project_embarcatech.dir/C_/Users/ferre/.pico-sdk/sdk/2.1.1/lib/tinyusb/src/tusb.c.obj
                0x10006be0                tu_edpt_stream_read_xfer
 .text.tu_fifo_config
                0x10006cb8       0x6c CMakeFiles/final_project_embarcatech.dir/C_/Users/ferre/.pico-sdk/sdk/2.1.1/lib/tinyusb/src/common/tusb_fifo.c.obj
                0x10006cb8                tu_fifo_config
 .text.tu_fifo_count
                0x10006d24       0x2c CMakeFiles/final_project_embarcatech.dir/C_/Users/ferre/.pico-sdk/sdk/2.1.1/lib/tinyusb/src/common/tusb_fifo.c.obj
                0x10006d24                tu_fifo_count
 .text.tu_fifo_empty
                0x10006d50       0x10 CMakeFiles/final_project_embarcatech.dir/C_/Users/ferre/.pico-sdk/sdk/2.1.1/lib/tinyusb/src/common/tusb_fifo.c.obj
                0x10006d50                tu_fifo_empty
 .text.tu_fifo_remaining
                0x10006d60       0x2c CMakeFiles/final_project_embarcatech.dir/C_/Users/ferre/.pico-sdk/sdk/2.1.1/lib/tinyusb/src/common/tusb_fifo.c.obj
                0x10006d60                tu_fifo_remaining
 .text.tu_fifo_read
                0x10006d8c       0x9c CMakeFiles/final_project_embarcatech.dir/C_/Users/ferre/.pico-sdk/sdk/2.1.1/lib/tinyusb/src/common/tusb_fifo.c.obj
                0x10006d8c                tu_fifo_read
 .text.tu_fifo_read_n
                0x10006e28       0xe8 CMakeFiles/final_project_embarcatech.dir/C_/Users/ferre/.pico-sdk/sdk/2.1.1/lib/tinyusb/src/common/tusb_fifo.c.obj
                0x10006e28                tu_fifo_read_n
 .text.tu_fifo_write
                0x10006f10       0xa4 CMakeFiles/final_project_embarcatech.dir/C_/Users/ferre/.pico-sdk/sdk/2.1.1/lib/tinyusb/src/common/tusb_fifo.c.obj
                0x10006f10                tu_fifo_write
 .text.tu_fifo_write_n
                0x10006fb4      0x178 CMakeFiles/final_project_embarcatech.dir/C_/Users/ferre/.pico-sdk/sdk/2.1.1/lib/tinyusb/src/common/tusb_fifo.c.obj
                0x10006fb4                tu_fifo_write_n
 .text.tu_fifo_clear
                0x1000712c       0x40 CMakeFiles/final_project_embarcatech.dir/C_/Users/ferre/.pico-sdk/sdk/2.1.1/lib/tinyusb/src/common/tusb_fifo.c.obj
                0x1000712c                tu_fifo_clear
 .text.tu_fifo_set_overwritable
                0x1000716c       0x48 CMakeFiles/final_project_embarcatech.dir/C_/Users/ferre/.pico-sdk/sdk/2.1.1/lib/tinyusb/src/common/tusb_fifo.c.obj
                0x1000716c                tu_fifo_set_overwritable
 .text.i2c_write_blocking_internal.constprop.0
                0x100071b4       0xf8 CMakeFiles/final_project_embarcatech.dir/C_/Users/ferre/.pico-sdk/sdk/2.1.1/src/rp2_common/hardware_i2c/i2c.c.obj
 .text.i2c_set_baudrate
                0x100072ac       0xc0 CMakeFiles/final_project_embarcatech.dir/C_/Users/ferre/.pico-sdk/sdk/2.1.1/src/rp2_common/hardware_i2c/i2c.c.obj
                0x100072ac                i2c_set_baudrate
 .text.i2c_init
                0x1000736c       0x50 CMakeFiles/final_project_embarcatech.dir/C_/Users/ferre/.pico-sdk/sdk/2.1.1/src/rp2_common/hardware_i2c/i2c.c.obj
                0x1000736c                i2c_init
 .text.i2c_write_blocking
                0x100073bc       0x14 CMakeFiles/final_project_embarcatech.dir/C_/Users/ferre/.pico-sdk/sdk/2.1.1/src/rp2_common/hardware_i2c/i2c.c.obj
                0x100073bc                i2c_write_blocking
 .text.adc_init
                0x100073d0       0x38 CMakeFiles/final_project_embarcatech.dir/C_/Users/ferre/.pico-sdk/sdk/2.1.1/src/rp2_common/hardware_adc/adc.c.obj
                0x100073d0                adc_init
 .text.lwip_timeout_reached
                0x10007408        0x8 CMakeFiles/final_project_embarcatech.dir/C_/Users/ferre/.pico-sdk/sdk/2.1.1/src/rp2_common/pico_lwip/lwip_nosys.c.obj
 .text.update_next_timeout
                0x10007410       0x5c CMakeFiles/final_project_embarcatech.dir/C_/Users/ferre/.pico-sdk/sdk/2.1.1/src/rp2_common/pico_lwip/lwip_nosys.c.obj
 .text.lwip_nosys_init
                0x1000746c       0x30 CMakeFiles/final_project_embarcatech.dir/C_/Users/ferre/.pico-sdk/sdk/2.1.1/src/rp2_common/pico_lwip/lwip_nosys.c.obj
                0x1000746c                lwip_nosys_init
 .text.lwip_nosys_deinit
                0x1000749c       0x20 CMakeFiles/final_project_embarcatech.dir/C_/Users/ferre/.pico-sdk/sdk/2.1.1/src/rp2_common/pico_lwip/lwip_nosys.c.obj
                0x1000749c                lwip_nosys_deinit
 .text.sys_arch_protect
                0x100074bc        0x4 CMakeFiles/final_project_embarcatech.dir/C_/Users/ferre/.pico-sdk/sdk/2.1.1/src/rp2_common/pico_lwip/lwip_nosys.c.obj
                0x100074bc                sys_arch_protect
 .text.sys_arch_unprotect
                0x100074c0        0x4 CMakeFiles/final_project_embarcatech.dir/C_/Users/ferre/.pico-sdk/sdk/2.1.1/src/rp2_common/pico_lwip/lwip_nosys.c.obj
                0x100074c0                sys_arch_unprotect
 .text.sys_now  0x100074c4       0x20 CMakeFiles/final_project_embarcatech.dir/C_/Users/ferre/.pico-sdk/sdk/2.1.1/src/rp2_common/pico_lwip/lwip_nosys.c.obj
                0x100074c4                sys_now
 .text.async_context_base_add_at_time_worker
                0x100074e4       0x28 CMakeFiles/final_project_embarcatech.dir/C_/Users/ferre/.pico-sdk/sdk/2.1.1/src/rp2_common/pico_async_context/async_context_base.c.obj
                0x100074e4                async_context_base_add_at_time_worker
 .text.async_context_base_remove_at_time_worker
                0x1000750c       0x24 CMakeFiles/final_project_embarcatech.dir/C_/Users/ferre/.pico-sdk/sdk/2.1.1/src/rp2_common/pico_async_context/async_context_base.c.obj
                0x1000750c                async_context_base_remove_at_time_worker
 .text.async_context_base_add_when_pending_worker
                0x10007530       0x24 CMakeFiles/final_project_embarcatech.dir/C_/Users/ferre/.pico-sdk/sdk/2.1.1/src/rp2_common/pico_async_context/async_context_base.c.obj
                0x10007530                async_context_base_add_when_pending_worker
 .text.async_context_base_remove_when_pending_worker
                0x10007554       0x24 CMakeFiles/final_project_embarcatech.dir/C_/Users/ferre/.pico-sdk/sdk/2.1.1/src/rp2_common/pico_async_context/async_context_base.c.obj
                0x10007554                async_context_base_remove_when_pending_worker
 .text.async_context_base_execute_once
                0x10007578      0x108 CMakeFiles/final_project_embarcatech.dir/C_/Users/ferre/.pico-sdk/sdk/2.1.1/src/rp2_common/pico_async_context/async_context_base.c.obj
                0x10007578                async_context_base_execute_once
 .text.splitmix64
                0x10007680       0x58 CMakeFiles/final_project_embarcatech.dir/C_/Users/ferre/.pico-sdk/sdk/2.1.1/src/rp2_common/pico_rand/rand.c.obj
 .text.xoroshiro128ss
                0x100076d8       0x90 CMakeFiles/final_project_embarcatech.dir/C_/Users/ferre/.pico-sdk/sdk/2.1.1/src/rp2_common/pico_rand/rand.c.obj
 .text.get_rand_64
                0x10007768      0x47c CMakeFiles/final_project_embarcatech.dir/C_/Users/ferre/.pico-sdk/sdk/2.1.1/src/rp2_common/pico_rand/rand.c.obj
                0x10007768                get_rand_64
 .text.get_rand_32
                0x10007be4        0x8 CMakeFiles/final_project_embarcatech.dir/C_/Users/ferre/.pico-sdk/sdk/2.1.1/src/rp2_common/pico_rand/rand.c.obj
                0x10007be4                get_rand_32
 .text.lwip_init
                0x10007bec       0x24 CMakeFiles/final_project_embarcatech.dir/C_/Users/ferre/.pico-sdk/sdk/2.1.1/lib/lwip/src/core/init.c.obj
                0x10007bec                lwip_init
 .text.lwip_htons
                0x10007c10        0x8 CMakeFiles/final_project_embarcatech.dir/C_/Users/ferre/.pico-sdk/sdk/2.1.1/lib/lwip/src/core/def.c.obj
                0x10007c10                lwip_htons
 .text.lwip_htonl
                0x10007c18        0x4 CMakeFiles/final_project_embarcatech.dir/C_/Users/ferre/.pico-sdk/sdk/2.1.1/lib/lwip/src/core/def.c.obj
                0x10007c18                lwip_htonl
 .text.dns_call_found
                0x10007c1c      0x184 CMakeFiles/final_project_embarcatech.dir/C_/Users/ferre/.pico-sdk/sdk/2.1.1/lib/lwip/src/core/dns.c.obj
 .text.dns_send.isra.0
                0x10007da0      0x174 CMakeFiles/final_project_embarcatech.dir/C_/Users/ferre/.pico-sdk/sdk/2.1.1/lib/lwip/src/core/dns.c.obj
 .text.dns_init
                0x10007f14        0x4 CMakeFiles/final_project_embarcatech.dir/C_/Users/ferre/.pico-sdk/sdk/2.1.1/lib/lwip/src/core/dns.c.obj
                0x10007f14                dns_init
 .text.dns_setserver
                0x10007f18       0x24 CMakeFiles/final_project_embarcatech.dir/C_/Users/ferre/.pico-sdk/sdk/2.1.1/lib/lwip/src/core/dns.c.obj
                0x10007f18                dns_setserver
 .text.dns_tmr  0x10007f3c      0x130 CMakeFiles/final_project_embarcatech.dir/C_/Users/ferre/.pico-sdk/sdk/2.1.1/lib/lwip/src/core/dns.c.obj
                0x10007f3c                dns_tmr
 .text.lwip_standard_chksum
                0x1000806c       0xf4 CMakeFiles/final_project_embarcatech.dir/C_/Users/ferre/.pico-sdk/sdk/2.1.1/lib/lwip/src/core/inet_chksum.c.obj
                0x1000806c                lwip_standard_chksum
 .text.inet_chksum_pseudo
                0x10008160       0xbc CMakeFiles/final_project_embarcatech.dir/C_/Users/ferre/.pico-sdk/sdk/2.1.1/lib/lwip/src/core/inet_chksum.c.obj
                0x10008160                inet_chksum_pseudo
 .text.ip_chksum_pseudo
                0x1000821c       0x10 CMakeFiles/final_project_embarcatech.dir/C_/Users/ferre/.pico-sdk/sdk/2.1.1/lib/lwip/src/core/inet_chksum.c.obj
                0x1000821c                ip_chksum_pseudo
 .text.inet_chksum
                0x1000822c        0xc CMakeFiles/final_project_embarcatech.dir/C_/Users/ferre/.pico-sdk/sdk/2.1.1/lib/lwip/src/core/inet_chksum.c.obj
                0x1000822c                inet_chksum
 .text.inet_chksum_pbuf
                0x10008238       0x78 CMakeFiles/final_project_embarcatech.dir/C_/Users/ferre/.pico-sdk/sdk/2.1.1/lib/lwip/src/core/inet_chksum.c.obj
                0x10008238                inet_chksum_pbuf
 .text.mem_init
                0x100082b0       0x3c CMakeFiles/final_project_embarcatech.dir/C_/Users/ferre/.pico-sdk/sdk/2.1.1/lib/lwip/src/core/mem.c.obj
                0x100082b0                mem_init
 .text.mem_free
                0x100082ec      0x13c CMakeFiles/final_project_embarcatech.dir/C_/Users/ferre/.pico-sdk/sdk/2.1.1/lib/lwip/src/core/mem.c.obj
                0x100082ec                mem_free
 .text.mem_trim
                0x10008428      0x104 CMakeFiles/final_project_embarcatech.dir/C_/Users/ferre/.pico-sdk/sdk/2.1.1/lib/lwip/src/core/mem.c.obj
                0x10008428                mem_trim
 .text.mem_malloc
                0x1000852c      0x130 CMakeFiles/final_project_embarcatech.dir/C_/Users/ferre/.pico-sdk/sdk/2.1.1/lib/lwip/src/core/mem.c.obj
                0x1000852c                mem_malloc
 .text.memp_init
                0x1000865c       0x6c CMakeFiles/final_project_embarcatech.dir/C_/Users/ferre/.pico-sdk/sdk/2.1.1/lib/lwip/src/core/memp.c.obj
                0x1000865c                memp_init
 .text.memp_malloc
                0x100086c8       0x40 CMakeFiles/final_project_embarcatech.dir/C_/Users/ferre/.pico-sdk/sdk/2.1.1/lib/lwip/src/core/memp.c.obj
                0x100086c8                memp_malloc
 .text.memp_free
                0x10008708       0x38 CMakeFiles/final_project_embarcatech.dir/C_/Users/ferre/.pico-sdk/sdk/2.1.1/lib/lwip/src/core/memp.c.obj
                0x10008708                memp_free
 .text.netif_null_output_ip4
                0x10008740        0x8 CMakeFiles/final_project_embarcatech.dir/C_/Users/ferre/.pico-sdk/sdk/2.1.1/lib/lwip/src/core/netif.c.obj
 .text.netif_do_set_ipaddr.isra.0
                0x10008748       0x70 CMakeFiles/final_project_embarcatech.dir/C_/Users/ferre/.pico-sdk/sdk/2.1.1/lib/lwip/src/core/netif.c.obj
 .text.netif_init
                0x100087b8        0x4 CMakeFiles/final_project_embarcatech.dir/C_/Users/ferre/.pico-sdk/sdk/2.1.1/lib/lwip/src/core/netif.c.obj
                0x100087b8                netif_init
 .text.netif_add
                0x100087bc      0x174 CMakeFiles/final_project_embarcatech.dir/C_/Users/ferre/.pico-sdk/sdk/2.1.1/lib/lwip/src/core/netif.c.obj
                0x100087bc                netif_add
 .text.netif_set_addr
                0x10008930       0xb8 CMakeFiles/final_project_embarcatech.dir/C_/Users/ferre/.pico-sdk/sdk/2.1.1/lib/lwip/src/core/netif.c.obj
                0x10008930                netif_set_addr
 .text.netif_remove
                0x100089e8       0x94 CMakeFiles/final_project_embarcatech.dir/C_/Users/ferre/.pico-sdk/sdk/2.1.1/lib/lwip/src/core/netif.c.obj
                0x100089e8                netif_remove
 .text.netif_set_default
                0x10008a7c        0xc CMakeFiles/final_project_embarcatech.dir/C_/Users/ferre/.pico-sdk/sdk/2.1.1/lib/lwip/src/core/netif.c.obj
                0x10008a7c                netif_set_default
 .text.netif_set_up
                0x10008a88       0x40 CMakeFiles/final_project_embarcatech.dir/C_/Users/ferre/.pico-sdk/sdk/2.1.1/lib/lwip/src/core/netif.c.obj
                0x10008a88                netif_set_up
 .text.netif_set_link_up
                0x10008ac8       0x44 CMakeFiles/final_project_embarcatech.dir/C_/Users/ferre/.pico-sdk/sdk/2.1.1/lib/lwip/src/core/netif.c.obj
                0x10008ac8                netif_set_link_up
 .text.netif_set_link_down
                0x10008b0c       0x20 CMakeFiles/final_project_embarcatech.dir/C_/Users/ferre/.pico-sdk/sdk/2.1.1/lib/lwip/src/core/netif.c.obj
                0x10008b0c                netif_set_link_down
 .text.netif_get_by_index
                0x10008b2c       0x2c CMakeFiles/final_project_embarcatech.dir/C_/Users/ferre/.pico-sdk/sdk/2.1.1/lib/lwip/src/core/netif.c.obj
                0x10008b2c                netif_get_by_index
 .text.pbuf_free.part.0
                0x10008b58       0x7c CMakeFiles/final_project_embarcatech.dir/C_/Users/ferre/.pico-sdk/sdk/2.1.1/lib/lwip/src/core/pbuf.c.obj
 .text.pbuf_free_ooseq
                0x10008bd4       0x34 CMakeFiles/final_project_embarcatech.dir/C_/Users/ferre/.pico-sdk/sdk/2.1.1/lib/lwip/src/core/pbuf.c.obj
                0x10008bd4                pbuf_free_ooseq
 .text.pbuf_alloc
                0x10008c08      0x134 CMakeFiles/final_project_embarcatech.dir/C_/Users/ferre/.pico-sdk/sdk/2.1.1/lib/lwip/src/core/pbuf.c.obj
                0x10008c08                pbuf_alloc
 .text.pbuf_realloc
                0x10008d3c       0x84 CMakeFiles/final_project_embarcatech.dir/C_/Users/ferre/.pico-sdk/sdk/2.1.1/lib/lwip/src/core/pbuf.c.obj
                0x10008d3c                pbuf_realloc
 .text.pbuf_add_header
                0x10008dc0       0x54 CMakeFiles/final_project_embarcatech.dir/C_/Users/ferre/.pico-sdk/sdk/2.1.1/lib/lwip/src/core/pbuf.c.obj
                0x10008dc0                pbuf_add_header
 .text.pbuf_remove_header
                0x10008e14       0x3c CMakeFiles/final_project_embarcatech.dir/C_/Users/ferre/.pico-sdk/sdk/2.1.1/lib/lwip/src/core/pbuf.c.obj
                0x10008e14                pbuf_remove_header
 .text.pbuf_header_force
                0x10008e50       0x68 CMakeFiles/final_project_embarcatech.dir/C_/Users/ferre/.pico-sdk/sdk/2.1.1/lib/lwip/src/core/pbuf.c.obj
                0x10008e50                pbuf_header_force
 .text.pbuf_free
                0x10008eb8       0x18 CMakeFiles/final_project_embarcatech.dir/C_/Users/ferre/.pico-sdk/sdk/2.1.1/lib/lwip/src/core/pbuf.c.obj
                0x10008eb8                pbuf_free
 .text.pbuf_clen
                0x10008ed0       0x14 CMakeFiles/final_project_embarcatech.dir/C_/Users/ferre/.pico-sdk/sdk/2.1.1/lib/lwip/src/core/pbuf.c.obj
                0x10008ed0                pbuf_clen
 .text.pbuf_ref
                0x10008ee4       0x28 CMakeFiles/final_project_embarcatech.dir/C_/Users/ferre/.pico-sdk/sdk/2.1.1/lib/lwip/src/core/pbuf.c.obj
                0x10008ee4                pbuf_ref
 .text.pbuf_cat
                0x10008f0c       0x44 CMakeFiles/final_project_embarcatech.dir/C_/Users/ferre/.pico-sdk/sdk/2.1.1/lib/lwip/src/core/pbuf.c.obj
                0x10008f0c                pbuf_cat
 .text.pbuf_chain
                0x10008f50       0x64 CMakeFiles/final_project_embarcatech.dir/C_/Users/ferre/.pico-sdk/sdk/2.1.1/lib/lwip/src/core/pbuf.c.obj
                0x10008f50                pbuf_chain
 .text.pbuf_copy_partial_pbuf
                0x10008fb4      0x158 CMakeFiles/final_project_embarcatech.dir/C_/Users/ferre/.pico-sdk/sdk/2.1.1/lib/lwip/src/core/pbuf.c.obj
                0x10008fb4                pbuf_copy_partial_pbuf
 .text.pbuf_copy
                0x1000910c       0x18 CMakeFiles/final_project_embarcatech.dir/C_/Users/ferre/.pico-sdk/sdk/2.1.1/lib/lwip/src/core/pbuf.c.obj
                0x1000910c                pbuf_copy
 .text.pbuf_copy_partial
                0x10009124       0x70 CMakeFiles/final_project_embarcatech.dir/C_/Users/ferre/.pico-sdk/sdk/2.1.1/lib/lwip/src/core/pbuf.c.obj
                0x10009124                pbuf_copy_partial
 .text.pbuf_take
                0x10009194       0x78 CMakeFiles/final_project_embarcatech.dir/C_/Users/ferre/.pico-sdk/sdk/2.1.1/lib/lwip/src/core/pbuf.c.obj
                0x10009194                pbuf_take
 .text.pbuf_take_at
                0x1000920c       0xc0 CMakeFiles/final_project_embarcatech.dir/C_/Users/ferre/.pico-sdk/sdk/2.1.1/lib/lwip/src/core/pbuf.c.obj
                0x1000920c                pbuf_take_at
 .text.pbuf_clone
                0x100092cc       0x30 CMakeFiles/final_project_embarcatech.dir/C_/Users/ferre/.pico-sdk/sdk/2.1.1/lib/lwip/src/core/pbuf.c.obj
                0x100092cc                pbuf_clone
 .text.pbuf_put_at
                0x100092fc       0x1c CMakeFiles/final_project_embarcatech.dir/C_/Users/ferre/.pico-sdk/sdk/2.1.1/lib/lwip/src/core/pbuf.c.obj
                0x100092fc                pbuf_put_at
 .text.raw_input
                0x10009318      0x164 CMakeFiles/final_project_embarcatech.dir/C_/Users/ferre/.pico-sdk/sdk/2.1.1/lib/lwip/src/core/raw.c.obj
                0x10009318                raw_input
 .text.raw_netif_ip_addr_changed
                0x1000947c       0x40 CMakeFiles/final_project_embarcatech.dir/C_/Users/ferre/.pico-sdk/sdk/2.1.1/lib/lwip/src/core/raw.c.obj
                0x1000947c                raw_netif_ip_addr_changed
 .text.stats_init
                0x100094bc        0x4 CMakeFiles/final_project_embarcatech.dir/C_/Users/ferre/.pico-sdk/sdk/2.1.1/lib/lwip/src/core/stats.c.obj
                0x100094bc                stats_init
 .text.tcp_close_shutdown_fin
                0x100094c0       0x54 CMakeFiles/final_project_embarcatech.dir/C_/Users/ferre/.pico-sdk/sdk/2.1.1/lib/lwip/src/core/tcp.c.obj
 .text.tcp_pcb_purge.part.0
                0x10009514       0xc4 CMakeFiles/final_project_embarcatech.dir/C_/Users/ferre/.pico-sdk/sdk/2.1.1/lib/lwip/src/core/tcp.c.obj
 .text.tcp_init
                0x100095d8       0x20 CMakeFiles/final_project_embarcatech.dir/C_/Users/ferre/.pico-sdk/sdk/2.1.1/lib/lwip/src/core/tcp.c.obj
                0x100095d8                tcp_init
 .text.tcp_free
                0x100095f8       0x1c CMakeFiles/final_project_embarcatech.dir/C_/Users/ferre/.pico-sdk/sdk/2.1.1/lib/lwip/src/core/tcp.c.obj
                0x100095f8                tcp_free
 .text.tcp_bind
                0x10009614       0xf4 CMakeFiles/final_project_embarcatech.dir/C_/Users/ferre/.pico-sdk/sdk/2.1.1/lib/lwip/src/core/tcp.c.obj
                0x10009614                tcp_bind
 .text.tcp_listen_with_backlog
                0x10009708       0x98 CMakeFiles/final_project_embarcatech.dir/C_/Users/ferre/.pico-sdk/sdk/2.1.1/lib/lwip/src/core/tcp.c.obj
                0x10009708                tcp_listen_with_backlog
 .text.tcp_update_rcv_ann_wnd
                0x100097a0       0x58 CMakeFiles/final_project_embarcatech.dir/C_/Users/ferre/.pico-sdk/sdk/2.1.1/lib/lwip/src/core/tcp.c.obj
                0x100097a0                tcp_update_rcv_ann_wnd
 .text.tcp_recved
                0x100097f8       0x98 CMakeFiles/final_project_embarcatech.dir/C_/Users/ferre/.pico-sdk/sdk/2.1.1/lib/lwip/src/core/tcp.c.obj
                0x100097f8                tcp_recved
 .text.tcp_slowtmr
                0x10009890      0x514 CMakeFiles/final_project_embarcatech.dir/C_/Users/ferre/.pico-sdk/sdk/2.1.1/lib/lwip/src/core/tcp.c.obj
                0x10009890                tcp_slowtmr
 .text.tcp_segs_free
                0x10009da4       0x38 CMakeFiles/final_project_embarcatech.dir/C_/Users/ferre/.pico-sdk/sdk/2.1.1/lib/lwip/src/core/tcp.c.obj
                0x10009da4                tcp_segs_free
 .text.tcp_seg_free
                0x10009ddc       0x1c CMakeFiles/final_project_embarcatech.dir/C_/Users/ferre/.pico-sdk/sdk/2.1.1/lib/lwip/src/core/tcp.c.obj
                0x10009ddc                tcp_seg_free
 .text.tcp_seg_copy
                0x10009df8       0x2c CMakeFiles/final_project_embarcatech.dir/C_/Users/ferre/.pico-sdk/sdk/2.1.1/lib/lwip/src/core/tcp.c.obj
                0x10009df8                tcp_seg_copy
 .text.tcp_recv
                0x10009e24       0x1c CMakeFiles/final_project_embarcatech.dir/C_/Users/ferre/.pico-sdk/sdk/2.1.1/lib/lwip/src/core/tcp.c.obj
                0x10009e24                tcp_recv
 .text.tcp_accept
                0x10009e40       0x10 CMakeFiles/final_project_embarcatech.dir/C_/Users/ferre/.pico-sdk/sdk/2.1.1/lib/lwip/src/core/tcp.c.obj
                0x10009e40                tcp_accept
 .text.tcp_pcb_purge
                0x10009e50       0x18 CMakeFiles/final_project_embarcatech.dir/C_/Users/ferre/.pico-sdk/sdk/2.1.1/lib/lwip/src/core/tcp.c.obj
                0x10009e50                tcp_pcb_purge
 .text.tcp_pcb_remove
                0x10009e68       0xc8 CMakeFiles/final_project_embarcatech.dir/C_/Users/ferre/.pico-sdk/sdk/2.1.1/lib/lwip/src/core/tcp.c.obj
                0x10009e68                tcp_pcb_remove
 .text.tcp_abandon
                0x10009f30      0x1a0 CMakeFiles/final_project_embarcatech.dir/C_/Users/ferre/.pico-sdk/sdk/2.1.1/lib/lwip/src/core/tcp.c.obj
                0x10009f30                tcp_abandon
 .text.tcp_abort
                0x1000a0d0        0xc CMakeFiles/final_project_embarcatech.dir/C_/Users/ferre/.pico-sdk/sdk/2.1.1/lib/lwip/src/core/tcp.c.obj
                0x1000a0d0                tcp_abort
 .text.tcp_accept_null
                0x1000a0dc       0x20 CMakeFiles/final_project_embarcatech.dir/C_/Users/ferre/.pico-sdk/sdk/2.1.1/lib/lwip/src/core/tcp.c.obj
 .text.tcp_alloc
                0x1000a0fc      0x1d4 CMakeFiles/final_project_embarcatech.dir/C_/Users/ferre/.pico-sdk/sdk/2.1.1/lib/lwip/src/core/tcp.c.obj
                0x1000a0fc                tcp_alloc
 .text.tcp_new  0x1000a2d0        0xc CMakeFiles/final_project_embarcatech.dir/C_/Users/ferre/.pico-sdk/sdk/2.1.1/lib/lwip/src/core/tcp.c.obj
                0x1000a2d0                tcp_new
 .text.tcp_close_shutdown
                0x1000a2dc      0x188 CMakeFiles/final_project_embarcatech.dir/C_/Users/ferre/.pico-sdk/sdk/2.1.1/lib/lwip/src/core/tcp.c.obj
 .text.tcp_recv_null
                0x1000a464       0xcc CMakeFiles/final_project_embarcatech.dir/C_/Users/ferre/.pico-sdk/sdk/2.1.1/lib/lwip/src/core/tcp.c.obj
                0x1000a464                tcp_recv_null
 .text.tcp_process_refused_data
                0x1000a530       0x78 CMakeFiles/final_project_embarcatech.dir/C_/Users/ferre/.pico-sdk/sdk/2.1.1/lib/lwip/src/core/tcp.c.obj
                0x1000a530                tcp_process_refused_data
 .text.tcp_fasttmr
                0x1000a5a8       0x98 CMakeFiles/final_project_embarcatech.dir/C_/Users/ferre/.pico-sdk/sdk/2.1.1/lib/lwip/src/core/tcp.c.obj
                0x1000a5a8                tcp_fasttmr
 .text.tcp_tmr  0x1000a640       0x20 CMakeFiles/final_project_embarcatech.dir/C_/Users/ferre/.pico-sdk/sdk/2.1.1/lib/lwip/src/core/tcp.c.obj
                0x1000a640                tcp_tmr
 .text.tcp_close
                0x1000a660      0x170 CMakeFiles/final_project_embarcatech.dir/C_/Users/ferre/.pico-sdk/sdk/2.1.1/lib/lwip/src/core/tcp.c.obj
                0x1000a660                tcp_close
 .text.tcp_next_iss
                0x1000a7d0       0x28 CMakeFiles/final_project_embarcatech.dir/C_/Users/ferre/.pico-sdk/sdk/2.1.1/lib/lwip/src/core/tcp.c.obj
                0x1000a7d0                tcp_next_iss
 .text.tcp_eff_send_mss_netif
                0x1000a7f8       0x34 CMakeFiles/final_project_embarcatech.dir/C_/Users/ferre/.pico-sdk/sdk/2.1.1/lib/lwip/src/core/tcp.c.obj
                0x1000a7f8                tcp_eff_send_mss_netif
 .text.tcp_netif_ip_addr_changed
                0x1000a82c       0x94 CMakeFiles/final_project_embarcatech.dir/C_/Users/ferre/.pico-sdk/sdk/2.1.1/lib/lwip/src/core/tcp.c.obj
                0x1000a82c                tcp_netif_ip_addr_changed
 .text.tcp_free_ooseq
                0x1000a8c0       0x40 CMakeFiles/final_project_embarcatech.dir/C_/Users/ferre/.pico-sdk/sdk/2.1.1/lib/lwip/src/core/tcp.c.obj
                0x1000a8c0                tcp_free_ooseq
 .text.tcp_parseopt
                0x1000a900      0x1b0 CMakeFiles/final_project_embarcatech.dir/C_/Users/ferre/.pico-sdk/sdk/2.1.1/lib/lwip/src/core/tcp_in.c.obj
 .text.tcp_oos_insert_segment
                0x1000aab0       0xcc CMakeFiles/final_project_embarcatech.dir/C_/Users/ferre/.pico-sdk/sdk/2.1.1/lib/lwip/src/core/tcp_in.c.obj
 .text.tcp_free_acked_segments.isra.0
                0x1000ab7c       0xdc CMakeFiles/final_project_embarcatech.dir/C_/Users/ferre/.pico-sdk/sdk/2.1.1/lib/lwip/src/core/tcp_in.c.obj
 .text.tcp_receive
                0x1000ac58      0xa2c CMakeFiles/final_project_embarcatech.dir/C_/Users/ferre/.pico-sdk/sdk/2.1.1/lib/lwip/src/core/tcp_in.c.obj
 .text.tcp_input
                0x1000b684      0xe3c CMakeFiles/final_project_embarcatech.dir/C_/Users/ferre/.pico-sdk/sdk/2.1.1/lib/lwip/src/core/tcp_in.c.obj
                0x1000b684                tcp_input
 .text.tcp_trigger_input_pcb_close
                0x1000c4c0       0x10 CMakeFiles/final_project_embarcatech.dir/C_/Users/ferre/.pico-sdk/sdk/2.1.1/lib/lwip/src/core/tcp_in.c.obj
                0x1000c4c0                tcp_trigger_input_pcb_close
 .text.tcp_create_segment
                0x1000c4d0       0xe8 CMakeFiles/final_project_embarcatech.dir/C_/Users/ferre/.pico-sdk/sdk/2.1.1/lib/lwip/src/core/tcp_out.c.obj
 .text.tcp_output_control_segment
                0x1000c5b8       0xb4 CMakeFiles/final_project_embarcatech.dir/C_/Users/ferre/.pico-sdk/sdk/2.1.1/lib/lwip/src/core/tcp_out.c.obj
 .text.tcp_write
                0x1000c66c      0x470 CMakeFiles/final_project_embarcatech.dir/C_/Users/ferre/.pico-sdk/sdk/2.1.1/lib/lwip/src/core/tcp_out.c.obj
                0x1000c66c                tcp_write
 .text.tcp_split_unsent_seg
                0x1000cadc      0x1b4 CMakeFiles/final_project_embarcatech.dir/C_/Users/ferre/.pico-sdk/sdk/2.1.1/lib/lwip/src/core/tcp_out.c.obj
                0x1000cadc                tcp_split_unsent_seg
 .text.tcp_send_fin
                0x1000cc90      0x118 CMakeFiles/final_project_embarcatech.dir/C_/Users/ferre/.pico-sdk/sdk/2.1.1/lib/lwip/src/core/tcp_out.c.obj
                0x1000cc90                tcp_send_fin
 .text.tcp_enqueue_flags
                0x1000cda8      0x12c CMakeFiles/final_project_embarcatech.dir/C_/Users/ferre/.pico-sdk/sdk/2.1.1/lib/lwip/src/core/tcp_out.c.obj
                0x1000cda8                tcp_enqueue_flags
 .text.tcp_rexmit_rto_prepare
                0x1000ced4       0x9c CMakeFiles/final_project_embarcatech.dir/C_/Users/ferre/.pico-sdk/sdk/2.1.1/lib/lwip/src/core/tcp_out.c.obj
                0x1000ced4                tcp_rexmit_rto_prepare
 .text.tcp_rexmit
                0x1000cf70       0x9c CMakeFiles/final_project_embarcatech.dir/C_/Users/ferre/.pico-sdk/sdk/2.1.1/lib/lwip/src/core/tcp_out.c.obj
                0x1000cf70                tcp_rexmit
 .text.tcp_rexmit_fast
                0x1000d00c       0x64 CMakeFiles/final_project_embarcatech.dir/C_/Users/ferre/.pico-sdk/sdk/2.1.1/lib/lwip/src/core/tcp_out.c.obj
                0x1000d00c                tcp_rexmit_fast
 .text.tcp_rst  0x1000d070       0xe8 CMakeFiles/final_project_embarcatech.dir/C_/Users/ferre/.pico-sdk/sdk/2.1.1/lib/lwip/src/core/tcp_out.c.obj
                0x1000d070                tcp_rst
 .text.tcp_rst_netif
                0x1000d158      0x130 CMakeFiles/final_project_embarcatech.dir/C_/Users/ferre/.pico-sdk/sdk/2.1.1/lib/lwip/src/core/tcp_out.c.obj
                0x1000d158                tcp_rst_netif
 .text.tcp_send_empty_ack
                0x1000d288       0xf0 CMakeFiles/final_project_embarcatech.dir/C_/Users/ferre/.pico-sdk/sdk/2.1.1/lib/lwip/src/core/tcp_out.c.obj
                0x1000d288                tcp_send_empty_ack
 .text.tcp_output
                0x1000d378      0x44c CMakeFiles/final_project_embarcatech.dir/C_/Users/ferre/.pico-sdk/sdk/2.1.1/lib/lwip/src/core/tcp_out.c.obj
                0x1000d378                tcp_output
 .text.tcp_rexmit_rto_commit
                0x1000d7c4       0x24 CMakeFiles/final_project_embarcatech.dir/C_/Users/ferre/.pico-sdk/sdk/2.1.1/lib/lwip/src/core/tcp_out.c.obj
                0x1000d7c4                tcp_rexmit_rto_commit
 .text.tcp_rexmit_rto
                0x1000d7e8       0xa4 CMakeFiles/final_project_embarcatech.dir/C_/Users/ferre/.pico-sdk/sdk/2.1.1/lib/lwip/src/core/tcp_out.c.obj
                0x1000d7e8                tcp_rexmit_rto
 .text.tcp_keepalive
                0x1000d88c       0xdc CMakeFiles/final_project_embarcatech.dir/C_/Users/ferre/.pico-sdk/sdk/2.1.1/lib/lwip/src/core/tcp_out.c.obj
                0x1000d88c                tcp_keepalive
 .text.tcp_zero_window_probe
                0x1000d968      0x1a8 CMakeFiles/final_project_embarcatech.dir/C_/Users/ferre/.pico-sdk/sdk/2.1.1/lib/lwip/src/core/tcp_out.c.obj
                0x1000d968                tcp_zero_window_probe
 .text.tcpip_tcp_timer
                0x1000db10       0x78 CMakeFiles/final_project_embarcatech.dir/C_/Users/ferre/.pico-sdk/sdk/2.1.1/lib/lwip/src/core/timeouts.c.obj
 .text.lwip_cyclic_timer
                0x1000db88       0x98 CMakeFiles/final_project_embarcatech.dir/C_/Users/ferre/.pico-sdk/sdk/2.1.1/lib/lwip/src/core/timeouts.c.obj
 .text.tcp_timer_needed
                0x1000dc20       0x7c CMakeFiles/final_project_embarcatech.dir/C_/Users/ferre/.pico-sdk/sdk/2.1.1/lib/lwip/src/core/timeouts.c.obj
                0x1000dc20                tcp_timer_needed
 .text.sys_timeouts_init
                0x1000dc9c       0x8c CMakeFiles/final_project_embarcatech.dir/C_/Users/ferre/.pico-sdk/sdk/2.1.1/lib/lwip/src/core/timeouts.c.obj
                0x1000dc9c                sys_timeouts_init
 .text.sys_check_timeouts
                0x1000dd28       0x68 CMakeFiles/final_project_embarcatech.dir/C_/Users/ferre/.pico-sdk/sdk/2.1.1/lib/lwip/src/core/timeouts.c.obj
                0x1000dd28                sys_check_timeouts
 .text.sys_timeouts_sleeptime
                0x1000dd90       0x28 CMakeFiles/final_project_embarcatech.dir/C_/Users/ferre/.pico-sdk/sdk/2.1.1/lib/lwip/src/core/timeouts.c.obj
                0x1000dd90                sys_timeouts_sleeptime
 .text.udp_init
                0x1000ddb8       0x20 CMakeFiles/final_project_embarcatech.dir/C_/Users/ferre/.pico-sdk/sdk/2.1.1/lib/lwip/src/core/udp.c.obj
                0x1000ddb8                udp_init
 .text.udp_input
                0x1000ddd8      0x350 CMakeFiles/final_project_embarcatech.dir/C_/Users/ferre/.pico-sdk/sdk/2.1.1/lib/lwip/src/core/udp.c.obj
                0x1000ddd8                udp_input
 .text.udp_bind
                0x1000e128      0x10c CMakeFiles/final_project_embarcatech.dir/C_/Users/ferre/.pico-sdk/sdk/2.1.1/lib/lwip/src/core/udp.c.obj
                0x1000e128                udp_bind
 .text.udp_sendto_if_src
                0x1000e234      0x130 CMakeFiles/final_project_embarcatech.dir/C_/Users/ferre/.pico-sdk/sdk/2.1.1/lib/lwip/src/core/udp.c.obj
                0x1000e234                udp_sendto_if_src
 .text.udp_sendto_if
                0x1000e364       0x48 CMakeFiles/final_project_embarcatech.dir/C_/Users/ferre/.pico-sdk/sdk/2.1.1/lib/lwip/src/core/udp.c.obj
                0x1000e364                udp_sendto_if
 .text.udp_sendto
                0x1000e3ac       0x78 CMakeFiles/final_project_embarcatech.dir/C_/Users/ferre/.pico-sdk/sdk/2.1.1/lib/lwip/src/core/udp.c.obj
                0x1000e3ac                udp_sendto
 .text.udp_connect
                0x1000e424       0x5c CMakeFiles/final_project_embarcatech.dir/C_/Users/ferre/.pico-sdk/sdk/2.1.1/lib/lwip/src/core/udp.c.obj
                0x1000e424                udp_connect
 .text.udp_recv
                0x1000e480        0xc CMakeFiles/final_project_embarcatech.dir/C_/Users/ferre/.pico-sdk/sdk/2.1.1/lib/lwip/src/core/udp.c.obj
                0x1000e480                udp_recv
 .text.udp_remove
                0x1000e48c       0x3c CMakeFiles/final_project_embarcatech.dir/C_/Users/ferre/.pico-sdk/sdk/2.1.1/lib/lwip/src/core/udp.c.obj
                0x1000e48c                udp_remove
 .text.udp_new  0x1000e4c8       0x1c CMakeFiles/final_project_embarcatech.dir/C_/Users/ferre/.pico-sdk/sdk/2.1.1/lib/lwip/src/core/udp.c.obj
                0x1000e4c8                udp_new
 .text.udp_netif_ip_addr_changed
                0x1000e4e4       0x40 CMakeFiles/final_project_embarcatech.dir/C_/Users/ferre/.pico-sdk/sdk/2.1.1/lib/lwip/src/core/udp.c.obj
                0x1000e4e4                udp_netif_ip_addr_changed
 .text.dhcp_create_msg
                0x1000e524      0x160 CMakeFiles/final_project_embarcatech.dir/C_/Users/ferre/.pico-sdk/sdk/2.1.1/lib/lwip/src/core/ipv4/dhcp.c.obj
 .text.dhcp_inc_pcb_refcount
                0x1000e684       0x6c CMakeFiles/final_project_embarcatech.dir/C_/Users/ferre/.pico-sdk/sdk/2.1.1/lib/lwip/src/core/ipv4/dhcp.c.obj
 .text.dhcp_bind
                0x1000e6f0      0x144 CMakeFiles/final_project_embarcatech.dir/C_/Users/ferre/.pico-sdk/sdk/2.1.1/lib/lwip/src/core/ipv4/dhcp.c.obj
 .text.dhcp_option_hostname.isra.0
                0x1000e834       0x74 CMakeFiles/final_project_embarcatech.dir/C_/Users/ferre/.pico-sdk/sdk/2.1.1/lib/lwip/src/core/ipv4/dhcp.c.obj
 .text.dhcp_handle_ack.isra.0
                0x1000e8a8       0xcc CMakeFiles/final_project_embarcatech.dir/C_/Users/ferre/.pico-sdk/sdk/2.1.1/lib/lwip/src/core/ipv4/dhcp.c.obj
 .text.dhcp_reboot.isra.0
                0x1000e974      0x17c CMakeFiles/final_project_embarcatech.dir/C_/Users/ferre/.pico-sdk/sdk/2.1.1/lib/lwip/src/core/ipv4/dhcp.c.obj
 .text.dhcp_discover.isra.0
                0x1000eaf0      0x138 CMakeFiles/final_project_embarcatech.dir/C_/Users/ferre/.pico-sdk/sdk/2.1.1/lib/lwip/src/core/ipv4/dhcp.c.obj
 .text.dhcp_select.isra.0
                0x1000ec28      0x1e0 CMakeFiles/final_project_embarcatech.dir/C_/Users/ferre/.pico-sdk/sdk/2.1.1/lib/lwip/src/core/ipv4/dhcp.c.obj
 .text.dhcp_recv
                0x1000ee08      0x4a8 CMakeFiles/final_project_embarcatech.dir/C_/Users/ferre/.pico-sdk/sdk/2.1.1/lib/lwip/src/core/ipv4/dhcp.c.obj
 .text.dhcp_set_struct
                0x1000f2b0       0x44 CMakeFiles/final_project_embarcatech.dir/C_/Users/ferre/.pico-sdk/sdk/2.1.1/lib/lwip/src/core/ipv4/dhcp.c.obj
                0x1000f2b0                dhcp_set_struct
 .text.dhcp_start
                0x1000f2f4       0xa8 CMakeFiles/final_project_embarcatech.dir/C_/Users/ferre/.pico-sdk/sdk/2.1.1/lib/lwip/src/core/ipv4/dhcp.c.obj
                0x1000f2f4                dhcp_start
 .text.dhcp_network_changed_link_up