Archive member included to satisfy reference by file (symbol)

C:/Users/ferre/.pico-sdk/toolchain/14_2_Rel1/bin/../lib/gcc/arm-none-eabi/14.2.1/thumb/v6-m/nofp\libgcc.a(_dvmd_tls.o)
                              CMakeFiles/final_project_embarcatech.dir/C_/Users/ferre/.pico-sdk/sdk/2.1.1/src/rp2_common/pico_divider/divider_hardware.S.obj (__aeabi_idiv0)
C:/Users/ferre/.pico-sdk/toolchain/14_2_Rel1/bin/../lib/gcc/arm-none-eabi/14.2.1/thumb/v6-m/nofp\libg.a(libc_a-atoi.o)
                              CMakeFiles/final_project_embarcatech.dir/C_/Users/ferre/.pico-sdk/sdk/2.1.1/lib/lwip/src/core/netif.c.obj (atoi)
C:/Users/ferre/.pico-sdk/toolchain/14_2_Rel1/bin/../lib/gcc/arm-none-eabi/14.2.1/thumb/v6-m/nofp\libg.a(libc_a-calloc.o)
                              CMakeFiles/final_project_embarcatech.dir/C_/Users/ferre/.pico-sdk/sdk/2.1.1/src/rp2_common/pico_malloc/malloc.c.obj (calloc)
C:/Users/ferre/.pico-sdk/toolchain/14_2_Rel1/bin/../lib/gcc/arm-none-eabi/14.2.1/thumb/v6-m/nofp\libg.a(libc_a-callocr.o)
                              C:/Users/ferre/.pico-sdk/toolchain/14_2_Rel1/bin/../lib/gcc/arm-none-eabi/14.2.1/thumb/v6-m/nofp\libg.a(libc_a-calloc.o) (_calloc_r)
C:/Users/ferre/.pico-sdk/toolchain/14_2_Rel1/bin/../lib/gcc/arm-none-eabi/14.2.1/thumb/v6-m/nofp\libg.a(libc_a-malloc.o)
                              CMakeFiles/final_project_embarcatech.dir/C_/Users/ferre/.pico-sdk/sdk/2.1.1/src/rp2_common/pico_malloc/malloc.c.obj (malloc)
C:/Users/ferre/.pico-sdk/toolchain/14_2_Rel1/bin/../lib/gcc/arm-none-eabi/14.2.1/thumb/v6-m/nofp\libg.a(libc_a-mallocr.o)
                              C:/Users/ferre/.pico-sdk/toolchain/14_2_Rel1/bin/../lib/gcc/arm-none-eabi/14.2.1/thumb/v6-m/nofp\libg.a(libc_a-callocr.o) (_malloc_r)
C:/Users/ferre/.pico-sdk/toolchain/14_2_Rel1/bin/../lib/gcc/arm-none-eabi/14.2.1/thumb/v6-m/nofp\libg.a(libc_a-mlock.o)
                              C:/Users/ferre/.pico-sdk/toolchain/14_2_Rel1/bin/../lib/gcc/arm-none-eabi/14.2.1/thumb/v6-m/nofp\libg.a(libc_a-mallocr.o) (__malloc_lock)
C:/Users/ferre/.pico-sdk/toolchain/14_2_Rel1/bin/../lib/gcc/arm-none-eabi/14.2.1/thumb/v6-m/nofp\libg.a(libc_a-realloc.o)
                              CMakeFiles/final_project_embarcatech.dir/C_/Users/ferre/.pico-sdk/sdk/2.1.1/src/rp2_common/pico_malloc/malloc.c.obj (realloc)
C:/Users/ferre/.pico-sdk/toolchain/14_2_Rel1/bin/../lib/gcc/arm-none-eabi/14.2.1/thumb/v6-m/nofp\libg.a(libc_a-reallocr.o)
                              C:/Users/ferre/.pico-sdk/toolchain/14_2_Rel1/bin/../lib/gcc/arm-none-eabi/14.2.1/thumb/v6-m/nofp\libg.a(libc_a-realloc.o) (_realloc_r)
C:/Users/ferre/.pico-sdk/toolchain/14_2_Rel1/bin/../lib/gcc/arm-none-eabi/14.2.1/thumb/v6-m/nofp\libg.a(libc_a-strtol.o)
                              C:/Users/ferre/.pico-sdk/toolchain/14_2_Rel1/bin/../lib/gcc/arm-none-eabi/14.2.1/thumb/v6-m/nofp\libg.a(libc_a-atoi.o) (_strtol_r)
C:/Users/ferre/.pico-sdk/toolchain/14_2_Rel1/bin/../lib/gcc/arm-none-eabi/14.2.1/thumb/v6-m/nofp\libg.a(libc_a-ctype_.o)
                              CMakeFiles/final_project_embarcatech.dir/C_/Users/ferre/.pico-sdk/sdk/2.1.1/lib/lwip/src/core/dns.c.obj (_ctype_)
C:/Users/ferre/.pico-sdk/toolchain/14_2_Rel1/bin/../lib/gcc/arm-none-eabi/14.2.1/thumb/v6-m/nofp\libg.a(libc_a-memcmp.o)
                              CMakeFiles/final_project_embarcatech.dir/C_/Users/ferre/.pico-sdk/sdk/2.1.1/src/rp2_common/pico_atomic/atomic.c.obj (memcmp)
C:/Users/ferre/.pico-sdk/toolchain/14_2_Rel1/bin/../lib/gcc/arm-none-eabi/14.2.1/thumb/v6-m/nofp\libg.a(libc_a-memmove.o)
                              CMakeFiles/final_project_embarcatech.dir/C_/Users/ferre/.pico-sdk/sdk/2.1.1/lib/lwip/src/core/def.c.obj (memmove)
C:/Users/ferre/.pico-sdk/toolchain/14_2_Rel1/bin/../lib/gcc/arm-none-eabi/14.2.1/thumb/v6-m/nofp\libg.a(libc_a-strncmp.o)
                              CMakeFiles/final_project_embarcatech.dir/C_/Users/ferre/.pico-sdk/sdk/2.1.1/lib/lwip/src/core/def.c.obj (strncmp)
C:/Users/ferre/.pico-sdk/toolchain/14_2_Rel1/bin/../lib/gcc/arm-none-eabi/14.2.1/thumb/v6-m/nofp\libg.a(libc_a-lcltime_r.o)
                              CMakeFiles/final_project_embarcatech.dir/C_/Users/ferre/.pico-sdk/sdk/2.1.1/src/common/pico_util/datetime.c.obj (localtime_r)
C:/Users/ferre/.pico-sdk/toolchain/14_2_Rel1/bin/../lib/gcc/arm-none-eabi/14.2.1/thumb/v6-m/nofp\libg.a(libc_a-mktime.o)
                              CMakeFiles/final_project_embarcatech.dir/C_/Users/ferre/.pico-sdk/sdk/2.1.1/src/common/pico_util/datetime.c.obj (mktime)
C:/Users/ferre/.pico-sdk/toolchain/14_2_Rel1/bin/../lib/gcc/arm-none-eabi/14.2.1/thumb/v6-m/nofp\libg.a(libc_a-month_lengths.o)
                              C:/Users/ferre/.pico-sdk/toolchain/14_2_Rel1/bin/../lib/gcc/arm-none-eabi/14.2.1/thumb/v6-m/nofp\libg.a(libc_a-lcltime_r.o) (__month_lengths)
C:/Users/ferre/.pico-sdk/toolchain/14_2_Rel1/bin/../lib/gcc/arm-none-eabi/14.2.1/thumb/v6-m/nofp\libg.a(libc_a-tzcalc_limits.o)
[...]
Memory Configuration

Name             Origin             Length             Attributes
FLASH            0x10000000         0x00200000         xr
RAM              0x20000000         0x00040000         xrw
SCRATCH_X        0x20040000         0x00001000         xrw
SCRATCH_Y        0x20041000         0x00001000         xrw
*default*        0x00000000         0xffffffff

Linker script and memory map

LOAD C:/Users/ferre/.pico-sdk/toolchain/14_2_Rel1/bin/../lib/gcc/arm-none-eabi/14.2.1/thumb/v6-m/nofp/crti.o
LOAD C:/Users/ferre/.pico-sdk/toolchain/14_2_Rel1/bin/../lib/gcc/arm-none-eabi/14.2.1/thumb/v6-m/nofp/crtbegin.o
LOAD C:/Users/ferre/.pico-sdk/toolchain/14_2_Rel1/bin/../lib/gcc/arm-none-eabi/14.2.1/thumb/v6-m/nofp/crt0.o

.flash_begin    0x10000000        0x0
                0x10000000                        __flash_binary_start = .

.boot2          0x10000000      0x100
                0x10000000                        __boot2_start__ = .
 *(.boot2)
 .boot2         0x10000000      0x100 pico-sdk/src/rp2040/boot_stage2/CMakeFiles/bs2_default_library.dir/./bs2_default_padded_checksummed.S.obj
                0x10000100                        __boot2_end__ = .
                0x00000001                        ASSERT (((__boot2_end__ - __boot2_start__) == 0x100), ERROR: Pico second stage bootloader must be 256 bytes in size)

.text           0x10000100    0x12b84
                0x10000100                        __logical_binary_start = .
 *(.vectors)
 .vectors       0x10000100       0xd4 CMakeFiles/final_project_embarcatech.dir/C_/Users/ferre/.pico-sdk/sdk/2.1.1/src/rp2_common/pico_crt0/crt0.S.obj
                0x10000100                __VECTOR_TABLE
                0x10000100                __vectors
                0x100001c0                isr_invalid
                0x100001c0                __default_isrs_start
                0x100001c2                isr_nmi
                0x100001c4                isr_hardfault
                0x100001c6                isr_svcall
                0x100001c8                isr_pendsv
                0x100001ca                isr_systick
                0x100001cc                isr_irq23
                0x100001cc                isr_irq18
                0x100001cc                isr_irq11
                0x100001cc                isr_irq28
                0x100001cc                isr_irq19
                0x100001cc                isr_irq0
                0x100001cc                isr_irq6
                0x100001cc                isr_irq5
                0x100001cc                isr_irq12
                0x100001cc                isr_irq22
                0x100001cc                isr_irq31
                0x100001cc                isr_irq17
                0x100001cc                isr_irq27
                0x100001cc                isr_irq30
                0x100001cc                isr_irq2
                0x100001cc                isr_irq10
                0x100001cc                isr_irq8
                0x100001cc                isr_irq24
                0x100001cc                isr_irq1
                0x100001cc                isr_irq7
                0x100001cc                isr_irq21
                0x100001cc                isr_irq20
                0x100001cc                isr_irq15
                0x100001cc                isr_irq25
                0x100001cc                isr_irq13
                0x100001cc                __unhandled_user_irq
                0x100001cc                isr_irq4
                0x100001cc                isr_irq16
                0x100001cc                isr_irq29
                0x100001cc                isr_irq26
                0x100001cc                __default_isrs_end
                0x100001cc                isr_irq3
                0x100001cc                isr_irq14
                0x100001cc                isr_irq9
                0x100001d2                unhandled_user_irq_num_in_r0
 *(.binary_info_header)
 .binary_info_header
                0x100001d4       0x14 CMakeFiles/final_project_embarcatech.dir/C_/Users/ferre/.pico-sdk/sdk/2.1.1/src/rp2_common/pico_crt0/crt0.S.obj
                0x100001e8                        __binary_info_header_end = .
 *(.embedded_block)
                0x100001e8                        __embedded_block_end = .
 *(.reset)
 .reset         0x100001e8       0x9c CMakeFiles/final_project_embarcatech.dir/C_/Users/ferre/.pico-sdk/sdk/2.1.1/src/rp2_common/pico_crt0/crt0.S.obj
                0x100001e8                _entry_point
 *(.init)
 .init          0x10000284        0x4 C:/Users/ferre/.pico-sdk/toolchain/14_2_Rel1/bin/../lib/gcc/arm-none-eabi/14.2.1/thumb/v6-m/nofp/crti.o
                0x10000284                _init
 *(EXCLUDE_FILE(*libm.a: *libc.a:*lib_a-mem*.o *libgcc.a:) .text*)
 .text.register_tm_clones
                0x10000288       0x28 C:/Users/ferre/.pico-sdk/toolchain/14_2_Rel1/bin/../lib/gcc/arm-none-eabi/14.2.1/thumb/v6-m/nofp/crtbegin.o
 .text.frame_dummy
                0x100002b0       0x24 C:/Users/ferre/.pico-sdk/toolchain/14_2_Rel1/bin/../lib/gcc/arm-none-eabi/14.2.1/thumb/v6-m/nofp/crtbegin.o
 .text.startup.main
                0x100002d4       0x64 CMakeFiles/final_project_embarcatech.dir/main.c.obj
                0x100002d4                main
 .text.joystick_init
                0x10000338       0x74 CMakeFiles/final_project_embarcatech.dir/src/joystick.c.obj
                0x10000338                joystick_init
 .text.process_joystick_data
                0x100003ac      0x1c8 CMakeFiles/final_project_embarcatech.dir/src/joystick.c.obj
                0x100003ac                process_joystick_data
 .text.oled_display_init
                0x10000574       0x68 CMakeFiles/final_project_embarcatech.dir/src/oled_display.c.obj
                0x10000574                oled_display_init
 .text.oled_display_update
                0x100005dc       0x7c CMakeFiles/final_project_embarcatech.dir/src/oled_display.c.obj
                0x100005dc                oled_display_update
 .text.ssd1306_init
                0x10000658       0x34 CMakeFiles/final_project_embarcatech.dir/src/ssd1306.c.obj
                0x10000658                ssd1306_init
 .text.ssd1306_send_data
                0x1000068c       0x8c CMakeFiles/final_project_embarcatech.dir/src/ssd1306.c.obj
                0x1000068c                ssd1306_send_data
 .text.ssd1306_fill
                0x10000718       0x7c CMakeFiles/final_project_embarcatech.dir/src/ssd1306.c.obj
                0x10000718                ssd1306_fill
 .text.ssd1306_draw_char
                0x10000794      0x240 CMakeFiles/final_project_embarcatech.dir/src/ssd1306.c.obj
                0x10000794                ssd1306_draw_char
 .text.ssd1306_draw_string
                0x100009d4       0x40 CMakeFiles/final_project_embarcatech.dir/src/ssd1306.c.obj
                0x100009d4                ssd1306_draw_string
 .text.connection_callback
                0x10000a14       0x14 CMakeFiles/final_project_embarcatech.dir/src/wifi.c.obj
 .text.http_callback
                0x10000a28       0x64 CMakeFiles/final_project_embarcatech.dir/src/wifi.c.obj
 .text.wifi_init
                0x10000a8c       0x9c CMakeFiles/final_project_embarcatech.dir/src/wifi.c.obj
                0x10000a8c                wifi_init
 .text.gpio_set_function
                0x10000b28       0x34 CMakeFiles/final_project_embarcatech.dir/C_/Users/ferre/.pico-sdk/sdk/2.1.1/src/rp2_common/hardware_gpio/gpio.c.obj
                0x10000b28                gpio_set_function
 .text.gpio_set_pulls
                0x10000b5c       0x28 CMakeFiles/final_project_embarcatech.dir/C_/Users/ferre/.pico-sdk/sdk/2.1.1/src/rp2_common/hardware_gpio/gpio.c.obj
                0x10000b5c                gpio_set_pulls
 .text.gpio_set_input_hysteresis_enabled
                0x10000b84       0x28 CMakeFiles/final_project_embarcatech.dir/C_/Users/ferre/.pico-sdk/sdk/2.1.1/src/rp2_common/hardware_gpio/gpio.c.obj
                0x10000b84                gpio_set_input_hysteresis_enabled
 .text.gpio_set_irq_enabled
                0x10000bac       0x58 CMakeFiles/final_project_embarcatech.dir/C_/Users/ferre/.pico-sdk/sdk/2.1.1/src/rp2_common/hardware_gpio/gpio.c.obj
                0x10000bac                gpio_set_irq_enabled
 .text.gpio_add_raw_irq_handler_with_order_priority_masked
                0x10000c04       0x44 CMakeFiles/final_project_embarcatech.dir/C_/Users/ferre/.pico-sdk/sdk/2.1.1/src/rp2_common/hardware_gpio/gpio.c.obj
                0x10000c04                gpio_add_raw_irq_handler_with_order_priority_masked
 .text.gpio_remove_raw_irq_handler_masked
                0x10000c48       0x20 CMakeFiles/final_project_embarcatech.dir/C_/Users/ferre/.pico-sdk/sdk/2.1.1/src/rp2_common/hardware_gpio/gpio.c.obj
                0x10000c48                gpio_remove_raw_irq_handler_masked
 .text.gpio_set_input_enabled
                0x10000c68       0x28 CMakeFiles/final_project_embarcatech.dir/C_/Users/ferre/.pico-sdk/sdk/2.1.1/src/rp2_common/hardware_gpio/gpio.c.obj
                0x10000c68                gpio_set_input_enabled
 .text.gpio_init
                0x10000c90       0x40 CMakeFiles/final_project_embarcatech.dir/C_/Users/ferre/.pico-sdk/sdk/2.1.1/src/rp2_common/hardware_gpio/gpio.c.obj
                0x10000c90                gpio_init
 .text.rp2040_chip_version
                0x10000cd0        0xc CMakeFiles/final_project_embarcatech.dir/C_/Users/ferre/.pico-sdk/sdk/2.1.1/src/rp2040/pico_platform/platform.c.obj
                0x10000cd0                rp2040_chip_version
 .text.panic    0x10000cdc       0x30 CMakeFiles/final_project_embarcatech.dir/C_/Users/ferre/.pico-sdk/sdk/2.1.1/src/rp2_common/pico_platform_panic/panic.c.obj
                0x10000cdc                panic
 .text.hw_claim_lock
                0x10000d0c       0x18 CMakeFiles/final_project_embarcatech.dir/C_/Users/ferre/.pico-sdk/sdk/2.1.1/src/common/hardware_claim/claim.c.obj
                0x10000d0c                hw_claim_lock
 .text.hw_claim_unlock
                0x10000d24       0x14 CMakeFiles/final_project_embarcatech.dir/C_/Users/ferre/.pico-sdk/sdk/2.1.1/src/common/hardware_claim/claim.c.obj
                0x10000d24                hw_claim_unlock
 .text.hw_claim_or_assert
                0x10000d38       0x44 CMakeFiles/final_project_embarcatech.dir/C_/Users/ferre/.pico-sdk/sdk/2.1.1/src/common/hardware_claim/claim.c.obj
                0x10000d38                hw_claim_or_assert
 .text.hw_claim_unused_from_range
                0x10000d7c       0x88 CMakeFiles/final_project_embarcatech.dir/C_/Users/ferre/.pico-sdk/sdk/2.1.1/src/common/hardware_claim/claim.c.obj
                0x10000d7c                hw_claim_unused_from_range
 .text.hw_claim_clear
                0x10000e04       0x38 CMakeFiles/final_project_embarcatech.dir/C_/Users/ferre/.pico-sdk/sdk/2.1.1/src/common/hardware_claim/claim.c.obj
                0x10000e04                hw_claim_clear
 .text.next_striped_spin_lock_num
                0x10000e3c       0x18 CMakeFiles/final_project_embarcatech.dir/C_/Users/ferre/.pico-sdk/sdk/2.1.1/src/rp2_common/hardware_sync/sync.c.obj
                0x10000e3c                next_striped_spin_lock_num
 .text.spin_lock_claim_unused
                0x10000e54       0x24 CMakeFiles/final_project_embarcatech.dir/C_/Users/ferre/.pico-sdk/sdk/2.1.1/src/rp2_common/hardware_sync/sync.c.obj
                0x10000e54                spin_lock_claim_unused
 .text.spin_locks_reset
                0x10000e78       0x1c CMakeFiles/final_project_embarcatech.dir/C_/Users/ferre/.pico-sdk/sdk/2.1.1/src/rp2_common/hardware_sync_spin_lock/sync_spin_lock.c.obj
                0x10000e78                spin_locks_reset
 .text.runtime_init_per_core_irq_priorities
                0x10000e94       0x24 CMakeFiles/final_project_embarcatech.dir/C_/Users/ferre/.pico-sdk/sdk/2.1.1/src/rp2_common/hardware_irq/irq.c.obj
                0x10000e94                runtime_init_per_core_irq_priorities
 .text.irq_set_enabled
                0x10000eb8       0x24 CMakeFiles/final_project_embarcatech.dir/C_/Users/ferre/.pico-sdk/sdk/2.1.1/src/rp2_common/hardware_irq/irq.c.obj
                0x10000eb8                irq_set_enabled
 .text.irq_is_enabled
                0x10000edc       0x18 CMakeFiles/final_project_embarcatech.dir/C_/Users/ferre/.pico-sdk/sdk/2.1.1/src/rp2_common/hardware_irq/irq.c.obj
                0x10000edc                irq_is_enabled
 .text.irq_set_pending
                0x10000ef4       0x10 CMakeFiles/final_project_embarcatech.dir/C_/Users/ferre/.pico-sdk/sdk/2.1.1/src/rp2_common/hardware_irq/irq.c.obj
                0x10000ef4                irq_set_pending
 .text.irq_has_shared_handler
                0x10000f04       0x24 CMakeFiles/final_project_embarcatech.dir/C_/Users/ferre/.pico-sdk/sdk/2.1.1/src/rp2_common/hardware_irq/irq.c.obj
                0x10000f04                irq_has_shared_handler
 .text.irq_set_exclusive_handler
                0x10000f28       0x54 CMakeFiles/final_project_embarcatech.dir/C_/Users/ferre/.pico-sdk/sdk/2.1.1/src/rp2_common/hardware_irq/irq.c.obj
                0x10000f28                irq_set_exclusive_handler
 .text.irq_add_shared_handler
                0x10000f7c      0x1f4 CMakeFiles/final_project_embarcatech.dir/C_/Users/ferre/.pico-sdk/sdk/2.1.1/src/rp2_common/hardware_irq/irq.c.obj
                0x10000f7c                irq_add_shared_handler
 .text.irq_remove_handler
                0x10001170      0x1d4 CMakeFiles/final_project_embarcatech.dir/C_/Users/ferre/.pico-sdk/sdk/2.1.1/src/rp2_common/hardware_irq/irq.c.obj
                0x10001170                irq_remove_handler
 .text.irq_set_priority
                0x10001344       0x28 CMakeFiles/final_project_embarcatech.dir/C_/Users/ferre/.pico-sdk/sdk/2.1.1/src/rp2_common/hardware_irq/irq.c.obj
                0x10001344                irq_set_priority
 .text.irq_add_tail_to_free_list
                0x1000136c       0xb4 CMakeFiles/final_project_embarcatech.dir/C_/Users/ferre/.pico-sdk/sdk/2.1.1/src/rp2_common/hardware_irq/irq.c.obj
                0x1000136c                irq_add_tail_to_free_list
 .text.user_irq_unclaim
                0x10001420       0x14 CMakeFiles/final_project_embarcatech.dir/C_/Users/ferre/.pico-sdk/sdk/2.1.1/src/rp2_common/hardware_irq/irq.c.obj
                0x10001420                user_irq_unclaim
 .text.user_irq_claim_unused
                0x10001434       0x2c CMakeFiles/final_project_embarcatech.dir/C_/Users/ferre/.pico-sdk/sdk/2.1.1/src/rp2_common/hardware_irq/irq.c.obj
                0x10001434                user_irq_claim_unused
 .text.sem_init
                0x10001460       0x20 CMakeFiles/final_project_embarcatech.dir/C_/Users/ferre/.pico-sdk/sdk/2.1.1/src/common/pico_sync/sem.c.obj
                0x10001460                sem_init
 .text.lock_init
                0x10001480       0x10 CMakeFiles/final_project_embarcatech.dir/C_/Users/ferre/.pico-sdk/sdk/2.1.1/src/common/pico_sync/lock_core.c.obj
                0x10001480                lock_init
 .text.runtime_init_mutex
                0x10001490       0x50 CMakeFiles/final_project_embarcatech.dir/C_/Users/ferre/.pico-sdk/sdk/2.1.1/src/common/pico_sync/mutex.c.obj
                0x10001490                runtime_init_mutex
 .text.mutex_init
                0x100014e0       0x1c CMakeFiles/final_project_embarcatech.dir/C_/Users/ferre/.pico-sdk/sdk/2.1.1/src/common/pico_sync/mutex.c.obj
                0x100014e0                mutex_init
 .text.recursive_mutex_init
                0x100014fc       0x1c CMakeFiles/final_project_embarcatech.dir/C_/Users/ferre/.pico-sdk/sdk/2.1.1/src/common/pico_sync/mutex.c.obj
                0x100014fc                recursive_mutex_init
 .text.critical_section_init
                0x10001518       0x1c CMakeFiles/final_project_embarcatech.dir/C_/Users/ferre/.pico-sdk/sdk/2.1.1/src/common/pico_sync/critical_section.c.obj
                0x10001518                critical_section_init
 .text.critical_section_init_with_lock_num
                0x10001534       0x14 CMakeFiles/final_project_embarcatech.dir/C_/Users/ferre/.pico-sdk/sdk/2.1.1/src/common/pico_sync/critical_section.c.obj
                0x10001534                critical_section_init_with_lock_num
 .text.sleep_until_callback
                0x10001548       0x30 CMakeFiles/final_project_embarcatech.dir/C_/Users/ferre/.pico-sdk/sdk/2.1.1/src/common/pico_time/time.c.obj
 .text.alarm_pool_irq_handler
                0x10001578      0x300 CMakeFiles/final_project_embarcatech.dir/C_/Users/ferre/.pico-sdk/sdk/2.1.1/src/common/pico_time/time.c.obj
 .text.runtime_init_default_alarm_pool
                0x10001878       0xdc CMakeFiles/final_project_embarcatech.dir/C_/Users/ferre/.pico-sdk/sdk/2.1.1/src/common/pico_time/time.c.obj
                0x10001878                runtime_init_default_alarm_pool
 .text.alarm_pool_get_default
                0x10001954        0x8 CMakeFiles/final_project_embarcatech.dir/C_/Users/ferre/.pico-sdk/sdk/2.1.1/src/common/pico_time/time.c.obj
                0x10001954                alarm_pool_get_default
 .text.alarm_pool_add_alarm_at
                0x1000195c       0xd0 CMakeFiles/final_project_embarcatech.dir/C_/Users/ferre/.pico-sdk/sdk/2.1.1/src/common/pico_time/time.c.obj
                0x1000195c                alarm_pool_add_alarm_at
 .text.alarm_pool_add_alarm_at_force_in_context
                0x10001a2c       0xb0 CMakeFiles/final_project_embarcatech.dir/C_/Users/ferre/.pico-sdk/sdk/2.1.1/src/common/pico_time/time.c.obj
                0x10001a2c                alarm_pool_add_alarm_at_force_in_context
 .text.alarm_pool_cancel_alarm
                0x10001adc       0x74 CMakeFiles/final_project_embarcatech.dir/C_/Users/ferre/.pico-sdk/sdk/2.1.1/src/common/pico_time/time.c.obj
                0x10001adc                alarm_pool_cancel_alarm
 .text.alarm_pool_core_num
                0x10001b50        0x4 CMakeFiles/final_project_embarcatech.dir/C_/Users/ferre/.pico-sdk/sdk/2.1.1/src/common/pico_time/time.c.obj
                0x10001b50                alarm_pool_core_num
 .text.sleep_until
                0x10001b54       0xd0 CMakeFiles/final_project_embarcatech.dir/C_/Users/ferre/.pico-sdk/sdk/2.1.1/src/common/pico_time/time.c.obj
                0x10001b54                sleep_until
 .text.sleep_ms
                0x10001c24       0xfc CMakeFiles/final_project_embarcatech.dir/C_/Users/ferre/.pico-sdk/sdk/2.1.1/src/common/pico_time/time.c.obj
                0x10001c24                sleep_ms
 .text.best_effort_wfe_or_timeout
                0x10001d20      0x10c CMakeFiles/final_project_embarcatech.dir/C_/Users/ferre/.pico-sdk/sdk/2.1.1/src/common/pico_time/time.c.obj
                0x10001d20                best_effort_wfe_or_timeout
 .text.timer_hardware_alarm_claim
                0x10001e2c       0x14 CMakeFiles/final_project_embarcatech.dir/C_/Users/ferre/.pico-sdk/sdk/2.1.1/src/rp2_common/hardware_timer/timer.c.obj
                0x10001e2c                timer_hardware_alarm_claim
 .text.timer_time_us_64
                0x10001e40       0x10 CMakeFiles/final_project_embarcatech.dir/C_/Users/ferre/.pico-sdk/sdk/2.1.1/src/rp2_common/hardware_timer/timer.c.obj
                0x10001e40                timer_time_us_64
 .text.time_us_64
                0x10001e50       0x14 CMakeFiles/final_project_embarcatech.dir/C_/Users/ferre/.pico-sdk/sdk/2.1.1/src/rp2_common/hardware_timer/timer.c.obj
                0x10001e50                time_us_64
 .text.busy_wait_until
                0x10001e64       0x20 CMakeFiles/final_project_embarcatech.dir/C_/Users/ferre/.pico-sdk/sdk/2.1.1/src/rp2_common/hardware_timer/timer.c.obj
                0x10001e64                busy_wait_until
 .text.clock_configure_int_divider
                0x10001e84       0xf4 CMakeFiles/final_project_embarcatech.dir/C_/Users/ferre/.pico-sdk/sdk/2.1.1/src/rp2_common/hardware_clocks/clocks.c.obj
                0x10001e84                clock_configure_int_divider
 .text.clock_configure_undivided
                0x10001f78       0xe8 CMakeFiles/final_project_embarcatech.dir/C_/Users/ferre/.pico-sdk/sdk/2.1.1/src/rp2_common/hardware_clocks/clocks.c.obj
                0x10001f78                clock_configure_undivided
 .text.clock_get_hz
                0x10002060        0xc CMakeFiles/final_project_embarcatech.dir/C_/Users/ferre/.pico-sdk/sdk/2.1.1/src/rp2_common/hardware_clocks/clocks.c.obj
                0x10002060                clock_get_hz
 .text.pll_init
                0x1000206c       0xa4 CMakeFiles/final_project_embarcatech.dir/C_/Users/ferre/.pico-sdk/sdk/2.1.1/src/rp2_common/hardware_pll/pll.c.obj
                0x1000206c                pll_init
 .text.watchdog_reboot
                0x10002110       0x9c CMakeFiles/final_project_embarcatech.dir/C_/Users/ferre/.pico-sdk/sdk/2.1.1/src/rp2_common/hardware_watchdog/watchdog.c.obj
                0x10002110                watchdog_reboot
 .text.tick_start
                0x100021ac       0x10 CMakeFiles/final_project_embarcatech.dir/C_/Users/ferre/.pico-sdk/sdk/2.1.1/src/rp2_common/hardware_ticks/ticks.c.obj
                0x100021ac                tick_start
 .text.rom_func_lookup
                0x100021bc       0x10 CMakeFiles/final_project_embarcatech.dir/C_/Users/ferre/.pico-sdk/sdk/2.1.1/src/rp2_common/pico_bootrom/bootrom.c.obj
                0x100021bc                rom_func_lookup
 .text.rom_data_lookup
                0x100021cc       0x10 CMakeFiles/final_project_embarcatech.dir/C_/Users/ferre/.pico-sdk/sdk/2.1.1/src/rp2_common/pico_bootrom/bootrom.c.obj
                0x100021cc                rom_data_lookup
 .text.rom_funcs_lookup
                0x100021dc       0x44 CMakeFiles/final_project_embarcatech.dir/C_/Users/ferre/.pico-sdk/sdk/2.1.1/src/rp2_common/pico_bootrom/bootrom.c.obj
                0x100021dc                rom_funcs_lookup
 .text.rom_reset_usb_boot_extra
                0x10002220       0x24 CMakeFiles/final_project_embarcatech.dir/C_/Users/ferre/.pico-sdk/sdk/2.1.1/src/rp2_common/pico_bootrom/bootrom.c.obj
                0x10002220                rom_reset_usb_boot_extra
 .text.xosc_init
                0x10002244       0x28 CMakeFiles/final_project_embarcatech.dir/C_/Users/ferre/.pico-sdk/sdk/2.1.1/src/rp2_common/hardware_xosc/xosc.c.obj
                0x10002244                xosc_init
 .text.first_per_core_initializer
                0x1000226c        0x4 CMakeFiles/final_project_embarcatech.dir/C_/Users/ferre/.pico-sdk/sdk/2.1.1/src/rp2_common/pico_runtime/runtime.c.obj
 .text.hard_assertion_failure
                0x10002270        0xc CMakeFiles/final_project_embarcatech.dir/C_/Users/ferre/.pico-sdk/sdk/2.1.1/src/rp2_common/pico_runtime/runtime.c.obj
                0x10002270                hard_assertion_failure
 .text.runtime_run_initializers
                0x1000227c       0x28 CMakeFiles/final_project_embarcatech.dir/C_/Users/ferre/.pico-sdk/sdk/2.1.1/src/rp2_common/pico_runtime/runtime.c.obj
                0x1000227c                runtime_run_initializers
 .text.runtime_init_early_resets
                0x100022a4       0x2c CMakeFiles/final_project_embarcatech.dir/C_/Users/ferre/.pico-sdk/sdk/2.1.1/src/rp2_common/pico_runtime_init/runtime_init.c.obj
                0x100022a4                runtime_init_early_resets
 .text.runtime_init_usb_power_down
                0x100022d0       0x1c CMakeFiles/final_project_embarcatech.dir/C_/Users/ferre/.pico-sdk/sdk/2.1.1/src/rp2_common/pico_runtime_init/runtime_init.c.obj
                0x100022d0                runtime_init_usb_power_down
 .text.runtime_init_post_clock_resets
                0x100022ec       0x20 CMakeFiles/final_project_embarcatech.dir/C_/Users/ferre/.pico-sdk/sdk/2.1.1/src/rp2_common/pico_runtime_init/runtime_init.c.obj
                0x100022ec                runtime_init_post_clock_resets
 .text.runtime_init_rp2040_gpio_ie_disable
                0x1000230c       0x14 CMakeFiles/final_project_embarcatech.dir/C_/Users/ferre/.pico-sdk/sdk/2.1.1/src/rp2_common/pico_runtime_init/runtime_init.c.obj
                0x1000230c                runtime_init_rp2040_gpio_ie_disable
 .text.runtime_init_spin_locks_reset
                0x10002320        0x8 CMakeFiles/final_project_embarcatech.dir/C_/Users/ferre/.pico-sdk/sdk/2.1.1/src/rp2_common/pico_runtime_init/runtime_init.c.obj
                0x10002320                runtime_init_spin_locks_reset
 .text.runtime_init_install_ram_vector_table
                0x10002328       0x1c CMakeFiles/final_project_embarcatech.dir/C_/Users/ferre/.pico-sdk/sdk/2.1.1/src/rp2_common/pico_runtime_init/runtime_init.c.obj
                0x10002328                runtime_init_install_ram_vector_table
 .text.runtime_init_clocks
                0x10002344       0xd8 CMakeFiles/final_project_embarcatech.dir/C_/Users/ferre/.pico-sdk/sdk/2.1.1/src/rp2_common/pico_runtime_init/runtime_init_clocks.c.obj
                0x10002344                runtime_init_clocks
 .text          0x1000241c       0x10 CMakeFiles/final_project_embarcatech.dir/C_/Users/ferre/.pico-sdk/sdk/2.1.1/src/rp2_common/pico_bit_ops/bit_ops_aeabi.S.obj
 .text.ctzsi    0x1000242c        0xc CMakeFiles/final_project_embarcatech.dir/C_/Users/ferre/.pico-sdk/sdk/2.1.1/src/rp2_common/pico_bit_ops/bit_ops_aeabi.S.obj
                0x1000242c                __wrap___ctzsi2
 .text.__wrap___aeabi_idiv
                0x10002438       0x50 CMakeFiles/final_project_embarcatech.dir/C_/Users/ferre/.pico-sdk/sdk/2.1.1/src/rp2_common/pico_divider/divider_hardware.S.obj
                0x10002438                __wrap___aeabi_idivmod
                0x10002438                divmod_s32s32
                0x10002438                div_s32s32
                0x10002438                __wrap___aeabi_idiv
                0x10002440                divmod_s32s32_unsafe
                0x1000246c                divmod_s32s32_savestate
 .text.__wrap___aeabi_uidiv
                0x10002488       0x4c CMakeFiles/final_project_embarcatech.dir/C_/Users/ferre/.pico-sdk/sdk/2.1.1/src/rp2_common/pico_divider/divider_hardware.S.obj
                0x10002488                __wrap___aeabi_uidiv
                0x10002488                __wrap___aeabi_uidivmod
                0x10002488                div_u32u32
                0x10002488                divmod_u32u32
                0x10002490                divmod_u32u32_unsafe
                0x100024b8                divmod_u32u32_savestate
 .text.__wrap___aeabi_ldiv
                0x100024d4      0x424 CMakeFiles/final_project_embarcatech.dir/C_/Users/ferre/.pico-sdk/sdk/2.1.1/src/rp2_common/pico_divider/divider_hardware.S.obj
                0x100024d4                div_s64s64
                0x100024d4                divmod_s64s64
                0x100024d4                __wrap___aeabi_ldivmod
                0x10002504                divmod_u64u64
                0x10002504                div_u64u64
                0x10002504                __wrap___aeabi_uldivmod
                0x10002514                divmod_u64u64_savestate
                0x10002534                divmod_s64s64_unsafe
                0x100025bc                divmod_u64u64_unsafe
 .text.__wrap___aeabi_darithmetic
                0x100028f8       0x60 CMakeFiles/final_project_embarcatech.dir/C_/Users/ferre/.pico-sdk/sdk/2.1.1/src/rp2_common/pico_double/double_aeabi_rp2040.S.obj
                0x100028f8                __wrap___aeabi_drsub
                0x100028fe                __wrap___aeabi_dsub
                0x10002908                __wrap___aeabi_dadd
                0x10002912                __wrap___aeabi_ddiv
                0x10002946                __wrap___aeabi_dmul
 .text.__wrap___aeabi_cdcmple
                0x10002958       0x6c CMakeFiles/final_project_embarcatech.dir/C_/Users/ferre/.pico-sdk/sdk/2.1.1/src/rp2_common/pico_double/double_aeabi_rp2040.S.obj
                0x10002958                __wrap___aeabi_cdrcmple
                0x10002968                __wrap___aeabi_cdcmpeq
                0x10002968                __wrap___aeabi_cdcmple
 .text.__wrap___aeabi_dcmplt
                0x100029c4        0xc CMakeFiles/final_project_embarcatech.dir/C_/Users/ferre/.pico-sdk/sdk/2.1.1/src/rp2_common/pico_double/double_aeabi_rp2040.S.obj
                0x100029c4                __wrap___aeabi_dcmplt
 .text.__wrap___aeabi_dcmple
                0x100029d0       0x10 CMakeFiles/final_project_embarcatech.dir/C_/Users/ferre/.pico-sdk/sdk/2.1.1/src/rp2_common/pico_double/double_aeabi_rp2040.S.obj
                0x100029d0                __wrap___aeabi_dcmple
 .text.__wrap___aeabi_dcmpge
                0x100029e0       0x10 CMakeFiles/final_project_embarcatech.dir/C_/Users/ferre/.pico-sdk/sdk/2.1.1/src/rp2_common/pico_double/double_aeabi_rp2040.S.obj
                0x100029e0                __wrap___aeabi_dcmpge
 .text.__wrap___aeabi_dcmpgt
                0x100029f0        0xa CMakeFiles/final_project_embarcatech.dir/C_/Users/ferre/.pico-sdk/sdk/2.1.1/src/rp2_common/pico_double/double_aeabi_rp2040.S.obj
                0x100029f0                __wrap___aeabi_dcmpgt
 .text.__wrap___aeabi_dcmpun
                0x100029fa       0x18 CMakeFiles/final_project_embarcatech.dir/C_/Users/ferre/.pico-sdk/sdk/2.1.1/src/rp2_common/pico_double/double_aeabi_rp2040.S.obj
                0x100029fa                __wrap___aeabi_dcmpun
 *fill*         0x10002a12        0x2 
 .text.__wrap___aeabi_i2d
                0x10002a14       0x38 CMakeFiles/final_project_embarcatech.dir/C_/Users/ferre/.pico-sdk/sdk/2.1.1/src/rp2_common/pico_double/double_aeabi_rp2040.S.obj
                0x10002a14                uint2double
                0x10002a14                __wrap___aeabi_ui2d
                0x10002a1c                int2double
                0x10002a1c                __wrap___aeabi_i2d
 .text.__wrap___aeabi_d2iz
                0x10002a4c       0x48 CMakeFiles/final_project_embarcatech.dir/C_/Users/ferre/.pico-sdk/sdk/2.1.1/src/rp2_common/pico_double/double_aeabi_rp2040.S.obj
                0x10002a4c                double2int_z
                0x10002a4c                __wrap___aeabi_d2iz
 .text.__wrap___aeabi_d2uiz
                0x10002a94       0x10 CMakeFiles/final_project_embarcatech.dir/C_/Users/ferre/.pico-sdk/sdk/2.1.1/src/rp2_common/pico_double/double_aeabi_rp2040.S.obj
                0x10002a94                double2uint
                0x10002a94                __wrap___aeabi_d2uiz
                0x10002a94                double2uint_z
 .text.missing_double_func_shim
                0x10002aa4        0xc CMakeFiles/final_project_embarcatech.dir/C_/Users/ferre/.pico-sdk/sdk/2.1.1/src/rp2_common/pico_double/double_init_rom_rp2040.c.obj
 .text.__aeabi_double_init
                0x10002ab0       0xa0 CMakeFiles/final_project_embarcatech.dir/C_/Users/ferre/.pico-sdk/sdk/2.1.1/src/rp2_common/pico_double/double_init_rom_rp2040.c.obj
                0x10002ab0                __aeabi_double_init
 .text.double_table_shim_on_use_helper
                0x10002b50       0x2c CMakeFiles/final_project_embarcatech.dir/C_/Users/ferre/.pico-sdk/sdk/2.1.1/src/rp2_common/pico_double/double_v1_rom_shim_rp2040.S.obj
                0x10002b50                double_table_shim_on_use_helper
 .text.__aeabi_lmul
                0x10002b7c       0x32 CMakeFiles/final_project_embarcatech.dir/C_/Users/ferre/.pico-sdk/sdk/2.1.1/src/rp2_common/pico_int64_ops/pico_int64_ops_aeabi.S.obj
                0x10002b7c                __wrap___aeabi_lmul
 *fill*         0x10002bae        0x2 
 .text.__wrap___aeabi_cfcmple
                0x10002bb0       0x50 CMakeFiles/final_project_embarcatech.dir/C_/Users/ferre/.pico-sdk/sdk/2.1.1/src/rp2_common/pico_float/float_aeabi_rp2040.S.obj
                0x10002bb0                __wrap___aeabi_cfrcmple
                0x10002bbc                __wrap___aeabi_cfcmple
                0x10002bbc                __wrap___aeabi_cfcmpeq
 .text.__wrap___aeabi_fcmplt
                0x10002c00        0xc CMakeFiles/final_project_embarcatech.dir/C_/Users/ferre/.pico-sdk/sdk/2.1.1/src/rp2_common/pico_float/float_aeabi_rp2040.S.obj
                0x10002c00                __wrap___aeabi_fcmplt
 .text.__wrap___aeabi_fcmple
                0x10002c0c       0x10 CMakeFiles/final_project_embarcatech.dir/C_/Users/ferre/.pico-sdk/sdk/2.1.1/src/rp2_common/pico_float/float_aeabi_rp2040.S.obj
                0x10002c0c                __wrap___aeabi_fcmple
 .text.__wrap___aeabi_fcmpge
                0x10002c1c       0x10 CMakeFiles/final_project_embarcatech.dir/C_/Users/ferre/.pico-sdk/sdk/2.1.1/src/rp2_common/pico_float/float_aeabi_rp2040.S.obj
                0x10002c1c                __wrap___aeabi_fcmpge
 .text.__wrap___aeabi_fcmpgt
                0x10002c2c        0xa CMakeFiles/final_project_embarcatech.dir/C_/Users/ferre/.pico-sdk/sdk/2.1.1/src/rp2_common/pico_float/float_aeabi_rp2040.S.obj
                0x10002c2c                __wrap___aeabi_fcmpgt
 *fill*         0x10002c36        0x2 
 .text.__wrap___aeabi_i2f
                0x10002c38       0x44 CMakeFiles/final_project_embarcatech.dir/C_/Users/ferre/.pico-sdk/sdk/2.1.1/src/rp2_common/pico_float/float_aeabi_rp2040.S.obj
                0x10002c38                __wrap___aeabi_i2f
                0x10002c38                int2float
 .text.__wrap___aeabi_f2iz
                0x10002c7c       0x4e CMakeFiles/final_project_embarcatech.dir/C_/Users/ferre/.pico-sdk/sdk/2.1.1/src/rp2_common/pico_float/float_aeabi_rp2040.S.obj
                0x10002c7c                float2int_z
                0x10002c7c                __wrap___aeabi_f2iz
 *fill*         0x10002cca        0x2 
 .text.float2int
                0x10002ccc        0xc CMakeFiles/final_project_embarcatech.dir/C_/Users/ferre/.pico-sdk/sdk/2.1.1/src/rp2_common/pico_float/float_aeabi_rp2040.S.obj
                0x10002ccc                float2int
 .text.__wrap___aeabi_f2uiz
                0x10002cd8        0xc CMakeFiles/final_project_embarcatech.dir/C_/Users/ferre/.pico-sdk/sdk/2.1.1/src/rp2_common/pico_float/float_aeabi_rp2040.S.obj
                0x10002cd8                float2uint_z
                0x10002cd8                __wrap___aeabi_f2uiz
                0x10002cd8                float2uint
 .text.__wrap___aeabi_f2d
                0x10002ce4        0xc CMakeFiles/final_project_embarcatech.dir/C_/Users/ferre/.pico-sdk/sdk/2.1.1/src/rp2_common/pico_float/float_aeabi_rp2040.S.obj
                0x10002ce4                __wrap___aeabi_f2d
 .text.missing_float_func_shim
                0x10002cf0        0xc CMakeFiles/final_project_embarcatech.dir/C_/Users/ferre/.pico-sdk/sdk/2.1.1/src/rp2_common/pico_float/float_init_rom_rp2040.c.obj
 .text.__aeabi_float_init
                0x10002cfc       0x5c CMakeFiles/final_project_embarcatech.dir/C_/Users/ferre/.pico-sdk/sdk/2.1.1/src/rp2_common/pico_float/float_init_rom_rp2040.c.obj
                0x10002cfc                __aeabi_float_init
 .text.__wrap_calloc
                0x10002d58       0x28 CMakeFiles/final_project_embarcatech.dir/C_/Users/ferre/.pico-sdk/sdk/2.1.1/src/rp2_common/pico_malloc/malloc.c.obj
                0x10002d58                __wrap_calloc
 .text          0x10002d80       0x10 CMakeFiles/final_project_embarcatech.dir/C_/Users/ferre/.pico-sdk/sdk/2.1.1/src/rp2_common/pico_mem_ops/mem_ops_aeabi.S.obj
                0x10002d80                __aeabi_mem_init
 .text.memset   0x10002d90        0xc CMakeFiles/final_project_embarcatech.dir/C_/Users/ferre/.pico-sdk/sdk/2.1.1/src/rp2_common/pico_mem_ops/mem_ops_aeabi.S.obj
                0x10002d90                __wrap_memset
 .text.memcpy   0x10002d9c        0xc CMakeFiles/final_project_embarcatech.dir/C_/Users/ferre/.pico-sdk/sdk/2.1.1/src/rp2_common/pico_mem_ops/mem_ops_aeabi.S.obj
                0x10002d9c                __wrap_memcpy
                0x10002d9c                __wrap___aeabi_memcpy
 .text._out_buffer
                0x10002da8        0x8 CMakeFiles/final_project_embarcatech.dir/C_/Users/ferre/.pico-sdk/sdk/2.1.1/src/rp2_common/pico_printf/printf.c.obj
 .text._out_null
                0x10002db0        0x4 CMakeFiles/final_project_embarcatech.dir/C_/Users/ferre/.pico-sdk/sdk/2.1.1/src/rp2_common/pico_printf/printf.c.obj
 .text._out_rev
                0x10002db4       0xac CMakeFiles/final_project_embarcatech.dir/C_/Users/ferre/.pico-sdk/sdk/2.1.1/src/rp2_common/pico_printf/printf.c.obj
 .text._ntoa_format
                0x10002e60      0x1cc CMakeFiles/final_project_embarcatech.dir/C_/Users/ferre/.pico-sdk/sdk/2.1.1/src/rp2_common/pico_printf/printf.c.obj
 .text._out_char
                0x1000302c       0x10 CMakeFiles/final_project_embarcatech.dir/C_/Users/ferre/.pico-sdk/sdk/2.1.1/src/rp2_common/pico_printf/printf.c.obj
 .text._out_fct
                0x1000303c       0x10 CMakeFiles/final_project_embarcatech.dir/C_/Users/ferre/.pico-sdk/sdk/2.1.1/src/rp2_common/pico_printf/printf.c.obj
 .text._ftoa    0x1000304c      0x4a8 CMakeFiles/final_project_embarcatech.dir/C_/Users/ferre/.pico-sdk/sdk/2.1.1/src/rp2_common/pico_printf/printf.c.obj
 .text._etoa    0x100034f4      0x57c CMakeFiles/final_project_embarcatech.dir/C_/Users/ferre/.pico-sdk/sdk/2.1.1/src/rp2_common/pico_printf/printf.c.obj
 .text._vsnprintf
                0x10003a70      0xbe0 CMakeFiles/final_project_embarcatech.dir/C_/Users/ferre/.pico-sdk/sdk/2.1.1/src/rp2_common/pico_printf/printf.c.obj
 .text.__wrap_snprintf
                0x10004650       0x28 CMakeFiles/final_project_embarcatech.dir/C_/Users/ferre/.pico-sdk/sdk/2.1.1/src/rp2_common/pico_printf/printf.c.obj
                0x10004650                __wrap_snprintf
 .text.vfctprintf
                0x10004678       0x24 CMakeFiles/final_project_embarcatech.dir/C_/Users/ferre/.pico-sdk/sdk/2.1.1/src/rp2_common/pico_printf/printf.c.obj
                0x10004678                vfctprintf
 .text.weak_raw_vprintf
                0x1000469c       0x30 CMakeFiles/final_project_embarcatech.dir/C_/Users/ferre/.pico-sdk/sdk/2.1.1/src/rp2_common/pico_printf/printf.c.obj
                0x1000469c                weak_raw_vprintf
 .text._exit    0x100046cc        0x4 CMakeFiles/final_project_embarcatech.dir/C_/Users/ferre/.pico-sdk/sdk/2.1.1/src/rp2_common/pico_clib_interface/newlib_interface.c.obj
                0x100046cc                _exit
 .text._sbrk    0x100046d0       0x34 CMakeFiles/final_project_embarcatech.dir/C_/Users/ferre/.pico-sdk/sdk/2.1.1/src/rp2_common/pico_clib_interface/newlib_interface.c.obj
                0x100046d0                _sbrk
 .text.exit     0x10004704        0x8 CMakeFiles/final_project_embarcatech.dir/C_/Users/ferre/.pico-sdk/sdk/2.1.1/src/rp2_common/pico_clib_interface/newlib_interface.c.obj
                0x10004704                exit
 .text.runtime_init
                0x1000470c       0x2c CMakeFiles/final_project_embarcatech.dir/C_/Users/ferre/.pico-sdk/sdk/2.1.1/src/rp2_common/pico_clib_interface/newlib_interface.c.obj
                0x1000470c                runtime_init
 .text.stdio_out_chars_no_crlf
                0x10004738       0x10 CMakeFiles/final_project_embarcatech.dir/C_/Users/ferre/.pico-sdk/sdk/2.1.1/src/rp2_common/pico_stdio/stdio.c.obj
 .text.stdio_out_chars_crlf
                0x10004748       0xb0 CMakeFiles/final_project_embarcatech.dir/C_/Users/ferre/.pico-sdk/sdk/2.1.1/src/rp2_common/pico_stdio/stdio.c.obj
 .text.stdio_buffered_printer
                0x100047f8       0x64 CMakeFiles/final_project_embarcatech.dir/C_/Users/ferre/.pico-sdk/sdk/2.1.1/src/rp2_common/pico_stdio/stdio.c.obj
 .text.stdio_put_string
                0x1000485c       0xfc CMakeFiles/final_project_embarcatech.dir/C_/Users/ferre/.pico-sdk/sdk/2.1.1/src/rp2_common/pico_stdio/stdio.c.obj
                0x1000485c                stdio_put_string
 .text.stdio_set_driver_enabled
                0x10004958       0x30 CMakeFiles/final_project_embarcatech.dir/C_/Users/ferre/.pico-sdk/sdk/2.1.1/src/rp2_common/pico_stdio/stdio.c.obj
                0x10004958                stdio_set_driver_enabled
 .text.stdio_init_all
                0x10004988        0x8 CMakeFiles/final_project_embarcatech.dir/C_/Users/ferre/.pico-sdk/sdk/2.1.1/src/rp2_common/pico_stdio/stdio.c.obj
                0x10004988                stdio_init_all
 .text.__wrap_putchar
                0x10004990       0x94 CMakeFiles/final_project_embarcatech.dir/C_/Users/ferre/.pico-sdk/sdk/2.1.1/src/rp2_common/pico_stdio/stdio.c.obj
                0x10004990                __wrap_putchar
                0x10004990                stdio_putchar
 .text.__wrap_puts
                0x10004a24       0x3c CMakeFiles/final_project_embarcatech.dir/C_/Users/ferre/.pico-sdk/sdk/2.1.1/src/rp2_common/pico_stdio/stdio.c.obj
                0x10004a24                stdio_puts
                0x10004a24                __wrap_puts
 .text.__wrap_vprintf
                0x10004a60       0xcc CMakeFiles/final_project_embarcatech.dir/C_/Users/ferre/.pico-sdk/sdk/2.1.1/src/rp2_common/pico_stdio/stdio.c.obj
                0x10004a60                stdio_vprintf
                0x10004a60                __wrap_vprintf
 .text.__wrap_printf
                0x10004b2c       0x18 CMakeFiles/final_project_embarcatech.dir/C_/Users/ferre/.pico-sdk/sdk/2.1.1/src/rp2_common/pico_stdio/stdio.c.obj
                0x10004b2c                __wrap_printf
                0x10004b2c                stdio_printf
 .text.resetd_init
                0x10004b44        0x4 CMakeFiles/final_project_embarcatech.dir/C_/Users/ferre/.pico-sdk/sdk/2.1.1/src/rp2_common/pico_stdio_usb/reset_interface.c.obj
 .text.resetd_reset
                0x10004b48        0xc CMakeFiles/final_project_embarcatech.dir/C_/Users/ferre/.pico-sdk/sdk/2.1.1/src/rp2_common/pico_stdio_usb/reset_interface.c.obj
 .text.resetd_open
                0x10004b54       0x28 CMakeFiles/final_project_embarcatech.dir/C_/Users/ferre/.pico-sdk/sdk/2.1.1/src/rp2_common/pico_stdio_usb/reset_interface.c.obj
 .text.resetd_xfer_cb
                0x10004b7c        0x4 CMakeFiles/final_project_embarcatech.dir/C_/Users/ferre/.pico-sdk/sdk/2.1.1/src/rp2_common/pico_stdio_usb/reset_interface.c.obj
 .text.resetd_control_xfer_cb
                0x10004b80       0x54 CMakeFiles/final_project_embarcatech.dir/C_/Users/ferre/.pico-sdk/sdk/2.1.1/src/rp2_common/pico_stdio_usb/reset_interface.c.obj
 .text.tud_descriptor_bos_cb
                0x10004bd4        0x8 CMakeFiles/final_project_embarcatech.dir/C_/Users/ferre/.pico-sdk/sdk/2.1.1/src/rp2_common/pico_stdio_usb/reset_interface.c.obj
                0x10004bd4                tud_descriptor_bos_cb
 .text.tud_vendor_control_xfer_cb
                0x10004bdc       0x34 CMakeFiles/final_project_embarcatech.dir/C_/Users/ferre/.pico-sdk/sdk/2.1.1/src/rp2_common/pico_stdio_usb/reset_interface.c.obj
                0x10004bdc                tud_vendor_control_xfer_cb
 .text.usbd_app_driver_get_cb
                0x10004c10        0xc CMakeFiles/final_project_embarcatech.dir/C_/Users/ferre/.pico-sdk/sdk/2.1.1/src/rp2_common/pico_stdio_usb/reset_interface.c.obj
                0x10004c10                usbd_app_driver_get_cb
 .text.tud_cdc_line_coding_cb
                0x10004c1c       0x2c CMakeFiles/final_project_embarcatech.dir/C_/Users/ferre/.pico-sdk/sdk/2.1.1/src/rp2_common/pico_stdio_usb/reset_interface.c.obj
                0x10004c1c                tud_cdc_line_coding_cb
 .text.stdio_usb_set_chars_available_callback
                0x10004c48       0x14 CMakeFiles/final_project_embarcatech.dir/C_/Users/ferre/.pico-sdk/sdk/2.1.1/src/rp2_common/pico_stdio_usb/stdio_usb.c.obj
                0x10004c48                stdio_usb_set_chars_available_callback
 .text.usb_irq  0x10004c5c       0x10 CMakeFiles/final_project_embarcatech.dir/C_/Users/ferre/.pico-sdk/sdk/2.1.1/src/rp2_common/pico_stdio_usb/stdio_usb.c.obj
 .text.timer_task
                0x10004c6c       0x64 CMakeFiles/final_project_embarcatech.dir/C_/Users/ferre/.pico-sdk/sdk/2.1.1/src/rp2_common/pico_stdio_usb/stdio_usb.c.obj
 .text.stdio_usb_in_chars
                0x10004cd0       0x8c CMakeFiles/final_project_embarcatech.dir/C_/Users/ferre/.pico-sdk/sdk/2.1.1/src/rp2_common/pico_stdio_usb/stdio_usb.c.obj
                0x10004cd0                stdio_usb_in_chars
 .text.stdio_usb_out_flush
                0x10004d5c       0x4c CMakeFiles/final_project_embarcatech.dir/C_/Users/ferre/.pico-sdk/sdk/2.1.1/src/rp2_common/pico_stdio_usb/stdio_usb.c.obj
 .text.stdio_usb_out_chars
                0x10004da8      0x100 CMakeFiles/final_project_embarcatech.dir/C_/Users/ferre/.pico-sdk/sdk/2.1.1/src/rp2_common/pico_stdio_usb/stdio_usb.c.obj
 .text.low_priority_worker_irq
                0x10004ea8       0xc8 CMakeFiles/final_project_embarcatech.dir/C_/Users/ferre/.pico-sdk/sdk/2.1.1/src/rp2_common/pico_stdio_usb/stdio_usb.c.obj
 .text.stdio_usb_init
                0x10004f70       0xe8 CMakeFiles/final_project_embarcatech.dir/C_/Users/ferre/.pico-sdk/sdk/2.1.1/src/rp2_common/pico_stdio_usb/stdio_usb.c.obj
                0x10004f70                stdio_usb_init
 .text.tud_descriptor_device_cb
                0x10005058        0x8 CMakeFiles/final_project_embarcatech.dir/C_/Users/ferre/.pico-sdk/sdk/2.1.1/src/rp2_common/pico_stdio_usb/stdio_usb_descriptors.c.obj
                0x10005058                tud_descriptor_device_cb
 .text.tud_descriptor_configuration_cb
                0x10005060        0x8 CMakeFiles/final_project_embarcatech.dir/C_/Users/ferre/.pico-sdk/sdk/2.1.1/src/rp2_common/pico_stdio_usb/stdio_usb_descriptors.c.obj
                0x10005060                tud_descriptor_configuration_cb
 .text.tud_descriptor_string_cb
                0x10005068       0x78 CMakeFiles/final_project_embarcatech.dir/C_/Users/ferre/.pico-sdk/sdk/2.1.1/src/rp2_common/pico_stdio_usb/stdio_usb_descriptors.c.obj
                0x10005068                tud_descriptor_string_cb
 .text.startup._retrieve_unique_id_on_boot
                0x100050e0       0x10 CMakeFiles/final_project_embarcatech.dir/C_/Users/ferre/.pico-sdk/sdk/2.1.1/src/rp2_common/pico_unique_id/unique_id.c.obj
 .text.pico_get_unique_board_id
                0x100050f0       0x10 CMakeFiles/final_project_embarcatech.dir/C_/Users/ferre/.pico-sdk/sdk/2.1.1/src/rp2_common/pico_unique_id/unique_id.c.obj
                0x100050f0                pico_get_unique_board_id
 .text.pico_get_unique_board_id_string
                0x10005100      0x1a8 CMakeFiles/final_project_embarcatech.dir/C_/Users/ferre/.pico-sdk/sdk/2.1.1/src/rp2_common/pico_unique_id/unique_id.c.obj
                0x10005100                pico_get_unique_board_id_string
 .text.flash_get_unique_id
                0x100052a8       0x3c CMakeFiles/final_project_embarcatech.dir/C_/Users/ferre/.pico-sdk/sdk/2.1.1/src/rp2_common/hardware_flash/flash.c.obj
                0x100052a8                flash_get_unique_id
 .text.dcd_init
                0x100052e4       0x90 CMakeFiles/final_project_embarcatech.dir/C_/Users/ferre/.pico-sdk/sdk/2.1.1/lib/tinyusb/src/portable/raspberrypi/rp2040/dcd_rp2040.c.obj
                0x100052e4                dcd_init
 .text.dcd_int_enable
                0x10005374        0xc CMakeFiles/final_project_embarcatech.dir/C_/Users/ferre/.pico-sdk/sdk/2.1.1/lib/tinyusb/src/portable/raspberrypi/rp2040/dcd_rp2040.c.obj
                0x10005374                dcd_int_enable
 .text.dcd_set_address
                0x10005380       0x14 CMakeFiles/final_project_embarcatech.dir/C_/Users/ferre/.pico-sdk/sdk/2.1.1/lib/tinyusb/src/portable/raspberrypi/rp2040/dcd_rp2040.c.obj
                0x10005380                dcd_set_address
 .text.dcd_sof_enable
                0x10005394       0x1c CMakeFiles/final_project_embarcatech.dir/C_/Users/ferre/.pico-sdk/sdk/2.1.1/lib/tinyusb/src/portable/raspberrypi/rp2040/dcd_rp2040.c.obj
                0x10005394                dcd_sof_enable
 .text.dcd_edpt0_status_complete
                0x100053b0       0x1c CMakeFiles/final_project_embarcatech.dir/C_/Users/ferre/.pico-sdk/sdk/2.1.1/lib/tinyusb/src/portable/raspberrypi/rp2040/dcd_rp2040.c.obj
                0x100053b0                dcd_edpt0_status_complete
 .text.dcd_edpt_open
                0x100053cc      0x114 CMakeFiles/final_project_embarcatech.dir/C_/Users/ferre/.pico-sdk/sdk/2.1.1/lib/tinyusb/src/portable/raspberrypi/rp2040/dcd_rp2040.c.obj
                0x100053cc                dcd_edpt_open
 .text.dcd_edpt_close_all
                0x100054e0        0x8 CMakeFiles/final_project_embarcatech.dir/C_/Users/ferre/.pico-sdk/sdk/2.1.1/lib/tinyusb/src/portable/raspberrypi/rp2040/dcd_rp2040.c.obj
                0x100054e0                dcd_edpt_close_all
 .text.dcd_edpt_xfer
                0x100054e8       0x24 CMakeFiles/final_project_embarcatech.dir/C_/Users/ferre/.pico-sdk/sdk/2.1.1/lib/tinyusb/src/portable/raspberrypi/rp2040/dcd_rp2040.c.obj
                0x100054e8                dcd_edpt_xfer
 .text.dcd_edpt_stall
                0x1000550c       0x3c CMakeFiles/final_project_embarcatech.dir/C_/Users/ferre/.pico-sdk/sdk/2.1.1/lib/tinyusb/src/portable/raspberrypi/rp2040/dcd_rp2040.c.obj
                0x1000550c                dcd_edpt_stall
 .text.dcd_edpt_clear_stall
                0x10005548       0x30 CMakeFiles/final_project_embarcatech.dir/C_/Users/ferre/.pico-sdk/sdk/2.1.1/lib/tinyusb/src/portable/raspberrypi/rp2040/dcd_rp2040.c.obj
                0x10005548                dcd_edpt_clear_stall
 .text.rp2040_usb_init
                0x10005578       0x40 CMakeFiles/final_project_embarcatech.dir/C_/Users/ferre/.pico-sdk/sdk/2.1.1/lib/tinyusb/src/portable/raspberrypi/rp2040/rp2040_usb.c.obj
                0x10005578                rp2040_usb_init
 .text.hw_endpoint_xfer_start
                0x100055b8       0x40 CMakeFiles/final_project_embarcatech.dir/C_/Users/ferre/.pico-sdk/sdk/2.1.1/lib/tinyusb/src/portable/raspberrypi/rp2040/rp2040_usb.c.obj
                0x100055b8                hw_endpoint_xfer_start
 .text.tud_event_hook_cb
                0x100055f8        0x4 CMakeFiles/final_project_embarcatech.dir/C_/Users/ferre/.pico-sdk/sdk/2.1.1/lib/tinyusb/src/device/usbd.c.obj
                0x100055f8                tud_event_hook_cb
 .text.tud_sof_cb
                0x100055fc        0x4 CMakeFiles/final_project_embarcatech.dir/C_/Users/ferre/.pico-sdk/sdk/2.1.1/lib/tinyusb/src/device/usbd.c.obj
                0x100055fc                tud_sof_cb
 .text.tud_descriptor_device_qualifier_cb
                0x10005600        0x4 CMakeFiles/final_project_embarcatech.dir/C_/Users/ferre/.pico-sdk/sdk/2.1.1/lib/tinyusb/src/device/usbd.c.obj
                0x10005600                tud_descriptor_device_qualifier_cb
 .text.tud_descriptor_other_speed_configuration_cb
                0x10005604        0x4 CMakeFiles/final_project_embarcatech.dir/C_/Users/ferre/.pico-sdk/sdk/2.1.1/lib/tinyusb/src/device/usbd.c.obj
                0x10005604                tud_descriptor_other_speed_configuration_cb
 .text.tud_mount_cb
                0x10005608        0x4 CMakeFiles/final_project_embarcatech.dir/C_/Users/ferre/.pico-sdk/sdk/2.1.1/lib/tinyusb/src/device/usbd.c.obj
                0x10005608                tud_mount_cb
 .text.tud_umount_cb
                0x1000560c        0x4 CMakeFiles/final_project_embarcatech.dir/C_/Users/ferre/.pico-sdk/sdk/2.1.1/lib/tinyusb/src/device/usbd.c.obj
                0x1000560c                tud_umount_cb
 .text.tud_suspend_cb
                0x10005610        0x4 CMakeFiles/final_project_embarcatech.dir/C_/Users/ferre/.pico-sdk/sdk/2.1.1/lib/tinyusb/src/device/usbd.c.obj
                0x10005610                tud_suspend_cb
 .text.tud_resume_cb
                0x10005614        0x4 CMakeFiles/final_project_embarcatech.dir/C_/Users/ferre/.pico-sdk/sdk/2.1.1/lib/tinyusb/src/device/usbd.c.obj
                0x10005614                tud_resume_cb
 .text.tud_mounted
                0x10005618       0x10 CMakeFiles/final_project_embarcatech.dir/C_/Users/ferre/.pico-sdk/sdk/2.1.1/lib/tinyusb/src/device/usbd.c.obj
                0x10005618                tud_mounted
 .text.tud_suspended
                0x10005628       0x10 CMakeFiles/final_project_embarcatech.dir/C_/Users/ferre/.pico-sdk/sdk/2.1.1/lib/tinyusb/src/device/usbd.c.obj
                0x10005628                tud_suspended
 .text.tud_rhport_init
                0x10005638       0xf4 CMakeFiles/final_project_embarcatech.dir/C_/Users/ferre/.pico-sdk/sdk/2.1.1/lib/tinyusb/src/device/usbd.c.obj
                0x10005638                tud_rhport_init
 .text.tud_task_ext
                0x1000572c      0x800 CMakeFiles/final_project_embarcatech.dir/C_/Users/ferre/.pico-sdk/sdk/2.1.1/lib/tinyusb/src/device/usbd.c.obj
                0x1000572c                tud_task_ext
 .text.usbd_open_edpt_pair
                0x10005f2c       0x9c CMakeFiles/final_project_embarcatech.dir/C_/Users/ferre/.pico-sdk/sdk/2.1.1/lib/tinyusb/src/device/usbd.c.obj
                0x10005f2c                usbd_open_edpt_pair
 .text.usbd_edpt_open
                0x10005fc8       0x34 CMakeFiles/final_project_embarcatech.dir/C_/Users/ferre/.pico-sdk/sdk/2.1.1/lib/tinyusb/src/device/usbd.c.obj
                0x10005fc8                usbd_edpt_open
 .text.usbd_edpt_claim
                0x10005ffc       0x28 CMakeFiles/final_project_embarcatech.dir/C_/Users/ferre/.pico-sdk/sdk/2.1.1/lib/tinyusb/src/device/usbd.c.obj
                0x10005ffc                usbd_edpt_claim
 .text.usbd_edpt_release
                0x10006024       0x28 CMakeFiles/final_project_embarcatech.dir/C_/Users/ferre/.pico-sdk/sdk/2.1.1/lib/tinyusb/src/device/usbd.c.obj
                0x10006024                usbd_edpt_release
 .text.usbd_edpt_xfer
                0x1000604c       0x4c CMakeFiles/final_project_embarcatech.dir/C_/Users/ferre/.pico-sdk/sdk/2.1.1/lib/tinyusb/src/device/usbd.c.obj
                0x1000604c                usbd_edpt_xfer
 .text.tud_control_status
                0x10006098       0x2c CMakeFiles/final_project_embarcatech.dir/C_/Users/ferre/.pico-sdk/sdk/2.1.1/lib/tinyusb/src/device/usbd_control.c.obj
                0x10006098                tud_control_status
 .text.tud_control_xfer
                0x100060c4       0xa8 CMakeFiles/final_project_embarcatech.dir/C_/Users/ferre/.pico-sdk/sdk/2.1.1/lib/tinyusb/src/device/usbd_control.c.obj
                0x100060c4                tud_control_xfer
 .text.usbd_control_reset
                0x1000616c       0x14 CMakeFiles/final_project_embarcatech.dir/C_/Users/ferre/.pico-sdk/sdk/2.1.1/lib/tinyusb/src/device/usbd_control.c.obj
                0x1000616c                usbd_control_reset
 .text.usbd_control_set_complete_callback
                0x10006180        0xc CMakeFiles/final_project_embarcatech.dir/C_/Users/ferre/.pico-sdk/sdk/2.1.1/lib/tinyusb/src/device/usbd_control.c.obj
                0x10006180                usbd_control_set_complete_callback
 .text.usbd_control_set_request
                0x1000618c       0x1c CMakeFiles/final_project_embarcatech.dir/C_/Users/ferre/.pico-sdk/sdk/2.1.1/lib/tinyusb/src/device/usbd_control.c.obj
                0x1000618c                usbd_control_set_request
 .text.usbd_control_xfer_cb
                0x100061a8       0xec CMakeFiles/final_project_embarcatech.dir/C_/Users/ferre/.pico-sdk/sdk/2.1.1/lib/tinyusb/src/device/usbd_control.c.obj
                0x100061a8                usbd_control_xfer_cb
 .text._prep_out_transaction.isra.0
                0x10006294       0x6c CMakeFiles/final_project_embarcatech.dir/C_/Users/ferre/.pico-sdk/sdk/2.1.1/lib/tinyusb/src/class/cdc/cdc_device.c.obj
 .text.tud_cdc_n_connected
                0x10006300       0x2c CMakeFiles/final_project_embarcatech.dir/C_/Users/ferre/.pico-sdk/sdk/2.1.1/lib/tinyusb/src/class/cdc/cdc_device.c.obj
                0x10006300                tud_cdc_n_connected
 .text.tud_cdc_n_available
                0x1000632c       0x14 CMakeFiles/final_project_embarcatech.dir/C_/Users/ferre/.pico-sdk/sdk/2.1.1/lib/tinyusb/src/class/cdc/cdc_device.c.obj
                0x1000632c                tud_cdc_n_available
 .text.tud_cdc_n_read
                0x10006340       0x88 CMakeFiles/final_project_embarcatech.dir/C_/Users/ferre/.pico-sdk/sdk/2.1.1/lib/tinyusb/src/class/cdc/cdc_device.c.obj
                0x10006340                tud_cdc_n_read
 .text.tud_cdc_n_write_flush
                0x100063c8       0x74 CMakeFiles/final_project_embarcatech.dir/C_/Users/ferre/.pico-sdk/sdk/2.1.1/lib/tinyusb/src/class/cdc/cdc_device.c.obj
                0x100063c8                tud_cdc_n_write_flush
 .text.tud_cdc_n_write
                0x1000643c       0x40 CMakeFiles/final_project_embarcatech.dir/C_/Users/ferre/.pico-sdk/sdk/2.1.1/lib/tinyusb/src/class/cdc/cdc_device.c.obj
                0x1000643c                tud_cdc_n_write
 .text.tud_cdc_n_write_available
                0x1000647c       0x14 CMakeFiles/final_project_embarcatech.dir/C_/Users/ferre/.pico-sdk/sdk/2.1.1/lib/tinyusb/src/class/cdc/cdc_device.c.obj
                0x1000647c                tud_cdc_n_write_available
 .text.cdcd_init
                0x10006490       0x70 CMakeFiles/final_project_embarcatech.dir/C_/Users/ferre/.pico-sdk/sdk/2.1.1/lib/tinyusb/src/class/cdc/cdc_device.c.obj
                0x10006490                cdcd_init
 .text.cdcd_deinit
                0x10006500       0x30 CMakeFiles/final_project_embarcatech.dir/C_/Users/ferre/.pico-sdk/sdk/2.1.1/lib/tinyusb/src/class/cdc/cdc_device.c.obj
                0x10006500                cdcd_deinit
 .text.cdcd_reset
                0x10006530       0x4c CMakeFiles/final_project_embarcatech.dir/C_/Users/ferre/.pico-sdk/sdk/2.1.1/lib/tinyusb/src/class/cdc/cdc_device.c.obj
                0x10006530                cdcd_reset
 .text.cdcd_open
                0x1000657c       0xa4 CMakeFiles/final_project_embarcatech.dir/C_/Users/ferre/.pico-sdk/sdk/2.1.1/lib/tinyusb/src/class/cdc/cdc_device.c.obj
                0x1000657c                cdcd_open
 .text.cdcd_control_xfer_cb
                0x10006620       0xe8 CMakeFiles/final_project_embarcatech.dir/C_/Users/ferre/.pico-sdk/sdk/2.1.1/lib/tinyusb/src/class/cdc/cdc_device.c.obj
                0x10006620                cdcd_control_xfer_cb
 .text.cdcd_xfer_cb
                0x10006708      0x100 CMakeFiles/final_project_embarcatech.dir/C_/Users/ferre/.pico-sdk/sdk/2.1.1/lib/tinyusb/src/class/cdc/cdc_device.c.obj
                0x10006708                cdcd_xfer_cb
 .text.vendord_init
                0x10006808       0x5c CMakeFiles/final_project_embarcatech.dir/C_/Users/ferre/.pico-sdk/sdk/2.1.1/lib/tinyusb/src/class/vendor/vendor_device.c.obj
                0x10006808                vendord_init
 .text.vendord_deinit
                0x10006864       0x1c CMakeFiles/final_project_embarcatech.dir/C_/Users/ferre/.pico-sdk/sdk/2.1.1/lib/tinyusb/src/class/vendor/vendor_device.c.obj
                0x10006864                vendord_deinit
 .text.vendord_reset
                0x10006880       0x28 CMakeFiles/final_project_embarcatech.dir/C_/Users/ferre/.pico-sdk/sdk/2.1.1/lib/tinyusb/src/class/vendor/vendor_device.c.obj
                0x10006880                vendord_reset
 .text.vendord_open
                0x100068a8      0x120 CMakeFiles/final_project_embarcatech.dir/C_/Users/ferre/.pico-sdk/sdk/2.1.1/lib/tinyusb/src/class/vendor/vendor_device.c.obj
                0x100068a8                vendord_open
 .text.vendord_xfer_cb
                0x100069c8       0x9c CMakeFiles/final_project_embarcatech.dir/C_/Users/ferre/.pico-sdk/sdk/2.1.1/lib/tinyusb/src/class/vendor/vendor_device.c.obj
                0x100069c8                vendord_xfer_cb
 .text.tusb_rhport_init
                0x10006a64       0x4c CMakeFiles/final_project_embarcatech.dir/C_/Users/ferre/.pico-sdk/sdk/2.1.1/lib/tinyusb/src/tusb.c.obj
                0x10006a64                tusb_rhport_init
 .text.tu_edpt_claim
                0x10006ab0       0x50 CMakeFiles/final_project_embarcatech.dir/C_/Users/ferre/.pico-sdk/sdk/2.1.1/lib/tinyusb/src/tusb.c.obj
                0x10006ab0                tu_edpt_claim
 .text.tu_edpt_release
                0x10006b00       0x38 CMakeFiles/final_project_embarcatech.dir/C_/Users/ferre/.pico-sdk/sdk/2.1.1/lib/tinyusb/src/tusb.c.obj
                0x10006b00                tu_edpt_release
 .text.tu_edpt_validate
                0x10006b38       0x7c CMakeFiles/final_project_embarcatech.dir/C_/Users/ferre/.pico-sdk/sdk/2.1.1/lib/tinyusb/src/tusb.c.obj
                0x10006b38                tu_edpt_validate
 .text.tu_edpt_bind_driver
                0x10006bb4       0x34 CMakeFiles/final_project_embarcatech.dir/C_/Users/ferre/.pico-sdk/sdk/2.1.1/lib/tinyusb/src/tusb.c.obj
                0x10006bb4                tu_edpt_bind_driver
 .text.tu_edpt_stream_init
                0x10006be8       0x6c CMakeFiles/final_project_embarcatech.dir/C_/Users/ferre/.pico-sdk/sdk/2.1.1/lib/tinyusb/src/tusb.c.obj
                0x10006be8                tu_edpt_stream_init
 .text.tu_edpt_stream_deinit
                0x10006c54        0x4 CMakeFiles/final_project_embarcatech.dir/C_/Users/ferre/.pico-sdk/sdk/2.1.1/lib/tinyusb/src/tusb.c.obj
                0x10006c54                tu_edpt_stream_deinit
 .text.tu_edpt_stream_write_zlp_if_needed
                0x10006c58       0x68 CMakeFiles/final_project_embarcatech.dir/C_/Users/ferre/.pico-sdk/sdk/2.1.1/lib/tinyusb/src/tusb.c.obj
                0x10006c58                tu_edpt_stream_write_zlp_if_needed
 .text.tu_edpt_stream_write_xfer
                0x10006cc0       0x68 CMakeFiles/final_project_embarcatech.dir/C_/Users/ferre/.pico-sdk/sdk/2.1.1/lib/tinyusb/src/tusb.c.obj
                0x10006cc0                tu_edpt_stream_write_xfer
 .text.tu_edpt_stream_read_xfer
                0x10006d28       0xd8 CMakeFiles/final_project_embarcatech.dir/C_/Users/ferre/.pico-sdk/sdk/2.1.1/lib/tinyusb/src/tusb.c.obj
                0x10006d28                tu_edpt_stream_read_xfer
 .text.tu_fifo_config
                0x10006e00       0x6c CMakeFiles/final_project_embarcatech.dir/C_/Users/ferre/.pico-sdk/sdk/2.1.1/lib/tinyusb/src/common/tusb_fifo.c.obj
                0x10006e00                tu_fifo_config
 .text.tu_fifo_count
                0x10006e6c       0x2c CMakeFiles/final_project_embarcatech.dir/C_/Users/ferre/.pico-sdk/sdk/2.1.1/lib/tinyusb/src/common/tusb_fifo.c.obj
                0x10006e6c                tu_fifo_count
 .text.tu_fifo_empty
                0x10006e98       0x10 CMakeFiles/final_project_embarcatech.dir/C_/Users/ferre/.pico-sdk/sdk/2.1.1/lib/tinyusb/src/common/tusb_fifo.c.obj
                0x10006e98                tu_fifo_empty
 .text.tu_fifo_remaining
                0x10006ea8       0x2c CMakeFiles/final_project_embarcatech.dir/C_/Users/ferre/.pico-sdk/sdk/2.1.1/lib/tinyusb/src/common/tusb_fifo.c.obj
                0x10006ea8                tu_fifo_remaining
 .text.tu_fifo_read
                0x10006ed4       0x9c CMakeFiles/final_project_embarcatech.dir/C_/Users/ferre/.pico-sdk/sdk/2.1.1/lib/tinyusb/src/common/tusb_fifo.c.obj
                0x10006ed4                tu_fifo_read
 .text.tu_fifo_read_n
                0x10006f70       0xe8 CMakeFiles/final_project_embarcatech.dir/C_/Users/ferre/.pico-sdk/sdk/2.1.1/lib/tinyusb/src/common/tusb_fifo.c.obj
                0x10006f70                tu_fifo_read_n
 .text.tu_fifo_write
                0x10007058       0xa4 CMakeFiles/final_project_embarcatech.dir/C_/Users/ferre/.pico-sdk/sdk/2.1.1/lib/tinyusb/src/common/tusb_fifo.c.obj
                0x10007058                tu_fifo_write
 .text.tu_fifo_write_n
                0x100070fc      0x178 CMakeFiles/final_project_embarcatech.dir/C_/Users/ferre/.pico-sdk/sdk/2.1.1/lib/tinyusb/src/common/tusb_fifo.c.obj
                0x100070fc                tu_fifo_write_n
 .text.tu_fifo_clear
                0x10007274       0x40 CMakeFiles/final_project_embarcatech.dir/C_/Users/ferre/.pico-sdk/sdk/2.1.1/lib/tinyusb/src/common/tusb_fifo.c.obj
                0x10007274                tu_fifo_clear
 .text.tu_fifo_set_overwritable
                0x100072b4       0x48 CMakeFiles/final_project_embarcatech.dir/C_/Users/ferre/.pico-sdk/sdk/2.1.1/lib/tinyusb/src/common/tusb_fifo.c.obj
                0x100072b4                tu_fifo_set_overwritable
 .text.lwip_timeout_reached
                0x100072fc        0x8 CMakeFiles/final_project_embarcatech.dir/C_/Users/ferre/.pico-sdk/sdk/2.1.1/src/rp2_common/pico_lwip/lwip_nosys.c.obj
 .text.update_next_timeout
                0x10007304       0x5c CMakeFiles/final_project_embarcatech.dir/C_/Users/ferre/.pico-sdk/sdk/2.1.1/src/rp2_common/pico_lwip/lwip_nosys.c.obj
 .text.lwip_nosys_init
                0x10007360       0x30 CMakeFiles/final_project_embarcatech.dir/C_/Users/ferre/.pico-sdk/sdk/2.1.1/src/rp2_common/pico_lwip/lwip_nosys.c.obj
                0x10007360                lwip_nosys_init
 .text.lwip_nosys_deinit
                0x10007390       0x20 CMakeFiles/final_project_embarcatech.dir/C_/Users/ferre/.pico-sdk/sdk/2.1.1/src/rp2_common/pico_lwip/lwip_nosys.c.obj
                0x10007390                lwip_nosys_deinit
 .text.sys_arch_protect
                0x100073b0        0x4 CMakeFiles/final_project_embarcatech.dir/C_/Users/ferre/.pico-sdk/sdk/2.1.1/src/rp2_common/pico_lwip/lwip_nosys.c.obj
                0x100073b0                sys_arch_protect
 .text.sys_arch_unprotect
                0x100073b4        0x4 CMakeFiles/final_project_embarcatech.dir/C_/Users/ferre/.pico-sdk/sdk/2.1.1/src/rp2_common/pico_lwip/lwip_nosys.c.obj
                0x100073b4                sys_arch_unprotect
 .text.sys_now  0x100073b8       0x20 CMakeFiles/final_project_embarcatech.dir/C_/Users/ferre/.pico-sdk/sdk/2.1.1/src/rp2_common/pico_lwip/lwip_nosys.c.obj
                0x100073b8                sys_now
 .text.async_context_base_add_at_time_worker
                0x100073d8       0x28 CMakeFiles/final_project_embarcatech.dir/C_/Users/ferre/.pico-sdk/sdk/2.1.1/src/rp2_common/pico_async_context/async_context_base.c.obj
                0x100073d8                async_context_base_add_at_time_worker
 .text.async_context_base_remove_at_time_worker
                0x10007400       0x24 CMakeFiles/final_project_embarcatech.dir/C_/Users/ferre/.pico-sdk/sdk/2.1.1/src/rp2_common/pico_async_context/async_context_base.c.obj
                0x10007400                async_context_base_remove_at_time_worker
 .text.async_context_base_add_when_pending_worker
                0x10007424       0x24 CMakeFiles/final_project_embarcatech.dir/C_/Users/ferre/.pico-sdk/sdk/2.1.1/src/rp2_common/pico_async_context/async_context_base.c.obj
                0x10007424                async_context_base_add_when_pending_worker
 .text.async_context_base_remove_when_pending_worker
                0x10007448       0x24 CMakeFiles/final_project_embarcatech.dir/C_/Users/ferre/.pico-sdk/sdk/2.1.1/src/rp2_common/pico_async_context/async_context_base.c.obj
                0x10007448                async_context_base_remove_when_pending_worker
 .text.async_context_base_execute_once
                0x1000746c      0x108 CMakeFiles/final_project_embarcatech.dir/C_/Users/ferre/.pico-sdk/sdk/2.1.1/src/rp2_common/pico_async_context/async_context_base.c.obj
                0x1000746c                async_context_base_execute_once
 .text.splitmix64
                0x10007574       0x58 CMakeFiles/final_project_embarcatech.dir/C_/Users/ferre/.pico-sdk/sdk/2.1.1/src/rp2_common/pico_rand/rand.c.obj
 .text.xoroshiro128ss
                0x100075cc       0x90 CMakeFiles/final_project_embarcatech.dir/C_/Users/ferre/.pico-sdk/sdk/2.1.1/src/rp2_common/pico_rand/rand.c.obj
 .text.get_rand_64
                0x1000765c      0x47c CMakeFiles/final_project_embarcatech.dir/C_/Users/ferre/.pico-sdk/sdk/2.1.1/src/rp2_common/pico_rand/rand.c.obj
                0x1000765c                get_rand_64
 .text.get_rand_32
                0x10007ad8        0x8 CMakeFiles/final_project_embarcatech.dir/C_/Users/ferre/.pico-sdk/sdk/2.1.1/src/rp2_common/pico_rand/rand.c.obj
                0x10007ad8                get_rand_32
 .text.lwip_init
                0x10007ae0       0x24 CMakeFiles/final_project_embarcatech.dir/C_/Users/ferre/.pico-sdk/sdk/2.1.1/lib/lwip/src/core/init.c.obj
                0x10007ae0                lwip_init
 .text.lwip_htons
                0x10007b04        0x8 CMakeFiles/final_project_embarcatech.dir/C_/Users/ferre/.pico-sdk/sdk/2.1.1/lib/lwip/src/core/def.c.obj
                0x10007b04                lwip_htons
 .text.lwip_htonl
                0x10007b0c        0x4 CMakeFiles/final_project_embarcatech.dir/C_/Users/ferre/.pico-sdk/sdk/2.1.1/lib/lwip/src/core/def.c.obj
                0x10007b0c                lwip_htonl
 .text.dns_call_found
                0x10007b10      0x184 CMakeFiles/final_project_embarcatech.dir/C_/Users/ferre/.pico-sdk/sdk/2.1.1/lib/lwip/src/core/dns.c.obj
 .text.dns_send.isra.0
                0x10007c94      0x174 CMakeFiles/final_project_embarcatech.dir/C_/Users/ferre/.pico-sdk/sdk/2.1.1/lib/lwip/src/core/dns.c.obj
 .text.dns_init
                0x10007e08        0x4 CMakeFiles/final_project_embarcatech.dir/C_/Users/ferre/.pico-sdk/sdk/2.1.1/lib/lwip/src/core/dns.c.obj
                0x10007e08                dns_init
 .text.dns_setserver
                0x10007e0c       0x24 CMakeFiles/final_project_embarcatech.dir/C_/Users/ferre/.pico-sdk/sdk/2.1.1/lib/lwip/src/core/dns.c.obj
                0x10007e0c                dns_setserver
 .text.dns_tmr  0x10007e30      0x130 CMakeFiles/final_project_embarcatech.dir/C_/Users/ferre/.pico-sdk/sdk/2.1.1/lib/lwip/src/core/dns.c.obj
                0x10007e30                dns_tmr
 .text.lwip_standard_chksum
                0x10007f60       0xf4 CMakeFiles/final_project_embarcatech.dir/C_/Users/ferre/.pico-sdk/sdk/2.1.1/lib/lwip/src/core/inet_chksum.c.obj
                0x10007f60                lwip_standard_chksum
 .text.inet_chksum_pseudo
                0x10008054       0xbc CMakeFiles/final_project_embarcatech.dir/C_/Users/ferre/.pico-sdk/sdk/2.1.1/lib/lwip/src/core/inet_chksum.c.obj
                0x10008054                inet_chksum_pseudo
 .text.ip_chksum_pseudo
                0x10008110       0x10 CMakeFiles/final_project_embarcatech.dir/C_/Users/ferre/.pico-sdk/sdk/2.1.1/lib/lwip/src/core/inet_chksum.c.obj
                0x10008110                ip_chksum_pseudo
 .text.inet_chksum
                0x10008120        0xc CMakeFiles/final_project_embarcatech.dir/C_/Users/ferre/.pico-sdk/sdk/2.1.1/lib/lwip/src/core/inet_chksum.c.obj
                0x10008120                inet_chksum
 .text.mem_init
                0x1000812c       0x3c CMakeFiles/final_project_embarcatech.dir/C_/Users/ferre/.pico-sdk/sdk/2.1.1/lib/lwip/src/core/mem.c.obj
                0x1000812c                mem_init
 .text.mem_free
                0x10008168      0x13c CMakeFiles/final_project_embarcatech.dir/C_/Users/ferre/.pico-sdk/sdk/2.1.1/lib/lwip/src/core/mem.c.obj
                0x10008168                mem_free
 .text.mem_trim
                0x100082a4      0x104 CMakeFiles/final_project_embarcatech.dir/C_/Users/ferre/.pico-sdk/sdk/2.1.1/lib/lwip/src/core/mem.c.obj
                0x100082a4                mem_trim
 .text.mem_malloc
                0x100083a8      0x130 CMakeFiles/final_project_embarcatech.dir/C_/Users/ferre/.pico-sdk/sdk/2.1.1/lib/lwip/src/core/mem.c.obj
                0x100083a8                mem_malloc
 .text.memp_init
                0x100084d8       0x6c CMakeFiles/final_project_embarcatech.dir/C_/Users/ferre/.pico-sdk/sdk/2.1.1/lib/lwip/src/core/memp.c.obj
                0x100084d8                memp_init
 .text.memp_malloc
                0x10008544       0x40 CMakeFiles/final_project_embarcatech.dir/C_/Users/ferre/.pico-sdk/sdk/2.1.1/lib/lwip/src/core/memp.c.obj
                0x10008544                memp_malloc
 .text.memp_free
                0x10008584       0x38 CMakeFiles/final_project_embarcatech.dir/C_/Users/ferre/.pico-sdk/sdk/2.1.1/lib/lwip/src/core/memp.c.obj
                0x10008584                memp_free
 .text.netif_do_set_ipaddr.isra.0
                0x100085bc       0x70 CMakeFiles/final_project_embarcatech.dir/C_/Users/ferre/.pico-sdk/sdk/2.1.1/lib/lwip/src/core/netif.c.obj
 .text.netif_init
                0x1000862c        0x4 CMakeFiles/final_project_embarcatech.dir/C_/Users/ferre/.pico-sdk/sdk/2.1.1/lib/lwip/src/core/netif.c.obj
                0x1000862c                netif_init
 .text.netif_set_addr
                0x10008630       0xb8 CMakeFiles/final_project_embarcatech.dir/C_/Users/ferre/.pico-sdk/sdk/2.1.1/lib/lwip/src/core/netif.c.obj
                0x10008630                netif_set_addr
 .text.netif_remove
                0x100086e8       0x94 CMakeFiles/final_project_embarcatech.dir/C_/Users/ferre/.pico-sdk/sdk/2.1.1/lib/lwip/src/core/netif.c.obj
                0x100086e8                netif_remove
 .text.netif_set_link_up
                0x1000877c       0x44 CMakeFiles/final_project_embarcatech.dir/C_/Users/ferre/.pico-sdk/sdk/2.1.1/lib/lwip/src/core/netif.c.obj
                0x1000877c                netif_set_link_up
 .text.netif_set_link_down
                0x100087c0       0x20 CMakeFiles/final_project_embarcatech.dir/C_/Users/ferre/.pico-sdk/sdk/2.1.1/lib/lwip/src/core/netif.c.obj
                0x100087c0                netif_set_link_down
 .text.netif_get_by_index
                0x100087e0       0x2c CMakeFiles/final_project_embarcatech.dir/C_/Users/ferre/.pico-sdk/sdk/2.1.1/lib/lwip/src/core/netif.c.obj
                0x100087e0                netif_get_by_index
 .text.pbuf_free.part.0
                0x1000880c       0x7c CMakeFiles/final_project_embarcatech.dir/C_/Users/ferre/.pico-sdk/sdk/2.1.1/lib/lwip/src/core/pbuf.c.obj
 .text.pbuf_free_ooseq
                0x10008888       0x34 CMakeFiles/final_project_embarcatech.dir/C_/Users/ferre/.pico-sdk/sdk/2.1.1/lib/lwip/src/core/pbuf.c.obj
                0x10008888                pbuf_free_ooseq
 .text.pbuf_alloc
                0x100088bc      0x134 CMakeFiles/final_project_embarcatech.dir/C_/Users/ferre/.pico-sdk/sdk/2.1.1/lib/lwip/src/core/pbuf.c.obj
                0x100088bc                pbuf_alloc
 .text.pbuf_realloc
                0x100089f0       0x84 CMakeFiles/final_project_embarcatech.dir/C_/Users/ferre/.pico-sdk/sdk/2.1.1/lib/lwip/src/core/pbuf.c.obj
                0x100089f0                pbuf_realloc
 .text.pbuf_add_header
                0x10008a74       0x54 CMakeFiles/final_project_embarcatech.dir/C_/Users/ferre/.pico-sdk/sdk/2.1.1/lib/lwip/src/core/pbuf.c.obj
                0x10008a74                pbuf_add_header
 .text.pbuf_free
                0x10008ac8       0x18 CMakeFiles/final_project_embarcatech.dir/C_/Users/ferre/.pico-sdk/sdk/2.1.1/lib/lwip/src/core/pbuf.c.obj
                0x10008ac8                pbuf_free
 .text.pbuf_clen
                0x10008ae0       0x14 CMakeFiles/final_project_embarcatech.dir/C_/Users/ferre/.pico-sdk/sdk/2.1.1/lib/lwip/src/core/pbuf.c.obj
                0x10008ae0                pbuf_clen
 .text.pbuf_chain
                0x10008af4       0x64 CMakeFiles/final_project_embarcatech.dir/C_/Users/ferre/.pico-sdk/sdk/2.1.1/lib/lwip/src/core/pbuf.c.obj
                0x10008af4                pbuf_chain
 .text.pbuf_copy_partial_pbuf
                0x10008b58      0x158 CMakeFiles/final_project_embarcatech.dir/C_/Users/ferre/.pico-sdk/sdk/2.1.1/lib/lwip/src/core/pbuf.c.obj
                0x10008b58                pbuf_copy_partial_pbuf
 .text.pbuf_copy_partial
                0x10008cb0       0x70 CMakeFiles/final_project_embarcatech.dir/C_/Users/ferre/.pico-sdk/sdk/2.1.1/lib/lwip/src/core/pbuf.c.obj
                0x10008cb0                pbuf_copy_partial
 .text.pbuf_take
                0x10008d20       0x78 CMakeFiles/final_project_embarcatech.dir/C_/Users/ferre/.pico-sdk/sdk/2.1.1/lib/lwip/src/core/pbuf.c.obj
                0x10008d20                pbuf_take
 .text.pbuf_take_at
                0x10008d98       0xc0 CMakeFiles/final_project_embarcatech.dir/C_/Users/ferre/.pico-sdk/sdk/2.1.1/lib/lwip/src/core/pbuf.c.obj
                0x10008d98                pbuf_take_at
 .text.pbuf_put_at
                0x10008e58       0x1c CMakeFiles/final_project_embarcatech.dir/C_/Users/ferre/.pico-sdk/sdk/2.1.1/lib/lwip/src/core/pbuf.c.obj
                0x10008e58                pbuf_put_at
 .text.raw_netif_ip_addr_changed
                0x10008e74       0x40 CMakeFiles/final_project_embarcatech.dir/C_/Users/ferre/.pico-sdk/sdk/2.1.1/lib/lwip/src/core/raw.c.obj
                0x10008e74                raw_netif_ip_addr_changed
 .text.stats_init
                0x10008eb4        0x4 CMakeFiles/final_project_embarcatech.dir/C_/Users/ferre/.pico-sdk/sdk/2.1.1/lib/lwip/src/core/stats.c.obj
                0x10008eb4                stats_init
 .text.tcp_close_shutdown_fin
                0x10008eb8       0x54 CMakeFiles/final_project_embarcatech.dir/C_/Users/ferre/.pico-sdk/sdk/2.1.1/lib/lwip/src/core/tcp.c.obj
 .text.tcp_pcb_purge.part.0
                0x10008f0c       0xc4 CMakeFiles/final_project_embarcatech.dir/C_/Users/ferre/.pico-sdk/sdk/2.1.1/lib/lwip/src/core/tcp.c.obj
 .text.tcp_init
                0x10008fd0       0x20 CMakeFiles/final_project_embarcatech.dir/C_/Users/ferre/.pico-sdk/sdk/2.1.1/lib/lwip/src/core/tcp.c.obj
                0x10008fd0                tcp_init
 .text.tcp_bind
                0x10008ff0       0xf4 CMakeFiles/final_project_embarcatech.dir/C_/Users/ferre/.pico-sdk/sdk/2.1.1/lib/lwip/src/core/tcp.c.obj
                0x10008ff0                tcp_bind
 .text.tcp_listen_with_backlog
                0x100090e4       0x98 CMakeFiles/final_project_embarcatech.dir/C_/Users/ferre/.pico-sdk/sdk/2.1.1/lib/lwip/src/core/tcp.c.obj
                0x100090e4                tcp_listen_with_backlog
 .text.tcp_recved
                0x1000917c       0x98 CMakeFiles/final_project_embarcatech.dir/C_/Users/ferre/.pico-sdk/sdk/2.1.1/lib/lwip/src/core/tcp.c.obj
                0x1000917c                tcp_recved
 .text.tcp_slowtmr
                0x10009214      0x514 CMakeFiles/final_project_embarcatech.dir/C_/Users/ferre/.pico-sdk/sdk/2.1.1/lib/lwip/src/core/tcp.c.obj
                0x10009214                tcp_slowtmr
 .text.tcp_segs_free
                0x10009728       0x38 CMakeFiles/final_project_embarcatech.dir/C_/Users/ferre/.pico-sdk/sdk/2.1.1/lib/lwip/src/core/tcp.c.obj
                0x10009728                tcp_segs_free
 .text.tcp_seg_free
                0x10009760       0x1c CMakeFiles/final_project_embarcatech.dir/C_/Users/ferre/.pico-sdk/sdk/2.1.1/lib/lwip/src/core/tcp.c.obj
                0x10009760                tcp_seg_free
 .text.tcp_recv
                0x1000977c       0x1c CMakeFiles/final_project_embarcatech.dir/C_/Users/ferre/.pico-sdk/sdk/2.1.1/lib/lwip/src/core/tcp.c.obj
                0x1000977c                tcp_recv
 .text.tcp_accept
                0x10009798       0x10 CMakeFiles/final_project_embarcatech.dir/C_/Users/ferre/.pico-sdk/sdk/2.1.1/lib/lwip/src/core/tcp.c.obj
                0x10009798                tcp_accept
 .text.tcp_pcb_remove
                0x100097a8       0xc8 CMakeFiles/final_project_embarcatech.dir/C_/Users/ferre/.pico-sdk/sdk/2.1.1/lib/lwip/src/core/tcp.c.obj
                0x100097a8                tcp_pcb_remove
 .text.tcp_abandon
                0x10009870      0x1a0 CMakeFiles/final_project_embarcatech.dir/C_/Users/ferre/.pico-sdk/sdk/2.1.1/lib/lwip/src/core/tcp.c.obj
                0x10009870                tcp_abandon
 .text.tcp_accept_null
                0x10009a10       0x20 CMakeFiles/final_project_embarcatech.dir/C_/Users/ferre/.pico-sdk/sdk/2.1.1/lib/lwip/src/core/tcp.c.obj
 .text.tcp_alloc
                0x10009a30      0x1d4 CMakeFiles/final_project_embarcatech.dir/C_/Users/ferre/.pico-sdk/sdk/2.1.1/lib/lwip/src/core/tcp.c.obj
                0x10009a30                tcp_alloc
 .text.tcp_new  0x10009c04        0xc CMakeFiles/final_project_embarcatech.dir/C_/Users/ferre/.pico-sdk/sdk/2.1.1/lib/lwip/src/core/tcp.c.obj
                0x10009c04                tcp_new
 .text.tcp_close_shutdown
                0x10009c10      0x188 CMakeFiles/final_project_embarcatech.dir/C_/Users/ferre/.pico-sdk/sdk/2.1.1/lib/lwip/src/core/tcp.c.obj
 .text.tcp_recv_null
                0x10009d98       0xcc CMakeFiles/final_project_embarcatech.dir/C_/Users/ferre/.pico-sdk/sdk/2.1.1/lib/lwip/src/core/tcp.c.obj
                0x10009d98                tcp_recv_null
 .text.tcp_process_refused_data
                0x10009e64       0x78 CMakeFiles/final_project_embarcatech.dir/C_/Users/ferre/.pico-sdk/sdk/2.1.1/lib/lwip/src/core/tcp.c.obj
                0x10009e64                tcp_process_refused_data
 .text.tcp_fasttmr
                0x10009edc       0x98 CMakeFiles/final_project_embarcatech.dir/C_/Users/ferre/.pico-sdk/sdk/2.1.1/lib/lwip/src/core/tcp.c.obj
                0x10009edc                tcp_fasttmr
 .text.tcp_tmr  0x10009f74       0x20 CMakeFiles/final_project_embarcatech.dir/C_/Users/ferre/.pico-sdk/sdk/2.1.1/lib/lwip/src/core/tcp.c.obj
                0x10009f74                tcp_tmr
 .text.tcp_close
                0x10009f94      0x170 CMakeFiles/final_project_embarcatech.dir/C_/Users/ferre/.pico-sdk/sdk/2.1.1/lib/lwip/src/core/tcp.c.obj
                0x10009f94                tcp_close
 .text.tcp_eff_send_mss_netif
                0x1000a104       0x34 CMakeFiles/final_project_embarcatech.dir/C_/Users/ferre/.pico-sdk/sdk/2.1.1/lib/lwip/src/core/tcp.c.obj
                0x1000a104                tcp_eff_send_mss_netif
 .text.tcp_netif_ip_addr_changed
                0x1000a138       0x94 CMakeFiles/final_project_embarcatech.dir/C_/Users/ferre/.pico-sdk/sdk/2.1.1/lib/lwip/src/core/tcp.c.obj
                0x1000a138                tcp_netif_ip_addr_changed
 .text.tcp_free_ooseq
                0x1000a1cc       0x40 CMakeFiles/final_project_embarcatech.dir/C_/Users/ferre/.pico-sdk/sdk/2.1.1/lib/lwip/src/core/tcp.c.obj
                0x1000a1cc                tcp_free_ooseq
 .text.tcp_trigger_input_pcb_close
                0x1000a20c       0x10 CMakeFiles/final_project_embarcatech.dir/C_/Users/ferre/.pico-sdk/sdk/2.1.1/lib/lwip/src/core/tcp_in.c.obj
                0x1000a20c                tcp_trigger_input_pcb_close
 .text.tcp_create_segment
                0x1000a21c       0xe8 CMakeFiles/final_project_embarcatech.dir/C_/Users/ferre/.pico-sdk/sdk/2.1.1/lib/lwip/src/core/tcp_out.c.obj
 .text.tcp_output_control_segment
                0x1000a304       0xb4 CMakeFiles/final_project_embarcatech.dir/C_/Users/ferre/.pico-sdk/sdk/2.1.1/lib/lwip/src/core/tcp_out.c.obj
 .text.tcp_write
                0x1000a3b8      0x470 CMakeFiles/final_project_embarcatech.dir/C_/Users/ferre/.pico-sdk/sdk/2.1.1/lib/lwip/src/core/tcp_out.c.obj
                0x1000a3b8                tcp_write
 .text.tcp_split_unsent_seg
                0x1000a828      0x1b4 CMakeFiles/final_project_embarcatech.dir/C_/Users/ferre/.pico-sdk/sdk/2.1.1/lib/lwip/src/core/tcp_out.c.obj
                0x1000a828                tcp_split_unsent_seg
 .text.tcp_send_fin
                0x1000a9dc      0x118 CMakeFiles/final_project_embarcatech.dir/C_/Users/ferre/.pico-sdk/sdk/2.1.1/lib/lwip/src/core/tcp_out.c.obj
                0x1000a9dc                tcp_send_fin
 .text.tcp_rexmit_rto_prepare
                0x1000aaf4       0x9c CMakeFiles/final_project_embarcatech.dir/C_/Users/ferre/.pico-sdk/sdk/2.1.1/lib/lwip/src/core/tcp_out.c.obj
                0x1000aaf4                tcp_rexmit_rto_prepare
 .text.tcp_rst  0x1000ab90       0xe8 CMakeFiles/final_project_embarcatech.dir/C_/Users/ferre/.pico-sdk/sdk/2.1.1/lib/lwip/src/core/tcp_out.c.obj
                0x1000ab90                tcp_rst
 .text.tcp_send_empty_ack
                0x1000ac78       0xf0 CMakeFiles/final_project_embarcatech.dir/C_/Users/ferre/.pico-sdk/sdk/2.1.1/lib/lwip/src/core/tcp_out.c.obj
                0x1000ac78                tcp_send_empty_ack
 .text.tcp_output
                0x1000ad68      0x44c CMakeFiles/final_project_embarcatech.dir/C_/Users/ferre/.pico-sdk/sdk/2.1.1/lib/lwip/src/core/tcp_out.c.obj
                0x1000ad68                tcp_output
 .text.tcp_rexmit_rto_commit
                0x1000b1b4       0x24 CMakeFiles/final_project_embarcatech.dir/C_/Users/ferre/.pico-sdk/sdk/2.1.1/lib/lwip/src/core/tcp_out.c.obj
                0x1000b1b4                tcp_rexmit_rto_commit
 .text.tcp_keepalive
                0x1000b1d8       0xdc CMakeFiles/final_project_embarcatech.dir/C_/Users/ferre/.pico-sdk/sdk/2.1.1/lib/lwip/src/core/tcp_out.c.obj
                0x1000b1d8                tcp_keepalive
 .text.tcp_zero_window_probe
                0x1000b2b4      0x1a8 CMakeFiles/final_project_embarcatech.dir/C_/Users/ferre/.pico-sdk/sdk/2.1.1/lib/lwip/src/core/tcp_out.c.obj
                0x1000b2b4                tcp_zero_window_probe
 .text.tcpip_tcp_timer
                0x1000b45c       0x78 CMakeFiles/final_project_embarcatech.dir/C_/Users/ferre/.pico-sdk/sdk/2.1.1/lib/lwip/src/core/timeouts.c.obj
 .text.lwip_cyclic_timer
                0x1000b4d4       0x98 CMakeFiles/final_project_embarcatech.dir/C_/Users/ferre/.pico-sdk/sdk/2.1.1/lib/lwip/src/core/timeouts.c.obj
 .text.tcp_timer_needed
                0x1000b56c       0x7c CMakeFiles/final_project_embarcatech.dir/C_/Users/ferre/.pico-sdk/sdk/2.1.1/lib/lwip/src/core/timeouts.c.obj
                0x1000b56c                tcp_timer_needed
 .text.sys_timeouts_init
                0x1000b5e8       0x8c CMakeFiles/final_project_embarcatech.dir/C_/Users/ferre/.pico-sdk/sdk/2.1.1/lib/lwip/src/core/timeouts.c.obj
                0x1000b5e8                sys_timeouts_init
 .text.sys_check_timeouts
                0x1000b674       0x68 CMakeFiles/final_project_embarcatech.dir/C_/Users/ferre/.pico-sdk/sdk/2.1.1/lib/lwip/src/core/timeouts.c.obj
                0x1000b674                sys_check_timeouts
 .text.sys_timeouts_sleeptime
                0x1000b6dc       0x28 CMakeFiles/final_project_embarcatech.dir/C_/Users/ferre/.pico-sdk/sdk/2.1.1/lib/lwip/src/core/timeouts.c.obj
                0x1000b6dc                sys_timeouts_sleeptime
 .text.udp_init
                0x1000b704       0x20 CMakeFiles/final_project_embarcatech.dir/C_/Users/ferre/.pico-sdk/sdk/2.1.1/lib/lwip/src/core/udp.c.obj
                0x1000b704                udp_init
 .text.udp_bind
                0x1000b724      0x10c CMakeFiles/final_project_embarcatech.dir/C_/Users/ferre/.pico-sdk/sdk/2.1.1/lib/lwip/src/core/udp.c.obj
                0x1000b724                udp_bind
 .text.udp_sendto_if_src
                0x1000b830      0x130 CMakeFiles/final_project_embarcatech.dir/C_/Users/ferre/.pico-sdk/sdk/2.1.1/lib/lwip/src/core/udp.c.obj
                0x1000b830                udp_sendto_if_src
 .text.udp_sendto_if
                0x1000b960       0x48 CMakeFiles/final_project_embarcatech.dir/C_/Users/ferre/.pico-sdk/sdk/2.1.1/lib/lwip/src/core/udp.c.obj
                0x1000b960                udp_sendto_if
 .text.udp_sendto
                0x1000b9a8       0x78 CMakeFiles/final_project_embarcatech.dir/C_/Users/ferre/.pico-sdk/sdk/2.1.1/lib/lwip/src/core/udp.c.obj
                0x1000b9a8                udp_sendto
 .text.udp_connect
                0x1000ba20       0x5c CMakeFiles/final_project_embarcatech.dir/C_/Users/ferre/.pico-sdk/sdk/2.1.1/lib/lwip/src/core/udp.c.obj
                0x1000ba20                udp_connect
 .text.udp_recv
                0x1000ba7c        0xc CMakeFiles/final_project_embarcatech.dir/C_/Users/ferre/.pico-sdk/sdk/2.1.1/lib/lwip/src/core/udp.c.obj
                0x1000ba7c                udp_recv
 .text.udp_remove
                0x1000ba88       0x3c CMakeFiles/final_project_embarcatech.dir/C_/Users/ferre/.pico-sdk/sdk/2.1.1/lib/lwip/src/core/udp.c.obj
                0x1000ba88                udp_remove
 .text.udp_new  0x1000bac4       0x1c CMakeFiles/final_project_embarcatech.dir/C_/Users/ferre/.pico-sdk/sdk/2.1.1/lib/lwip/src/core/udp.c.obj
                0x1000bac4                udp_new
 .text.udp_netif_ip_addr_changed
                0x1000bae0       0x40 CMakeFiles/final_project_embarcatech.dir/C_/Users/ferre/.pico-sdk/sdk/2.1.1/lib/lwip/src/core/udp.c.obj
                0x1000bae0                udp_netif_ip_addr_changed
 .text.dhcp_create_msg
                0x1000bb20      0x160 CMakeFiles/final_project_embarcatech.dir/C_/Users/ferre/.pico-sdk/sdk/2.1.1/lib/lwip/src/core/ipv4/dhcp.c.obj
 .text.dhcp_inc_pcb_refcount
                0x1000bc80       0x6c CMakeFiles/final_project_embarcatech.dir/C_/Users/ferre/.pico-sdk/sdk/2.1.1/lib/lwip/src/core/ipv4/dhcp.c.obj
 .text.dhcp_bind
                0x1000bcec      0x144 CMakeFiles/final_project_embarcatech.dir/C_/Users/ferre/.pico-sdk/sdk/2.1.1/lib/lwip/src/core/ipv4/dhcp.c.obj
 .text.dhcp_option_hostname.isra.0
                0x1000be30       0x74 CMakeFiles/final_project_embarcatech.dir/C_/Users/ferre/.pico-sdk/sdk/2.1.1/lib/lwip/src/core/ipv4/dhcp.c.obj
 .text.dhcp_handle_ack.isra.0
                0x1000bea4       0xcc CMakeFiles/final_project_embarcatech.dir/C_/Users/ferre/.pico-sdk/sdk/2.1.1/lib/lwip/src/core/ipv4/dhcp.c.obj
 .text.dhcp_reboot.isra.0
                0x1000bf70      0x17c CMakeFiles/final_project_embarcatech.dir/C_/Users/ferre/.pico-sdk/sdk/2.1.1/lib/lwip/src/core/ipv4/dhcp.c.obj
 .text.dhcp_discover.isra.0
                0x1000c0ec      0x138 CMakeFiles/final_project_embarcatech.dir/C_/Users/ferre/.pico-sdk/sdk/2.1.1/lib/lwip/src/core/ipv4/dhcp.c.obj
 .text.dhcp_select.isra.0
                0x1000c224      0x1e0 CMakeFiles/final_project_embarcatech.dir/C_/Users/ferre/.pico-sdk/sdk/2.1.1/lib/lwip/src/core/ipv4/dhcp.c.obj
 .text.dhcp_recv
                0x1000c404      0x4a8 CMakeFiles/final_project_embarcatech.dir/C_/Users/ferre/.pico-sdk/sdk/2.1.1/lib/lwip/src/core/ipv4/dhcp.c.obj
 .text.dhcp_start
                0x1000c8ac       0xa8 CMakeFiles/final_project_embarcatech.dir/C_/Users/ferre/.pico-sdk/sdk/2.1.1/lib/lwip/src/core/ipv4/dhcp.c.obj
                0x1000c8ac                dhcp_start
 .text.dhcp_network_changed_link_up
                0x1000c954       0x40 CMakeFiles/final_project_embarcatech.dir/C_/Users/ferre/.pico-sdk/sdk/2.1.1/lib/lwip/src/core/ipv4/dhcp.c.obj
                0x1000c954                dhcp_network_changed_link_up
 .text.dhcp_renew
                0x1000c994      0x13c CMakeFiles/final_project_embarcatech.dir/C_/Users/ferre/.pico-sdk/sdk/2.1.1/lib/lwip/src/core/ipv4/dhcp.c.obj
                0x1000c994                dhcp_renew
 .text.dhcp_release_and_stop
                0x1000cad0      0x158 CMakeFiles/final_project_embarcatech.dir/C_/Users/ferre/.pico-sdk/sdk/2.1.1/lib/lwip/src/core/ipv4/dhcp.c.obj
                0x1000cad0                dhcp_release_and_stop
 .text.dhcp_coarse_tmr
                0x1000cc28      0x1e0 CMakeFiles/final_project_embarcatech.dir/C_/Users/ferre/.pico-sdk/sdk/2.1.1/lib/lwip/src/core/ipv4/dhcp.c.obj
                0x1000cc28                dhcp_coarse_tmr
 .text.dhcp_fine_tmr
                0x1000ce08       0x78 CMakeFiles/final_project_embarcatech.dir/C_/Users/ferre/.pico-sdk/sdk/2.1.1/lib/lwip/src/core/ipv4/dhcp.c.obj
                0x1000ce08                dhcp_fine_tmr
 .text.dhcp_stop
                0x1000ce80      0x158 CMakeFiles/final_project_embarcatech.dir/C_/Users/ferre/.pico-sdk/sdk/2.1.1/lib/lwip/src/core/ipv4/dhcp.c.obj
                0x1000ce80                dhcp_stop
 .text.etharp_raw
                0x1000cfd8       0xec CMakeFiles/final_project_embarcatech.dir/C_/Users/ferre/.pico-sdk/sdk/2.1.1/lib/lwip/src/core/ipv4/etharp.c.obj
 .text.etharp_tmr
                0x1000d0c4       0x94 CMakeFiles/final_project_embarcatech.dir/C_/Users/ferre/.pico-sdk/sdk/2.1.1/lib/lwip/src/core/ipv4/etharp.c.obj
                0x1000d0c4                etharp_tmr
 .text.etharp_cleanup_netif
                0x1000d158      0x188 CMakeFiles/final_project_embarcatech.dir/C_/Users/ferre/.pico-sdk/sdk/2.1.1/lib/lwip/src/core/ipv4/etharp.c.obj
                0x1000d158                etharp_cleanup_netif
 .text.etharp_request
                0x1000d2e0       0x2c CMakeFiles/final_project_embarcatech.dir/C_/Users/ferre/.pico-sdk/sdk/2.1.1/lib/lwip/src/core/ipv4/etharp.c.obj
                0x1000d2e0                etharp_request
 .text.icmp_time_exceeded
                0x1000d30c       0xcc CMakeFiles/final_project_embarcatech.dir/C_/Users/ferre/.pico-sdk/sdk/2.1.1/lib/lwip/src/core/ipv4/icmp.c.obj
                0x1000d30c                icmp_time_exceeded
 .text.ip_reass_free_complete_datagram
                0x1000d3d8      0x11c CMakeFiles/final_project_embarcatech.dir/C_/Users/ferre/.pico-sdk/sdk/2.1.1/lib/lwip/src/core/ipv4/ip4_frag.c.obj
 .text.ip_reass_tmr
                0x1000d4f4       0x30 CMakeFiles/final_project_embarcatech.dir/C_/Users/ferre/.pico-sdk/sdk/2.1.1/lib/lwip/src/core/ipv4/ip4_frag.c.obj
                0x1000d4f4                ip_reass_tmr
 .text.ip4_frag
                0x1000d524      0x254 CMakeFiles/final_project_embarcatech.dir/C_/Users/ferre/.pico-sdk/sdk/2.1.1/lib/lwip/src/core/ipv4/ip4_frag.c.obj
                0x1000d524                ip4_frag
 .text.ip4_route
                0x1000d778       0x7c CMakeFiles/final_project_embarcatech.dir/C_/Users/ferre/.pico-sdk/sdk/2.1.1/lib/lwip/src/core/ipv4/ip4.c.obj
                0x1000d778                ip4_route
 .text.ip4_output_if
                0x1000d7f4      0x190 CMakeFiles/final_project_embarcatech.dir/C_/Users/ferre/.pico-sdk/sdk/2.1.1/lib/lwip/src/core/ipv4/ip4.c.obj
                0x1000d7f4                ip4_output_if
 .text.ip4_output_if_src
                0x1000d984      0x184 CMakeFiles/final_project_embarcatech.dir/C_/Users/ferre/.pico-sdk/sdk/2.1.1/lib/lwip/src/core/ipv4/ip4.c.obj
                0x1000d984                ip4_output_if_src
 .text.ethernet_output
                0x1000db08       0x6c CMakeFiles/final_project_embarcatech.dir/C_/Users/ferre/.pico-sdk/sdk/2.1.1/lib/lwip/src/netif/ethernet.c.obj
                0x1000db08                ethernet_output
 .text.cyw43_arch_wifi_connect_bssid_until.part.0
                0x1000db74      0x150 CMakeFiles/final_project_embarcatech.dir/C_/Users/ferre/.pico-sdk/sdk/2.1.1/src/rp2_common/pico_cyw43_arch/cyw43_arch.c.obj
 .text.cyw43_arch_set_async_context
                0x1000dcc4        0xc CMakeFiles/final_project_embarcatech.dir/C_/Users/ferre/.pico-sdk/sdk/2.1.1/src/rp2_common/pico_cyw43_arch/cyw43_arch.c.obj
                0x1000dcc4                cyw43_arch_set_async_context